Component: ARM Compiler 5.06 update 1 (build 61) Tool: armlink [4d35a8]

==============================================================================

Section Cross References

    startup_stm32f407xx.o(RESET) refers to startup_stm32f407xx.o(STACK) for __initial_sp
    startup_stm32f407xx.o(RESET) refers to startup_stm32f407xx.o(.text) for Reset_Handler
    startup_stm32f407xx.o(RESET) refers to stm32f4xx_it.o(i.NMI_Handler) for NMI_Handler
    startup_stm32f407xx.o(RESET) refers to stm32f4xx_it.o(i.HardFault_Handler) for HardFault_Handler
    startup_stm32f407xx.o(RESET) refers to stm32f4xx_it.o(i.MemManage_Handler) for MemManage_Handler
    startup_stm32f407xx.o(RESET) refers to stm32f4xx_it.o(i.BusFault_Handler) for BusFault_Handler
    startup_stm32f407xx.o(RESET) refers to stm32f4xx_it.o(i.UsageFault_Handler) for UsageFault_Handler
    startup_stm32f407xx.o(RESET) refers to port.o(.emb_text) for SVC_Handler
    startup_stm32f407xx.o(RESET) refers to stm32f4xx_it.o(i.DebugMon_Handler) for DebugMon_Handler
    startup_stm32f407xx.o(RESET) refers to cmsis_os2.o(i.SysTick_Handler) for SysTick_Handler
    startup_stm32f407xx.o(RESET) refers to stm32f4xx_it.o(i.TIM7_IRQHandler) for TIM7_IRQHandler
    startup_stm32f407xx.o(.text) refers to system_stm32f4xx.o(i.SystemInit) for SystemInit
    startup_stm32f407xx.o(.text) refers to entry.o(.ARM.Collect$$$$00000000) for __main
    simsun_16.o(.constdata) refers to simsun_16.o(.constdata) for acFontHZSimSun_16_0020
    simsun_16.o(.constdata) refers to simsun_16.o(.constdata) for acFontHZSimSun_16_0021
    simsun_16.o(.constdata) refers to simsun_16.o(.constdata) for acFontHZSimSun_16_0022
    simsun_16.o(.constdata) refers to simsun_16.o(.constdata) for acFontHZSimSun_16_0023
    simsun_16.o(.constdata) refers to simsun_16.o(.constdata) for acFontHZSimSun_16_0024
    simsun_16.o(.constdata) refers to simsun_16.o(.constdata) for acFontHZSimSun_16_0025
    simsun_16.o(.constdata) refers to simsun_16.o(.constdata) for acFontHZSimSun_16_0026
    simsun_16.o(.constdata) refers to simsun_16.o(.constdata) for acFontHZSimSun_16_0027
    simsun_16.o(.constdata) refers to simsun_16.o(.constdata) for acFontHZSimSun_16_0028
    simsun_16.o(.constdata) refers to simsun_16.o(.constdata) for acFontHZSimSun_16_0029
    simsun_16.o(.constdata) refers to simsun_16.o(.constdata) for acFontHZSimSun_16_002a
    simsun_16.o(.constdata) refers to simsun_16.o(.constdata) for acFontHZSimSun_16_002b
    simsun_16.o(.constdata) refers to simsun_16.o(.constdata) for acFontHZSimSun_16_002c
    simsun_16.o(.constdata) refers to simsun_16.o(.constdata) for acFontHZSimSun_16_002d
    simsun_16.o(.constdata) refers to simsun_16.o(.constdata) for acFontHZSimSun_16_002e
    simsun_16.o(.constdata) refers to simsun_16.o(.constdata) for acFontHZSimSun_16_002f
    simsun_16.o(.constdata) refers to simsun_16.o(.constdata) for acFontHZSimSun_16_0030
    simsun_16.o(.constdata) refers to simsun_16.o(.constdata) for acFontHZSimSun_16_0031
    simsun_16.o(.constdata) refers to simsun_16.o(.constdata) for acFontHZSimSun_16_0032
    simsun_16.o(.constdata) refers to simsun_16.o(.constdata) for acFontHZSimSun_16_0033
    simsun_16.o(.constdata) refers to simsun_16.o(.constdata) for acFontHZSimSun_16_0034
    simsun_16.o(.constdata) refers to simsun_16.o(.constdata) for acFontHZSimSun_16_0035
    simsun_16.o(.constdata) refers to simsun_16.o(.constdata) for acFontHZSimSun_16_0036
    simsun_16.o(.constdata) refers to simsun_16.o(.constdata) for acFontHZSimSun_16_0037
    simsun_16.o(.constdata) refers to simsun_16.o(.constdata) for acFontHZSimSun_16_0038
    simsun_16.o(.constdata) refers to simsun_16.o(.constdata) for acFontHZSimSun_16_0039
    simsun_16.o(.constdata) refers to simsun_16.o(.constdata) for acFontHZSimSun_16_003a
    simsun_16.o(.constdata) refers to simsun_16.o(.constdata) for acFontHZSimSun_16_003b
    simsun_16.o(.constdata) refers to simsun_16.o(.constdata) for acFontHZSimSun_16_003c
    simsun_16.o(.constdata) refers to simsun_16.o(.constdata) for acFontHZSimSun_16_003d
    simsun_16.o(.constdata) refers to simsun_16.o(.constdata) for acFontHZSimSun_16_003e
    simsun_16.o(.constdata) refers to simsun_16.o(.constdata) for acFontHZSimSun_16_003f
    simsun_16.o(.constdata) refers to simsun_16.o(.constdata) for acFontHZSimSun_16_0040
    simsun_16.o(.constdata) refers to simsun_16.o(.constdata) for acFontHZSimSun_16_0041
    simsun_16.o(.constdata) refers to simsun_16.o(.constdata) for acFontHZSimSun_16_0042
    simsun_16.o(.constdata) refers to simsun_16.o(.constdata) for acFontHZSimSun_16_0043
    simsun_16.o(.constdata) refers to simsun_16.o(.constdata) for acFontHZSimSun_16_0044
    simsun_16.o(.constdata) refers to simsun_16.o(.constdata) for acFontHZSimSun_16_0045
    simsun_16.o(.constdata) refers to simsun_16.o(.constdata) for acFontHZSimSun_16_0046
    simsun_16.o(.constdata) refers to simsun_16.o(.constdata) for acFontHZSimSun_16_0047
[...]
    .constdata                               0x080048b4   Section       16  system_stm32f4xx.o(.constdata)
    .constdata                               0x080048c4   Section        8  system_stm32f4xx.o(.constdata)
    .constdata                               0x080048cc   Section      760  f08_ascii.o(.constdata)
    .constdata                               0x08004bc4   Section      760  f08_ascii.o(.constdata)
    .constdata                               0x08004ebc   Section       12  f08_ascii.o(.constdata)
    .constdata                               0x08004ec8   Section       32  f08_ascii.o(.constdata)
    .conststring                             0x08004ee8   Section       28  freertos.o(.conststring)
    .data                                    0x20000000   Section       24  freertos.o(.data)
    tick_title                               0x20000004   Data           4  freertos.o(.data)
    tick_info                                0x20000008   Data           4  freertos.o(.data)
    .data                                    0x20000018   Section       12  stm32f4xx_hal.o(.data)
    .data                                    0x20000024   Section        4  system_stm32f4xx.o(.data)
    .data                                    0x20000028   Section       60  tasks.o(.data)
    uxDeletedTasksWaitingCleanUp             0x2000002c   Data           4  tasks.o(.data)
    uxCurrentNumberOfTasks                   0x20000030   Data           4  tasks.o(.data)
    xTickCount                               0x20000034   Data           4  tasks.o(.data)
    uxTopReadyPriority                       0x20000038   Data           4  tasks.o(.data)
    xSchedulerRunning                        0x2000003c   Data           4  tasks.o(.data)
    xPendedTicks                             0x20000040   Data           4  tasks.o(.data)
    xYieldPending                            0x20000044   Data           4  tasks.o(.data)
    xNumOfOverflows                          0x20000048   Data           4  tasks.o(.data)
    uxTaskNumber                             0x2000004c   Data           4  tasks.o(.data)
    xNextTaskUnblockTime                     0x20000050   Data           4  tasks.o(.data)
    xIdleTaskHandle                          0x20000054   Data           4  tasks.o(.data)
    uxSchedulerSuspended                     0x20000058   Data           4  tasks.o(.data)
    pxDelayedTaskList                        0x2000005c   Data           4  tasks.o(.data)
    pxOverflowDelayedTaskList                0x20000060   Data           4  tasks.o(.data)
    .data                                    0x20000064   Section       20  timers.o(.data)
    xTimerQueue                              0x20000064   Data           4  timers.o(.data)
    xTimerTaskHandle                         0x20000068   Data           4  timers.o(.data)
    xLastTime                                0x2000006c   Data           4  timers.o(.data)
    pxCurrentTimerList                       0x20000070   Data           4  timers.o(.data)
    pxOverflowTimerList                      0x20000074   Data           4  timers.o(.data)
    .data                                    0x20000078   Section        4  cmsis_os2.o(.data)
    KernelState                              0x20000078   Data           4  cmsis_os2.o(.data)
    .data                                    0x2000007c   Section       32  heap_4.o(.data)
    pxEnd                                    0x2000007c   Data           4  heap_4.o(.data)
    xFreeBytesRemaining                      0x20000080   Data           4  heap_4.o(.data)
    xMinimumEverFreeBytesRemaining           0x20000084   Data           4  heap_4.o(.data)
    xNumberOfSuccessfulAllocations           0x20000088   Data           4  heap_4.o(.data)
    xNumberOfSuccessfulFrees                 0x2000008c   Data           4  heap_4.o(.data)
    xBlockAllocatedBit                       0x20000090   Data           4  heap_4.o(.data)
    xStart                                   0x20000094   Data           8  heap_4.o(.data)
    .data                                    0x2000009c   Section       12  port.o(.data)
    ucMaxSysCallPriority                     0x2000009c   Data           1  port.o(.data)
    uxCriticalNesting                        0x200000a0   Data           4  port.o(.data)
    ulMaxPRIGROUPValue                       0x200000a4   Data           4  port.o(.data)
    .data                                    0x200000a8   Section        1  guislim.o(.data)
    .data                                    0x200000aa   Section        6  ssd1306.o(.data)
    SSD1306                                  0x200000aa   Data           6  ssd1306.o(.data)
    .data                                    0x200000b0   Section        1  user_diskio.o(.data)
    Stat                                     0x200000b0   Data           1  user_diskio.o(.data)
    .data                                    0x200000b4   Section       20  user_diskio.o(.data)
    .data                                    0x200000c8   Section        5  fatfs.o(.data)
    .bss                                     0x200000d0   Section       72  stm32f4xx_hal_timebase_tim.o(.bss)
    .bss                                     0x20000118   Section       64  queue.o(.bss)
    .bss                                     0x20000158   Section     1220  tasks.o(.bss)
    pxReadyTasksLists                        0x20000158   Data        1120  tasks.o(.bss)
    xDelayedTaskList1                        0x200005b8   Data          20  tasks.o(.bss)
    xDelayedTaskList2                        0x200005cc   Data          20  tasks.o(.bss)
    xPendingReadyList                        0x200005e0   Data          20  tasks.o(.bss)
    xTasksWaitingTermination                 0x200005f4   Data          20  tasks.o(.bss)
    xSuspendedTaskList                       0x20000608   Data          20  tasks.o(.bss)
    .bss                                     0x2000061c   Section      280  timers.o(.bss)
    xStaticTimerQueue                        0x2000061c   Data          80  timers.o(.bss)
    ucStaticTimerQueueStorage                0x2000066c   Data         160  timers.o(.bss)
    xActiveTimerList1                        0x2000070c   Data          20  timers.o(.bss)
    xActiveTimerList2                        0x20000720   Data          20  timers.o(.bss)
    .bss                                     0x20000734   Section     1720  cmsis_os2.o(.bss)
    Idle_TCB                                 0x20000734   Data          92  cmsis_os2.o(.bss)
    Idle_Stack                               0x20000790   Data         512  cmsis_os2.o(.bss)
    Timer_TCB                                0x20000990   Data          92  cmsis_os2.o(.bss)
    Timer_Stack                              0x200009ec   Data        1024  cmsis_os2.o(.bss)
    .bss                                     0x20000dec   Section    15360  heap_4.o(.bss)
    ucHeap                                   0x20000dec   Data       15360  heap_4.o(.bss)
    .bss                                     0x200049ec   Section       32  guislim.o(.bss)
    .bss                                     0x20004a0c   Section     1024  ssd1306.o(.bss)
    SSD1306_Buffer                           0x20004a0c   Data        1024  ssd1306.o(.bss)
    .bss                                     0x20004e0c   Section       12  ff_gen_drv.o(.bss)
    STACK                                    0x20004e18   Section     1024  startup_stm32f407xx.o(STACK)

    Global Symbols

    Symbol Name                              Value     Ov Type        Size  Object(Section)

    BuildAttributes$$THM_ISAv4$E$P$D$K$B$S$7EM$VFPi3$EXTD16$VFPS$VFMA$PE$A:L22UL41UL21$X:L11$S22US41US21$IEEE1$IW$USESV6$~STKCKD$USESV7$~SHL$OSPACE$EBA8$MICROLIB$REQ8$PRES8$EABIv2 0x00000000   Number         0  anon$$obj.o ABSOLUTE
    __ARM_use_no_argv                        0x00000000   Number         0  main.o ABSOLUTE
    __cpp_initialize__aeabi_                  - Undefined Weak Reference
    __cxa_finalize                            - Undefined Weak Reference
    __decompress                              - Undefined Weak Reference
    _clock_init                               - Undefined Weak Reference
    _microlib_exit                            - Undefined Weak Reference
    __Vectors_Size                           0x00000188   Number         0  startup_stm32f407xx.o ABSOLUTE
    __Vectors                                0x08000000   Data           4  startup_stm32f407xx.o(RESET)
    __Vectors_End                            0x08000188   Data           0  startup_stm32f407xx.o(RESET)
    __main                                   0x08000189   Thumb Code     0  entry.o(.ARM.Collect$$$$00000000)
    _main_stk                                0x08000189   Thumb Code     0  entry2.o(.ARM.Collect$$$$00000001)
    _main_scatterload                        0x0800018d   Thumb Code     0  entry5.o(.ARM.Collect$$$$00000004)
    __main_after_scatterload                 0x08000191   Thumb Code     0  entry5.o(.ARM.Collect$$$$00000004)
    _main_clock                              0x08000191   Thumb Code     0  entry7b.o(.ARM.Collect$$$$00000008)
    _main_cpp_init                           0x08000191   Thumb Code     0  entry8b.o(.ARM.Collect$$$$0000000A)
    _main_init                               0x08000191   Thumb Code     0  entry9a.o(.ARM.Collect$$$$0000000B)
    __rt_final_cpp                           0x08000199   Thumb Code     0  entry10a.o(.ARM.Collect$$$$0000000D)
    __rt_final_exit                          0x08000199   Thumb Code     0  entry11a.o(.ARM.Collect$$$$0000000F)
    SVC_Handler                              0x0800019d   Thumb Code    28  port.o(.emb_text)
    __asm___6_port_c_39a90d8d__prvStartFirstTask 0x080001bd   Thumb Code    36  port.o(.emb_text)
    __asm___6_port_c_39a90d8d__prvEnableVFP  0x080001e5   Thumb Code    16  port.o(.emb_text)
    PendSV_Handler                           0x080001f9   Thumb Code    88  port.o(.emb_text)
    vPortGetIPSR                             0x08000255   Thumb Code     6  port.o(.emb_text)
    Reset_Handler                            0x0800025d   Thumb Code     8  startup_stm32f407xx.o(.text)
    ADC_IRQHandler                           0x08000277   Thumb Code     0  startup_stm32f407xx.o(.text)
    CAN1_RX0_IRQHandler                      0x08000277   Thumb Code     0  startup_stm32f407xx.o(.text)
    CAN1_RX1_IRQHandler                      0x08000277   Thumb Code     0  startup_stm32f407xx.o(.text)
    CAN1_SCE_IRQHandler                      0x08000277   Thumb Code     0  startup_stm32f407xx.o(.text)
    CAN1_TX_IRQHandler                       0x08000277   Thumb Code     0  startup_stm32f407xx.o(.text)
    CAN2_RX0_IRQHandler                      0x08000277   Thumb Code     0  startup_stm32f407xx.o(.text)
    CAN2_RX1_IRQHandler                      0x08000277   Thumb Code     0  startup_stm32f407xx.o(.text)
    CAN2_SCE_IRQHandler                      0x08000277   Thumb Code     0  startup_stm32f407xx.o(.text)
    CAN2_TX_IRQHandler                       0x08000277   Thumb Code     0  startup_stm32f407xx.o(.text)
    DCMI_IRQHandler                          0x08000277   Thumb Code     0  startup_stm32f407xx.o(.text)
    DMA1_Stream0_IRQHandler                  0x08000277   Thumb Code     0  startup_stm32f407xx.o(.text)
    DMA1_Stream1_IRQHandler                  0x08000277   Thumb Code     0  startup_stm32f407xx.o(.text)
    DMA1_Stream2_IRQHandler                  0x08000277   Thumb Code     0  startup_stm32f407xx.o(.text)
    DMA1_Stream3_IRQHandler                  0x08000277   Thumb Code     0  startup_stm32f407xx.o(.text)
    DMA1_Stream4_IRQHandler                  0x08000277   Thumb Code     0  startup_stm32f407xx.o(.text)
    DMA1_Stream5_IRQHandler                  0x08000277   Thumb Code     0  startup_stm32f407xx.o(.text)
    DMA1_Stream6_IRQHandler                  0x08000277   Thumb Code     0  startup_stm32f407xx.o(.text)
    DMA1_Stream7_IRQHandler                  0x08000277   Thumb Code     0  startup_stm32f407xx.o(.text)
    DMA2_Stream0_IRQHandler                  0x08000277   Thumb Code     0  startup_stm32f407xx.o(.text)
    DMA2_Stream1_IRQHandler                  0x08000277   Thumb Code     0  startup_stm32f407xx.o(.text)
    DMA2_Stream2_IRQHandler                  0x08000277   Thumb Code     0  startup_stm32f407xx.o(.text)
    DMA2_Stream3_IRQHandler                  0x08000277   Thumb Code     0  startup_stm32f407xx.o(.text)
    DMA2_Stream4_IRQHandler                  0x08000277   Thumb Code     0  startup_stm32f407xx.o(.text)
    DMA2_Stream5_IRQHandler                  0x08000277   Thumb Code     0  startup_stm32f407xx.o(.text)
    DMA2_Stream6_IRQHandler                  0x08000277   Thumb Code     0  startup_stm32f407xx.o(.text)
    DMA2_Stream7_IRQHandler                  0x08000277   Thumb Code     0  startup_stm32f407xx.o(.text)
    ETH_IRQHandler                           0x08000277   Thumb Code     0  startup_stm32f407xx.o(.text)
    ETH_WKUP_IRQHandler                      0x08000277   Thumb Code     0  startup_stm32f407xx.o(.text)
    EXTI0_IRQHandler                         0x08000277   Thumb Code     0  startup_stm32f407xx.o(.text)
    EXTI15_10_IRQHandler                     0x08000277   Thumb Code     0  startup_stm32f407xx.o(.text)
    EXTI1_IRQHandler                         0x08000277   Thumb Code     0  startup_stm32f407xx.o(.text)
    EXTI2_IRQHandler                         0x08000277   Thumb Code     0  startup_stm32f407xx.o(.text)
    EXTI3_IRQHandler                         0x08000277   Thumb Code     0  startup_stm32f407xx.o(.text)
    EXTI4_IRQHandler                         0x08000277   Thumb Code     0  startup_stm32f407xx.o(.text)
    EXTI9_5_IRQHandler                       0x08000277   Thumb Code     0  startup_stm32f407xx.o(.text)
    FLASH_IRQHandler                         0x08000277   Thumb Code     0  startup_stm32f407xx.o(.text)
    FMC_IRQHandler                           0x08000277   Thumb Code     0  startup_stm32f407xx.o(.text)
    FPU_IRQHandler                           0x08000277   Thumb Code     0  startup_stm32f407xx.o(.text)
    HASH_RNG_IRQHandler                      0x08000277   Thumb Code     0  startup_stm32f407xx.o(.text)
    I2C1_ER_IRQHandler                       0x08000277   Thumb Code     0  startup_stm32f407xx.o(.text)
    I2C1_EV_IRQHandler                       0x08000277   Thumb Code     0  startup_stm32f407xx.o(.text)
    I2C2_ER_IRQHandler                       0x08000277   Thumb Code     0  startup_stm32f407xx.o(.text)
    I2C2_EV_IRQHandler                       0x08000277   Thumb Code     0  startup_stm32f407xx.o(.text)
    I2C3_ER_IRQHandler                       0x08000277   Thumb Code     0  startup_stm32f407xx.o(.text)
    I2C3_EV_IRQHandler                       0x08000277   Thumb Code     0  startup_stm32f407xx.o(.text)
    OTG_FS_IRQHandler                        0x08000277   Thumb Code     0  startup_stm32f407xx.o(.text)
    OTG_FS_WKUP_IRQHandler                   0x08000277   Thumb Code     0  startup_stm32f407xx.o(.text)
    OTG_HS_EP1_IN_IRQHandler                 0x08000277   Thumb Code     0  startup_stm32f407xx.o(.text)
    OTG_HS_EP1_OUT_IRQHandler                0x08000277   Thumb Code     0  startup_stm32f407xx.o(.text)
    OTG_HS_IRQHandler                        0x08000277   Thumb Code     0  startup_stm32f407xx.o(.text)
    OTG_HS_WKUP_IRQHandler                   0x08000277   Thumb Code     0  startup_stm32f407xx.o(.text)
    PVD_IRQHandler                           0x08000277   Thumb Code     0  startup_stm32f407xx.o(.text)
    RCC_IRQHandler                           0x08000277   Thumb Code     0  startup_stm32f407xx.o(.text)
    RTC_Alarm_IRQHandler                     0x08000277   Thumb Code     0  startup_stm32f407xx.o(.text)
    RTC_WKUP_IRQHandler                      0x08000277   Thumb Code     0  startup_stm32f407xx.o(.text)
    SDIO_IRQHandler                          0x08000277   Thumb Code     0  startup_stm32f407xx.o(.text)
    SPI1_IRQHandler                          0x08000277   Thumb Code     0  startup_stm32f407xx.o(.text)
    SPI2_IRQHandler                          0x08000277   Thumb Code     0  startup_stm32f407xx.o(.text)
    SPI3_IRQHandler                          0x08000277   Thumb Code     0  startup_stm32f407xx.o(.text)
    TAMP_STAMP_IRQHandler                    0x08000277   Thumb Code     0  startup_stm32f407xx.o(.text)
    TIM1_BRK_TIM9_IRQHandler                 0x08000277   Thumb Code     0  startup_stm32f407xx.o(.text)
    TIM1_CC_IRQHandler                       0x08000277   Thumb Code     0  startup_stm32f407xx.o(.text)
    TIM1_TRG_COM_TIM11_IRQHandler            0x08000277   Thumb Code     0  startup_stm32f407xx.o(.text)
    TIM1_UP_TIM10_IRQHandler                 0x08000277   Thumb Code     0  startup_stm32f407xx.o(.text)
    TIM2_IRQHandler                          0x08000277   Thumb Code     0  startup_stm32f407xx.o(.text)
    TIM3_IRQHandler                          0x08000277   Thumb Code     0  startup_stm32f407xx.o(.text)
    TIM4_IRQHandler                          0x08000277   Thumb Code     0  startup_stm32f407xx.o(.text)
    TIM5_IRQHandler                          0x08000277   Thumb Code     0  startup_stm32f407xx.o(.text)
    TIM6_DAC_IRQHandler                      0x08000277   Thumb Code     0  startup_stm32f407xx.o(.text)
    TIM8_BRK_TIM12_IRQHandler                0x08000277   Thumb Code     0  startup_stm32f407xx.o(.text)
    TIM8_CC_IRQHandler                       0x08000277   Thumb Code     0  startup_stm32f407xx.o(.text)
    TIM8_TRG_COM_TIM14_IRQHandler            0x08000277   Thumb Code     0  startup_stm32f407xx.o(.text)
    TIM8_UP_TIM13_IRQHandler                 0x08000277   Thumb Code     0  startup_stm32f407xx.o(.text)
    UART4_IRQHandler                         0x08000277   Thumb Code     0  startup_stm32f407xx.o(.text)
    UART5_IRQHandler                         0x08000277   Thumb Code     0  startup_stm32f407xx.o(.text)
    USART1_IRQHandler                        0x08000277   Thumb Code     0  startup_stm32f407xx.o(.text)
    USART2_IRQHandler                        0x08000277   Thumb Code     0  startup_stm32f407xx.o(.text)
    USART3_IRQHandler                        0x08000277   Thumb Code     0  startup_stm32f407xx.o(.text)
    USART6_IRQHandler                        0x08000277   Thumb Code     0  startup_stm32f407xx.o(.text)
    WWDG_IRQHandler                          0x08000277   Thumb Code     0  startup_stm32f407xx.o(.text)
    __aeabi_uldivmod                         0x08000281   Thumb Code    98  uldiv.o(.text)
    __aeabi_memcpy                           0x080002e3   Thumb Code    36  memcpya.o(.text)
    __aeabi_memcpy4                          0x080002e3   Thumb Code     0  memcpya.o(.text)
    __aeabi_memcpy8                          0x080002e3   Thumb Code     0  memcpya.o(.text)
    __aeabi_memset                           0x08000307   Thumb Code    14  memseta.o(.text)
    __aeabi_memset4                          0x08000307   Thumb Code     0  memseta.o(.text)
    __aeabi_memset8                          0x08000307   Thumb Code     0  memseta.o(.text)
    __aeabi_memclr                           0x08000315   Thumb Code     4  memseta.o(.text)
    __aeabi_memclr4                          0x08000315   Thumb Code     0  memseta.o(.text)
    __aeabi_memclr8                          0x08000315   Thumb Code     0  memseta.o(.text)
    memset                                   0x08000319   Thumb Code    18  memseta.o(.text)
    __aeabi_llsl                             0x0800032b   Thumb Code    30  llshl.o(.text)
    _ll_shift_l                              0x0800032b   Thumb Code     0  llshl.o(.text)
    __aeabi_llsr                             0x08000349   Thumb Code    32  llushr.o(.text)
    _ll_ushift_r                             0x08000349   Thumb Code     0  llushr.o(.text)
    __scatterload                            0x08000369   Thumb Code    28  init.o(.text)
    __scatterload_rt2                        0x08000369   Thumb Code     0  init.o(.text)
    BusFault_Handler                         0x0800038d   Thumb Code     2  stm32f4xx_it.o(i.BusFault_Handler)
    DebugMon_Handler                         0x0800038f   Thumb Code     2  stm32f4xx_it.o(i.DebugMon_Handler)
    DrawBitLine1BPP                          0x08000391   Thumb Code   354  guislim.o(i.DrawBitLine1BPP)
    FATFS_LinkDriver                         0x080004f9   Thumb Code     6  ff_gen_drv.o(i.FATFS_LinkDriver)
    FATFS_LinkDriverEx                       0x08000501   Thumb Code    58  ff_gen_drv.o(i.FATFS_LinkDriverEx)
    GL_DispChar                              0x08000541   Thumb Code    22  guislim.o(i.GL_DispChar)
    GUIPROP_DispChar                         0x0800055d   Thumb Code   122  guislim.o(i.GUIPROP_DispChar)
    GUIPROP_GetCharDistX                     0x080005f5   Thumb Code    40  guislim.o(i.GUIPROP_GetCharDistX)
    GUIPROP_GetFontInfo                      0x08000621   Thumb Code     6  guislim.o(i.GUIPROP_GetFontInfo)
    GUIPROP_IsInFont                         0x08000627   Thumb Code    16  guislim.o(i.GUIPROP_IsInFont)
    GUI_Clear                                0x08000637   Thumb Code    26  guislim.o(i.GUI_Clear)
    GUI_ClearRect                            0x08000651   Thumb Code    20  guislim.o(i.GUI_ClearRect)
    GUI_DispNextLine                         0x08000665   Thumb Code    16  guislim.o(i.GUI_DispNextLine)
    GUI_DispString                           0x08000679   Thumb Code   234  guislim.o(i.GUI_DispString)
    GUI_DispStringAt                         0x08000769   Thumb Code    10  guislim.o(i.GUI_DispStringAt)
    GUI_DispStringHCenterAt                  0x08000779   Thumb Code    44  guislim.o(i.GUI_DispStringHCenterAt)
    GUI_GetCharDistX                         0x080007a9   Thumb Code     8  guislim.o(i.GUI_GetCharDistX)
    GUI_GetFontDistY                         0x080007b5   Thumb Code     8  guislim.o(i.GUI_GetFontDistY)
    GUI_GetYAdjust                           0x080007c1   Thumb Code    38  guislim.o(i.GUI_GetYAdjust)
    GUI_GotoXY                               0x080007ed   Thumb Code    20  guislim.o(i.GUI_GotoXY)
    GUI_Init                                 0x08000801   Thumb Code    46  guislim.o(i.GUI_Init)
    GUI_SetFont                              0x0800083d   Thumb Code    12  guislim.o(i.GUI_SetFont)
    GUI_SetTextAlign                         0x0800084d   Thumb Code    12  guislim.o(i.GUI_SetTextAlign)
    GUI_UC__NumChars2NumBytes                0x0800085d   Thumb Code    12  guislim.o(i.GUI_UC__NumChars2NumBytes)
    GUI_Update                               0x08000869   Thumb Code     4  guislim.o(i.GUI_Update)
    GUI__DispLine                            0x0800086d   Thumb Code    48  guislim.o(i.GUI__DispLine)
    GUI__GetLineDistX                        0x080008a1   Thumb Code    50  guislim.o(i.GUI__GetLineDistX)
    GUI__GetLineNumChars                     0x080008d3   Thumb Code    34  guislim.o(i.GUI__GetLineNumChars)
    HAL_Delay                                0x080008f5   Thumb Code    32  stm32f4xx_hal.o(i.HAL_Delay)
    HAL_GPIO_Init                            0x08000919   Thumb Code   450  stm32f4xx_hal_gpio.o(i.HAL_GPIO_Init)
    HAL_GPIO_ReadPin                         0x08000b09   Thumb Code    10  stm32f4xx_hal_gpio.o(i.HAL_GPIO_ReadPin)
    HAL_GPIO_WritePin                        0x08000b13   Thumb Code    10  stm32f4xx_hal_gpio.o(i.HAL_GPIO_WritePin)
    HAL_GetTick                              0x08000b1d   Thumb Code     6  stm32f4xx_hal.o(i.HAL_GetTick)
    HAL_IncTick                              0x08000b29   Thumb Code    12  stm32f4xx_hal.o(i.HAL_IncTick)
    HAL_Init                                 0x08000b39   Thumb Code    48  stm32f4xx_hal.o(i.HAL_Init)
    HAL_InitTick                             0x08000b6d   Thumb Code   132  stm32f4xx_hal_timebase_tim.o(i.HAL_InitTick)
    HAL_MspInit                              0x08000c05   Thumb Code    52  stm32f4xx_hal_msp.o(i.HAL_MspInit)
    HAL_NVIC_EnableIRQ                       0x08000c3d   Thumb Code    26  stm32f4xx_hal_cortex.o(i.HAL_NVIC_EnableIRQ)
    HAL_NVIC_SetPriority                     0x08000c59   Thumb Code    60  stm32f4xx_hal_cortex.o(i.HAL_NVIC_SetPriority)
    HAL_NVIC_SetPriorityGrouping             0x08000c99   Thumb Code    26  stm32f4xx_hal_cortex.o(i.HAL_NVIC_SetPriorityGrouping)
    HAL_RCC_ClockConfig                      0x08000cbd   Thumb Code   288  stm32f4xx_hal_rcc.o(i.HAL_RCC_ClockConfig)
    HAL_RCC_GetClockConfig                   0x08000df1   Thumb Code    54  stm32f4xx_hal_rcc.o(i.HAL_RCC_GetClockConfig)
    HAL_RCC_GetPCLK1Freq                     0x08000e31   Thumb Code    20  stm32f4xx_hal_rcc.o(i.HAL_RCC_GetPCLK1Freq)
    HAL_RCC_GetSysClockFreq                  0x08000e51   Thumb Code    88  stm32f4xx_hal_rcc.o(i.HAL_RCC_GetSysClockFreq)
    HAL_RCC_OscConfig                        0x08000eb1   Thumb Code   856  stm32f4xx_hal_rcc.o(i.HAL_RCC_OscConfig)
    HAL_TIMEx_BreakCallback                  0x0800121d   Thumb Code     2  stm32f4xx_hal_tim_ex.o(i.HAL_TIMEx_BreakCallback)
    HAL_TIMEx_CommutCallback                 0x0800121f   Thumb Code     2  stm32f4xx_hal_tim_ex.o(i.HAL_TIMEx_CommutCallback)
    HAL_TIM_Base_Init                        0x08001221   Thumb Code    90  stm32f4xx_hal_tim.o(i.HAL_TIM_Base_Init)
    HAL_TIM_Base_MspInit                     0x0800127b   Thumb Code     2  stm32f4xx_hal_tim.o(i.HAL_TIM_Base_MspInit)
    HAL_TIM_Base_Start_IT                    0x0800127d   Thumb Code   100  stm32f4xx_hal_tim.o(i.HAL_TIM_Base_Start_IT)
    HAL_TIM_IC_CaptureCallback               0x080012fd   Thumb Code     2  stm32f4xx_hal_tim.o(i.HAL_TIM_IC_CaptureCallback)
    HAL_TIM_IRQHandler                       0x080012ff   Thumb Code   304  stm32f4xx_hal_tim.o(i.HAL_TIM_IRQHandler)
    HAL_TIM_OC_DelayElapsedCallback          0x0800142f   Thumb Code     2  stm32f4xx_hal_tim.o(i.HAL_TIM_OC_DelayElapsedCallback)
    HAL_TIM_PWM_PulseFinishedCallback        0x08001431   Thumb Code     2  stm32f4xx_hal_tim.o(i.HAL_TIM_PWM_PulseFinishedCallback)
    HAL_TIM_PeriodElapsedCallback            0x08001435   Thumb Code    14  main.o(i.HAL_TIM_PeriodElapsedCallback)
    HAL_TIM_TriggerCallback                  0x08001449   Thumb Code     2  stm32f4xx_hal_tim.o(i.HAL_TIM_TriggerCallback)
    HardFault_Handler                        0x0800144b   Thumb Code     2  stm32f4xx_it.o(i.HardFault_Handler)
    LCD_DrawBitmap1BPP                       0x0800145d   Thumb Code   132  guislim.o(i.LCD_DrawBitmap1BPP)
    LCD_L0_DrawBitmap1BPP                    0x080014e5   Thumb Code    52  guislim.o(i.LCD_L0_DrawBitmap1BPP)
    MX_FATFS_Init                            0x08001519   Thumb Code    18  fatfs.o(i.MX_FATFS_Init)
    MX_FREERTOS_Init                         0x08001535   Thumb Code    46  freertos.o(i.MX_FREERTOS_Init)
    MX_GPIO_Init                             0x08001579   Thumb Code   186  gpio.o(i.MX_GPIO_Init)
    MemManage_Handler                        0x08001641   Thumb Code     2  stm32f4xx_it.o(i.MemManage_Handler)
    NMI_Handler                              0x08001643   Thumb Code     2  stm32f4xx_it.o(i.NMI_Handler)
    OLED_IIC_Ack                             0x08001645   Thumb Code    46  ssd1306_i2c.o(i.OLED_IIC_Ack)
    OLED_IIC_SendByte                        0x08001679   Thumb Code    82  ssd1306_i2c.o(i.OLED_IIC_SendByte)
    OLED_IIC_Start                           0x080016d1   Thumb Code    56  ssd1306_i2c.o(i.OLED_IIC_Start)
    OLED_IIC_Stop                            0x0800170d   Thumb Code    56  ssd1306_i2c.o(i.OLED_IIC_Stop)
    SSD1306_DrawFilledRectangle              0x08001749   Thumb Code    86  ssd1306.o(i.SSD1306_DrawFilledRectangle)
    SSD1306_DrawLine                         0x0800179f   Thumb Code   266  ssd1306.o(i.SSD1306_DrawLine)
    SSD1306_DrawPixel                        0x080018a9   Thumb Code    54  ssd1306.o(i.SSD1306_DrawPixel)
    SSD1306_Fill                             0x080018e9   Thumb Code    18  ssd1306.o(i.SSD1306_Fill)
    SSD1306_UpdateScreen                     0x08001901   Thumb Code    58  ssd1306.o(i.SSD1306_UpdateScreen)
    SSD1306_WriteByte                        0x08001941   Thumb Code    48  ssd1306.o(i.SSD1306_WriteByte)
    SSD1306_WriteMuliByte                    0x08001971   Thumb Code    62  ssd1306.o(i.SSD1306_WriteMuliByte)
    SSD1306_init                             0x080019b1   Thumb Code   264  ssd1306.o(i.SSD1306_init)
    ScanKey                                  0x08001abd   Thumb Code   202  gpio.o(i.ScanKey)
    SetLeds                                  0x08001b8d   Thumb Code   170  gpio.o(i.SetLeds)
    StartDefaultTask                         0x08001c3d   Thumb Code     8  freertos.o(i.StartDefaultTask)
    StartGUITask                             0x08001c45   Thumb Code    50  freertos.o(i.StartGUITask)
    StartKeyTask                             0x08001c81   Thumb Code    36  freertos.o(i.StartKeyTask)
    SysTick_Handler                          0x08001ca9   Thumb Code    26  cmsis_os2.o(i.SysTick_Handler)
    SystemClock_Config                       0x08001cc5   Thumb Code   138  main.o(i.SystemClock_Config)
    SystemInit                               0x08001d59   Thumb Code    12  system_stm32f4xx.o(i.SystemInit)
    TIM7_IRQHandler                          0x08001d69   Thumb Code     6  stm32f4xx_it.o(i.TIM7_IRQHandler)
    TIM_Base_SetConfig                       0x08001d75   Thumb Code   164  stm32f4xx_hal_tim.o(i.TIM_Base_SetConfig)
    UIInfo                                   0x08001e45   Thumb Code    86  freertos.o(i.UIInfo)
    UIMain                                   0x08001ec9   Thumb Code    24  freertos.o(i.UIMain)
    UITitle                                  0x08001ee9   Thumb Code    56  freertos.o(i.UITitle)
    USER_initialize                          0x08001f2d   Thumb Code    10  user_diskio.o(i.USER_initialize)
    USER_ioctl                               0x08001f3d   Thumb Code     4  user_diskio.o(i.USER_ioctl)
    USER_read                                0x08001f41   Thumb Code     4  user_diskio.o(i.USER_read)
    USER_status                              0x08001f45   Thumb Code    10  user_diskio.o(i.USER_status)
    USER_write                               0x08001f55   Thumb Code     4  user_diskio.o(i.USER_write)
    UsageFault_Handler                       0x08001f59   Thumb Code     2  stm32f4xx_it.o(i.UsageFault_Handler)
    __scatterload_copy                       0x08001f95   Thumb Code    14  handlers.o(i.__scatterload_copy)
    __scatterload_null                       0x08001fa3   Thumb Code     2  handlers.o(i.__scatterload_null)
    __scatterload_zeroinit                   0x08001fa5   Thumb Code    14  handlers.o(i.__scatterload_zeroinit)
    main                                     0x08001fb3   Thumb Code    36  main.o(i.main)
    osDelay                                  0x08001fd7   Thumb Code    26  cmsis_os2.o(i.osDelay)
    osKernelGetTickCount                     0x08001ff1   Thumb Code    14  cmsis_os2.o(i.osKernelGetTickCount)
    osKernelInitialize                       0x08002001   Thumb Code    32  cmsis_os2.o(i.osKernelInitialize)
    osKernelStart                            0x08002025   Thumb Code    48  cmsis_os2.o(i.osKernelStart)
    osThreadFlagsSet                         0x0800205d   Thumb Code   110  cmsis_os2.o(i.osThreadFlagsSet)
    osThreadNew                              0x080020d1   Thumb Code   136  cmsis_os2.o(i.osThreadNew)
    pvPortMalloc                             0x080028ed   Thumb Code   216  heap_4.o(i.pvPortMalloc)
    pxPortInitialiseStack                    0x080029c9   Thumb Code    40  port.o(i.pxPortInitialiseStack)
    uxListRemove                             0x080029f5   Thumb Code    38  list.o(i.uxListRemove)
    vApplicationGetIdleTaskMemory            0x08002a1d   Thumb Code    16  cmsis_os2.o(i.vApplicationGetIdleTaskMemory)
    vApplicationGetTimerTaskMemory           0x08002a31   Thumb Code    18  cmsis_os2.o(i.vApplicationGetTimerTaskMemory)
    vListInitialise                          0x08002a49   Thumb Code    22  list.o(i.vListInitialise)
    vListInitialiseItem                      0x08002a5f   Thumb Code     6  list.o(i.vListInitialiseItem)
    vListInsert                              0x08002a65   Thumb Code    48  list.o(i.vListInsert)
    vListInsertEnd                           0x08002a95   Thumb Code    24  list.o(i.vListInsertEnd)
    vPortEnterCritical                       0x08002aad   Thumb Code    54  port.o(i.vPortEnterCritical)
    vPortExitCritical                        0x08002aed   Thumb Code    34  port.o(i.vPortExitCritical)
    vPortFree                                0x08002b15   Thumb Code    94  heap_4.o(i.vPortFree)
    vPortSetupTimerInterrupt                 0x08002b79   Thumb Code    32  port.o(i.vPortSetupTimerInterrupt)
    vPortValidateInterruptPriority           0x08002b9d   Thumb Code    74  port.o(i.vPortValidateInterruptPriority)
    vQueueAddToRegistry                      0x08002bf1   Thumb Code    34  queue.o(i.vQueueAddToRegistry)
    vQueueWaitForMessageRestricted           0x08002c19   Thumb Code    68  queue.o(i.vQueueWaitForMessageRestricted)
    vTaskDelay                               0x08002c5d   Thumb Code    66  tasks.o(i.vTaskDelay)
    vTaskInternalSetTimeOutState             0x08002ca9   Thumb Code    12  tasks.o(i.vTaskInternalSetTimeOutState)
    vTaskMissedYield                         0x08002cb9   Thumb Code     8  tasks.o(i.vTaskMissedYield)
    vTaskPlaceOnEventList                    0x08002cc5   Thumb Code    44  tasks.o(i.vTaskPlaceOnEventList)
    vTaskPlaceOnEventListRestricted          0x08002cf5   Thumb Code    52  tasks.o(i.vTaskPlaceOnEventListRestricted)
    vTaskStartScheduler                      0x08002d2d   Thumb Code   118  tasks.o(i.vTaskStartScheduler)
    vTaskSuspendAll                          0x08002db5   Thumb Code    10  tasks.o(i.vTaskSuspendAll)
    vTaskSwitchContext                       0x08002dc5   Thumb Code    90  tasks.o(i.vTaskSwitchContext)
    xPortStartScheduler                      0x08002e29   Thumb Code   222  port.o(i.xPortStartScheduler)
    xPortSysTickHandler                      0x08002f1d   Thumb Code    38  port.o(i.xPortSysTickHandler)
    xQueueGenericCreateStatic                0x08002f49   Thumb Code   102  queue.o(i.xQueueGenericCreateStatic)
    xQueueGenericReset                       0x08002fb1   Thumb Code   132  queue.o(i.xQueueGenericReset)
    xQueueGenericSend                        0x08003039   Thumb Code   346  queue.o(i.xQueueGenericSend)
    xQueueGenericSendFromISR                 0x08003199   Thumb Code   190  queue.o(i.xQueueGenericSendFromISR)
    xQueueReceive                            0x08003259   Thumb Code   308  queue.o(i.xQueueReceive)
    xTaskCheckForTimeOut                     0x08003391   Thumb Code   112  tasks.o(i.xTaskCheckForTimeOut)
    xTaskCreate                              0x08003405   Thumb Code    90  tasks.o(i.xTaskCreate)
    xTaskCreateStatic                        0x0800345f   Thumb Code    86  tasks.o(i.xTaskCreateStatic)
    xTaskGenericNotify                       0x080034b5   Thumb Code   210  tasks.o(i.xTaskGenericNotify)
    xTaskGenericNotifyFromISR                0x08003595   Thumb Code   246  tasks.o(i.xTaskGenericNotifyFromISR)
    xTaskGetSchedulerState                   0x08003699   Thumb Code    22  tasks.o(i.xTaskGetSchedulerState)
    xTaskGetTickCount                        0x080036b5   Thumb Code     6  tasks.o(i.xTaskGetTickCount)
    xTaskGetTickCountFromISR                 0x080036c1   Thumb Code    12  tasks.o(i.xTaskGetTickCountFromISR)
    xTaskIncrementTick                       0x080036d1   Thumb Code   192  tasks.o(i.xTaskIncrementTick)
    xTaskPriorityDisinherit                  0x08003799   Thumb Code   118  tasks.o(i.xTaskPriorityDisinherit)
    xTaskRemoveFromEventList                 0x08003819   Thumb Code    98  tasks.o(i.xTaskRemoveFromEventList)
    xTaskResumeAll                           0x08003889   Thumb Code   182  tasks.o(i.xTaskResumeAll)
    xTimerCreateTimerTask                    0x0800394d   Thumb Code    78  timers.o(i.xTimerCreateTimerTask)
    xTimerGenericCommand                     0x080039ad   Thumb Code    98  timers.o(i.xTimerGenericCommand)
    acFontHZSimSun_16_0020                   0x08003a14   Data          16  simsun_16.o(.constdata)
    acFontHZSimSun_16_0021                   0x08003a24   Data          16  simsun_16.o(.constdata)
    acFontHZSimSun_16_0022                   0x08003a34   Data          16  simsun_16.o(.constdata)
    acFontHZSimSun_16_0023                   0x08003a44   Data          16  simsun_16.o(.constdata)
    acFontHZSimSun_16_0024                   0x08003a54   Data          16  simsun_16.o(.constdata)
    acFontHZSimSun_16_0025                   0x08003a64   Data          16  simsun_16.o(.constdata)
    acFontHZSimSun_16_0026                   0x08003a74   Data          16  simsun_16.o(.constdata)
    acFontHZSimSun_16_0027                   0x08003a84   Data          16  simsun_16.o(.constdata)
    acFontHZSimSun_16_0028                   0x08003a94   Data          16  simsun_16.o(.constdata)
    acFontHZSimSun_16_0029                   0x08003aa4   Data          16  simsun_16.o(.constdata)
    acFontHZSimSun_16_002a                   0x08003ab4   Data          16  simsun_16.o(.constdata)
    acFontHZSimSun_16_002b                   0x08003ac4   Data          16  simsun_16.o(.constdata)
    acFontHZSimSun_16_002c                   0x08003ad4   Data          16  simsun_16.o(.constdata)
    acFontHZSimSun_16_002d                   0x08003ae4   Data          16  simsun_16.o(.constdata)
    acFontHZSimSun_16_002e                   0x08003af4   Data          16  simsun_16.o(.constdata)
    acFontHZSimSun_16_002f                   0x08003b04   Data          16  simsun_16.o(.constdata)
    acFontHZSimSun_16_0030                   0x08003b14   Data          16  simsun_16.o(.constdata)
    acFontHZSimSun_16_0031                   0x08003b24   Data          16  simsun_16.o(.constdata)
    acFontHZSimSun_16_0032                   0x08003b34   Data          16  simsun_16.o(.constdata)
    acFontHZSimSun_16_0033                   0x08003b44   Data          16  simsun_16.o(.constdata)
    acFontHZSimSun_16_0034                   0x08003b54   Data          16  simsun_16.o(.constdata)
    acFontHZSimSun_16_0035                   0x08003b64   Data          16  simsun_16.o(.constdata)
    acFontHZSimSun_16_0036                   0x08003b74   Data          16  simsun_16.o(.constdata)
    acFontHZSimSun_16_0037                   0x08003b84   Data          16  simsun_16.o(.constdata)
    acFontHZSimSun_16_0038                   0x08003b94   Data          16  simsun_16.o(.constdata)
    acFontHZSimSun_16_0039                   0x08003ba4   Data          16  simsun_16.o(.constdata)
    acFontHZSimSun_16_003a                   0x08003bb4   Data          16  simsun_16.o(.constdata)
    acFontHZSimSun_16_003b                   0x08003bc4   Data          16  simsun_16.o(.constdata)
    acFontHZSimSun_16_003c                   0x08003bd4   Data          16  simsun_16.o(.constdata)
    acFontHZSimSun_16_003d                   0x08003be4   Data          16  simsun_16.o(.constdata)
    acFontHZSimSun_16_003e                   0x08003bf4   Data          16  simsun_16.o(.constdata)
    acFontHZSimSun_16_003f                   0x08003c04   Data          16  simsun_16.o(.constdata)
    acFontHZSimSun_16_0040                   0x08003c14   Data          16  simsun_16.o(.constdata)
    acFontHZSimSun_16_0041                   0x08003c24   Data          16  simsun_16.o(.constdata)
    acFontHZSimSun_16_0042                   0x08003c34   Data          16  simsun_16.o(.constdata)
    acFontHZSimSun_16_0043                   0x08003c44   Data          16  simsun_16.o(.constdata)
    acFontHZSimSun_16_0044                   0x08003c54   Data          16  simsun_16.o(.constdata)
    acFontHZSimSun_16_0045                   0x08003c64   Data          16  simsun_16.o(.constdata)
    acFontHZSimSun_16_0046                   0x08003c74   Data          16  simsun_16.o(.constdata)
    acFontHZSimSun_16_0047                   0x08003c84   Data          16  simsun_16.o(.constdata)
    acFontHZSimSun_16_0048                   0x08003c94   Data          16  simsun_16.o(.constdata)
    acFontHZSimSun_16_0049                   0x08003ca4   Data          16  simsun_16.o(.constdata)
    acFontHZSimSun_16_004a                   0x08003cb4   Data          16  simsun_16.o(.constdata)
    acFontHZSimSun_16_004b                   0x08003cc4   Data          16  simsun_16.o(.constdata)
    acFontHZSimSun_16_004c                   0x08003cd4   Data          16  simsun_16.o(.constdata)
    acFontHZSimSun_16_004d                   0x08003ce4   Data          16  simsun_16.o(.constdata)
    acFontHZSimSun_16_004e                   0x08003cf4   Data          16  simsun_16.o(.constdata)
    acFontHZSimSun_16_004f                   0x08003d04   Data          16  simsun_16.o(.constdata)
    acFontHZSimSun_16_0050                   0x08003d14   Data          16  simsun_16.o(.constdata)
    acFontHZSimSun_16_0051                   0x08003d24   Data          16  simsun_16.o(.constdata)
    acFontHZSimSun_16_0052                   0x08003d34   Data          16  simsun_16.o(.constdata)
    acFontHZSimSun_16_0053                   0x08003d44   Data          16  simsun_16.o(.constdata)
    acFontHZSimSun_16_0054                   0x08003d54   Data          16  simsun_16.o(.constdata)
    acFontHZSimSun_16_0055                   0x08003d64   Data          16  simsun_16.o(.constdata)
    acFontHZSimSun_16_0056                   0x08003d74   Data          16  simsun_16.o(.constdata)
    acFontHZSimSun_16_0057                   0x08003d84   Data          16  simsun_16.o(.constdata)
    acFontHZSimSun_16_0058                   0x08003d94   Data          16  simsun_16.o(.constdata)
    acFontHZSimSun_16_0059                   0x08003da4   Data          16  simsun_16.o(.constdata)
    acFontHZSimSun_16_005a                   0x08003db4   Data          16  simsun_16.o(.constdata)
    acFontHZSimSun_16_005b                   0x08003dc4   Data          16  simsun_16.o(.constdata)
    acFontHZSimSun_16_005c                   0x08003dd4   Data          16  simsun_16.o(.constdata)
    acFontHZSimSun_16_005d                   0x08003de4   Data          16  simsun_16.o(.constdata)
    acFontHZSimSun_16_005e                   0x08003df4   Data          16  simsun_16.o(.constdata)
    acFontHZSimSun_16_005f                   0x08003e04   Data          16  simsun_16.o(.constdata)
    acFontHZSimSun_16_0060                   0x08003e14   Data          16  simsun_16.o(.constdata)
    acFontHZSimSun_16_0061                   0x08003e24   Data          16  simsun_16.o(.constdata)
    acFontHZSimSun_16_0062                   0x08003e34   Data          16  simsun_16.o(.constdata)
    acFontHZSimSun_16_0063                   0x08003e44   Data          16  simsun_16.o(.constdata)
    acFontHZSimSun_16_0064                   0x08003e54   Data          16  simsun_16.o(.constdata)
    acFontHZSimSun_16_0065                   0x08003e64   Data          16  simsun_16.o(.constdata)
    acFontHZSimSun_16_0066                   0x08003e74   Data          16  simsun_16.o(.constdata)
    acFontHZSimSun_16_0067                   0x08003e84   Data          16  simsun_16.o(.constdata)
    acFontHZSimSun_16_0068                   0x08003e94   Data          16  simsun_16.o(.constdata)
    acFontHZSimSun_16_0069                   0x08003ea4   Data          16  simsun_16.o(.constdata)
    acFontHZSimSun_16_006a                   0x08003eb4   Data          16  simsun_16.o(.constdata)
    acFontHZSimSun_16_006b                   0x08003ec4   Data          16  simsun_16.o(.constdata)
    acFontHZSimSun_16_006c                   0x08003ed4   Data          16  simsun_16.o(.constdata)
    acFontHZSimSun_16_006d                   0x08003ee4   Data          16  simsun_16.o(.constdata)
    acFontHZSimSun_16_006e                   0x08003ef4   Data          16  simsun_16.o(.constdata)
    acFontHZSimSun_16_006f                   0x08003f04   Data          16  simsun_16.o(.constdata)
    acFontHZSimSun_16_0070                   0x08003f14   Data          16  simsun_16.o(.constdata)
    acFontHZSimSun_16_0071                   0x08003f24   Data          16  simsun_16.o(.constdata)
    acFontHZSimSun_16_0072                   0x08003f34   Data          16  simsun_16.o(.constdata)
    acFontHZSimSun_16_0073                   0x08003f44   Data          16  simsun_16.o(.constdata)
    acFontHZSimSun_16_0074                   0x08003f54   Data          16  simsun_16.o(.constdata)
    acFontHZSimSun_16_0075                   0x08003f64   Data          16  simsun_16.o(.constdata)
    acFontHZSimSun_16_0076                   0x08003f74   Data          16  simsun_16.o(.constdata)
    acFontHZSimSun_16_0077                   0x08003f84   Data          16  simsun_16.o(.constdata)
    acFontHZSimSun_16_0078                   0x08003f94   Data          16  simsun_16.o(.constdata)
    acFontHZSimSun_16_0079                   0x08003fa4   Data          16  simsun_16.o(.constdata)
    acFontHZSimSun_16_007a                   0x08003fb4   Data          16  simsun_16.o(.constdata)
    acFontHZSimSun_16_007b                   0x08003fc4   Data          16  simsun_16.o(.constdata)
    acFontHZSimSun_16_007c                   0x08003fd4   Data          16  simsun_16.o(.constdata)
    acFontHZSimSun_16_007d                   0x08003fe4   Data          16  simsun_16.o(.constdata)
    acFontHZSimSun_16_007e                   0x08003ff4   Data          16  simsun_16.o(.constdata)
    acFontHZSimSun_16_007f                   0x08004004   Data          16  simsun_16.o(.constdata)
    acFontHZSimSun_16_b2cb                   0x08004014   Data          32  simsun_16.o(.constdata)
    acFontHZSimSun_16_b3c6                   0x08004034   Data          32  simsun_16.o(.constdata)
    acFontHZSimSun_16_b4f3                   0x08004054   Data          32  simsun_16.o(.constdata)
    acFontHZSimSun_16_b5a5                   0x08004074   Data          32  simsun_16.o(.constdata)
    acFontHZSimSun_16_b5e7                   0x08004094   Data          32  simsun_16.o(.constdata)
    acFontHZSimSun_16_babc                   0x080040b4   Data          32  simsun_16.o(.constdata)
    acFontHZSimSun_16_bcbc                   0x080040d4   Data          32  simsun_16.o(.constdata)
    acFontHZSimSun_16_bfc6                   0x080040f4   Data          32  simsun_16.o(.constdata)
    acFontHZSimSun_16_c3fb                   0x08004114   Data          32  simsun_16.o(.constdata)
    acFontHZSimSun_16_caa9                   0x08004134   Data          32  simsun_16.o(.constdata)
    acFontHZSimSun_16_cce2                   0x08004154   Data          32  simsun_16.o(.constdata)
    acFontHZSimSun_16_cdf5                   0x08004174   Data          32  simsun_16.o(.constdata)
    acFontHZSimSun_16_d0c0                   0x08004194   Data          32  simsun_16.o(.constdata)
    acFontHZSimSun_16_d1a1                   0x080041b4   Data          32  simsun_16.o(.constdata)
    acFontHZSimSun_16_d1a7                   0x080041d4   Data          32  simsun_16.o(.constdata)
    acFontHZSimSun_16_d4cf                   0x080041f4   Data          32  simsun_16.o(.constdata)
    acFontHZSimSun_16_d4f8                   0x08004214   Data          32  simsun_16.o(.constdata)
    acFontHZSimSun_16_d6a5                   0x08004234   Data          32  simsun_16.o(.constdata)
    acFontHZSimSun_16_d6dd                   0x08004254   Data          32  simsun_16.o(.constdata)
    acFontHZSimSun_16_d6f7                   0x08004274   Data          32  simsun_16.o(.constdata)
    acFontHZSimSun_16_d7d3                   0x08004294   Data          32  simsun_16.o(.constdata)
    acFontHZSimSun_16_d8b9                   0x080042b4   Data          32  simsun_16.o(.constdata)
    acFontHZSimSun_16_e2f9                   0x080042d4   Data          32  simsun_16.o(.constdata)
    acFontHZSimSun_16_fefd                   0x080042f4   Data          32  simsun_16.o(.constdata)
    acFontHZSimSun_16_fefe                   0x08004314   Data          32  simsun_16.o(.constdata)
    GUI_FontHZSimSun_16_CharInfo             0x08004334   Data         968  simsun_16.o(.constdata)
    GUI_FontHZSimSun_16_Propfefd             0x080046fc   Data          12  simsun_16.o(.constdata)
    GUI_FontHZSimSun_16_Prope2f9             0x08004708   Data          12  simsun_16.o(.constdata)
    GUI_FontHZSimSun_16_Propd8b9             0x08004714   Data          12  simsun_16.o(.constdata)
    GUI_FontHZSimSun_16_Propd7d3             0x08004720   Data          12  simsun_16.o(.constdata)
    GUI_FontHZSimSun_16_Propd6f7             0x0800472c   Data          12  simsun_16.o(.constdata)
    GUI_FontHZSimSun_16_Propd6dd             0x08004738   Data          12  simsun_16.o(.constdata)
    GUI_FontHZSimSun_16_Propd6a5             0x08004744   Data          12  simsun_16.o(.constdata)
    GUI_FontHZSimSun_16_Propd4f8             0x08004750   Data          12  simsun_16.o(.constdata)
    GUI_FontHZSimSun_16_Propd4cf             0x0800475c   Data          12  simsun_16.o(.constdata)
    GUI_FontHZSimSun_16_Propd1a7             0x08004768   Data          12  simsun_16.o(.constdata)
    GUI_FontHZSimSun_16_Propd1a1             0x08004774   Data          12  simsun_16.o(.constdata)
    GUI_FontHZSimSun_16_Propd0c0             0x08004780   Data          12  simsun_16.o(.constdata)
    GUI_FontHZSimSun_16_Propcdf5             0x0800478c   Data          12  simsun_16.o(.constdata)
    GUI_FontHZSimSun_16_Propcce2             0x08004798   Data          12  simsun_16.o(.constdata)
    GUI_FontHZSimSun_16_Propcaa9             0x080047a4   Data          12  simsun_16.o(.constdata)
    GUI_FontHZSimSun_16_Propc3fb             0x080047b0   Data          12  simsun_16.o(.constdata)
    GUI_FontHZSimSun_16_Propbfc6             0x080047bc   Data          12  simsun_16.o(.constdata)
    GUI_FontHZSimSun_16_Propbcbc             0x080047c8   Data          12  simsun_16.o(.constdata)
    GUI_FontHZSimSun_16_Propbabc             0x080047d4   Data          12  simsun_16.o(.constdata)
    GUI_FontHZSimSun_16_Propb5e7             0x080047e0   Data          12  simsun_16.o(.constdata)
    GUI_FontHZSimSun_16_Propb5a5             0x080047ec   Data          12  simsun_16.o(.constdata)
    GUI_FontHZSimSun_16_Propb4f3             0x080047f8   Data          12  simsun_16.o(.constdata)
    GUI_FontHZSimSun_16_Propb3c6             0x08004804   Data          12  simsun_16.o(.constdata)
    GUI_FontHZSimSun_16_Propb2cb             0x08004810   Data          12  simsun_16.o(.constdata)
    GUI_FontHZSimSun_16_Prop0020             0x0800481c   Data          12  simsun_16.o(.constdata)
    GUI_FontHZ_SimSun_16                     0x08004828   Data          32  simsun_16.o(.constdata)
    defaultTask_attributes                   0x08004848   Data          36  freertos.o(.constdata)
    guiTask_attributes                       0x0800486c   Data          36  freertos.o(.constdata)
    keyTask_attributes                       0x08004890   Data          36  freertos.o(.constdata)
    AHBPrescTable                            0x080048b4   Data          16  system_stm32f4xx.o(.constdata)
    APBPrescTable                            0x080048c4   Data           8  system_stm32f4xx.o(.constdata)
    acFont8ASCII                             0x080048cc   Data         760  f08_ascii.o(.constdata)
    GUI_Font8_ASCII_CharInfo                 0x08004bc4   Data         760  f08_ascii.o(.constdata)
    GUI_Font8ASCII_Prop                      0x08004ebc   Data          12  f08_ascii.o(.constdata)
    GUI_Font8_ASCII                          0x08004ec8   Data          32  f08_ascii.o(.constdata)
    Region$$Table$$Base                      0x08004f04   Number         0  anon$$obj.o(Region$$Table)
    Region$$Table$$Limit                     0x08004f24   Number         0  anon$$obj.o(Region$$Table)
    GUI_Sta_Cur                              0x20000000   Data           1  freertos.o(.data)
    defaultTaskHandle                        0x2000000c   Data           4  freertos.o(.data)
    guiTaskHandle                            0x20000010   Data           4  freertos.o(.data)
    keyTaskHandle                            0x20000014   Data           4  freertos.o(.data)
    uwTickFreq                               0x20000018   Data           1  stm32f4xx_hal.o(.data)
    uwTickPrio                               0x2000001c   Data           4  stm32f4xx_hal.o(.data)
    uwTick                                   0x20000020   Data           4  stm32f4xx_hal.o(.data)
    SystemCoreClock                          0x20000024   Data           4  system_stm32f4xx.o(.data)
    pxCurrentTCB                             0x20000028   Data           4  tasks.o(.data)
    GUI_DecChar                              0x200000a8   Data           1  guislim.o(.data)
    USER_Driver                              0x200000b4   Data          20  user_diskio.o(.data)
    retUSER                                  0x200000c8   Data           1  fatfs.o(.data)
    USERPath                                 0x200000c9   Data           4  fatfs.o(.data)
    htim7                                    0x200000d0   Data          72  stm32f4xx_hal_timebase_tim.o(.bss)
    xQueueRegistry                           0x20000118   Data          64  queue.o(.bss)
    GUI_Context                              0x200049ec   Data          32  guislim.o(.bss)
    disk                                     0x20004e0c   Data          12  ff_gen_drv.o(.bss)
    __initial_sp                             0x20005218   Data           0  startup_stm32f407xx.o(STACK)



==============================================================================

Memory Map of the image

  Image Entry point : 0x08000189

  Load Region LR_IROM1 (Base: 0x08000000, Size: 0x00004ff4, Max: 0x00080000, ABSOLUTE)

    Execution Region ER_IROM1 (Base: 0x08000000, Size: 0x00004f24, Max: 0x00080000, ABSOLUTE)

    Base Addr    Size         Type   Attr      Idx    E Section Name        Object

    0x08000000   0x00000188   Data   RO            3    RESET               startup_stm32f407xx.o
    0x08000188   0x00000000   Code   RO         5837  * .ARM.Collect$$$$00000000  mc_w.l(entry.o)
    0x08000188   0x00000004   Code   RO         5850    .ARM.Collect$$$$00000001  mc_w.l(entry2.o)
    0x0800018c   0x00000004   Code   RO         5853    .ARM.Collect$$$$00000004  mc_w.l(entry5.o)
    0x08000190   0x00000000   Code   RO         5855    .ARM.Collect$$$$00000008  mc_w.l(entry7b.o)
    0x08000190   0x00000000   Code   RO         5857    .ARM.Collect$$$$0000000A  mc_w.l(entry8b.o)
    0x08000190   0x00000008   Code   RO         5858    .ARM.Collect$$$$0000000B  mc_w.l(entry9a.o)
    0x08000198   0x00000000   Code   RO         5860    .ARM.Collect$$$$0000000D  mc_w.l(entry10a.o)
    0x08000198   0x00000000   Code   RO         5862    .ARM.Collect$$$$0000000F  mc_w.l(entry11a.o)
    0x08000198   0x00000004   Code   RO         5851    .ARM.Collect$$$$00002712  mc_w.l(entry2.o)
    0x0800019c   0x000000be   Code   RO         4455    .emb_text           port.o
    0x0800025a   0x00000002   PAD
    0x0800025c   0x00000024   Code   RO            4    .text               startup_stm32f407xx.o
    0x08000280   0x00000062   Code   RO         5840    .text               mc_w.l(uldiv.o)
    0x080002e2   0x00000024   Code   RO         5842    .text               mc_w.l(memcpya.o)
    0x08000306   0x00000024   Code   RO         5846    .text               mc_w.l(memseta.o)
    0x0800032a   0x0000001e   Code   RO         5864    .text               mc_w.l(llshl.o)
    0x08000348   0x00000020   Code   RO         5866    .text               mc_w.l(llushr.o)
    0x08000368   0x00000024   Code   RO         5868    .text               mc_w.l(init.o)
    0x0800038c   0x00000002   Code   RO          489    i.BusFault_Handler  stm32f4xx_it.o
    0x0800038e   0x00000002   Code   RO          490    i.DebugMon_Handler  stm32f4xx_it.o
    0x08000390   0x00000168   Code   RO         4552    i.DrawBitLine1BPP   guislim.o
    0x080004f8   0x00000006   Code   RO         5742    i.FATFS_LinkDriver  ff_gen_drv.o
    0x080004fe   0x00000002   PAD
    0x08000500   0x00000040   Code   RO         5743    i.FATFS_LinkDriverEx  ff_gen_drv.o
    0x08000540   0x0000001c   Code   RO         4553    i.GL_DispChar       guislim.o
    0x0800055c   0x00000080   Code   RO         4559    i.GUIPROP_DispChar  guislim.o
    0x080005dc   0x00000016   Code   RO         4560    i.GUIPROP_FindChar  guislim.o
    0x080005f2   0x00000002   PAD
    0x080005f4   0x0000002c   Code   RO         4561    i.GUIPROP_GetCharDistX  guislim.o
    0x08000620   0x00000006   Code   RO         4562    i.GUIPROP_GetFontInfo  guislim.o
    0x08000626   0x00000010   Code   RO         4563    i.GUIPROP_IsInFont  guislim.o
    0x08000636   0x0000001a   Code   RO         4564    i.GUI_Clear         guislim.o
    0x08000650   0x00000014   Code   RO         4565    i.GUI_ClearRect     guislim.o
    0x08000664   0x00000014   Code   RO         4569    i.GUI_DispNextLine  guislim.o
    0x08000678   0x000000f0   Code   RO         4570    i.GUI_DispString    guislim.o
    0x08000768   0x00000010   Code   RO         4571    i.GUI_DispStringAt  guislim.o
    0x08000778   0x00000030   Code   RO         4572    i.GUI_DispStringHCenterAt  guislim.o
    0x080007a8   0x0000000c   Code   RO         4588    i.GUI_GetCharDistX  guislim.o
    0x080007b4   0x0000000c   Code   RO         4594    i.GUI_GetFontDistY  guislim.o
    0x080007c0   0x0000002c   Code   RO         4601    i.GUI_GetYAdjust    guislim.o
    0x080007ec   0x00000014   Code   RO         4606    i.GUI_GotoXY        guislim.o
    0x08000800   0x0000003c   Code   RO         4608    i.GUI_Init          guislim.o
    0x0800083c   0x00000010   Code   RO         4611    i.GUI_SetFont       guislim.o
    0x0800084c   0x00000010   Code   RO         4612    i.GUI_SetTextAlign  guislim.o
    0x0800085c   0x0000000c   Code   RO         4617    i.GUI_UC__NumChars2NumBytes  guislim.o
    0x08000868   0x00000004   Code   RO         4618    i.GUI_Update        guislim.o
    0x0800086c   0x00000034   Code   RO         4619    i.GUI__DispLine     guislim.o
    0x080008a0   0x00000032   Code   RO         4621    i.GUI__GetLineDistX  guislim.o
    0x080008d2   0x00000022   Code   RO         4622    i.GUI__GetLineNumChars  guislim.o
    0x080008f4   0x00000024   Code   RO         1515    i.HAL_Delay         stm32f4xx_hal.o
    0x08000918   0x000001f0   Code   RO          971    i.HAL_GPIO_Init     stm32f4xx_hal_gpio.o
    0x08000b08   0x0000000a   Code   RO          973    i.HAL_GPIO_ReadPin  stm32f4xx_hal_gpio.o
    0x08000b12   0x0000000a   Code   RO          975    i.HAL_GPIO_WritePin  stm32f4xx_hal_gpio.o
    0x08000b1c   0x0000000c   Code   RO         1521    i.HAL_GetTick       stm32f4xx_hal.o
    0x08000b28   0x00000010   Code   RO         1527    i.HAL_IncTick       stm32f4xx_hal.o
    0x08000b38   0x00000034   Code   RO         1528    i.HAL_Init          stm32f4xx_hal.o
    0x08000b6c   0x00000098   Code   RO          577    i.HAL_InitTick      stm32f4xx_hal_timebase_tim.o
    0x08000c04   0x00000038   Code   RO          553    i.HAL_MspInit       stm32f4xx_hal_msp.o
    0x08000c3c   0x0000001a   Code   RO         1363    i.HAL_NVIC_EnableIRQ  stm32f4xx_hal_cortex.o
    0x08000c56   0x00000002   PAD
    0x08000c58   0x00000040   Code   RO         1369    i.HAL_NVIC_SetPriority  stm32f4xx_hal_cortex.o
    0x08000c98   0x00000024   Code   RO         1370    i.HAL_NVIC_SetPriorityGrouping  stm32f4xx_hal_cortex.o
    0x08000cbc   0x00000134   Code   RO          617    i.HAL_RCC_ClockConfig  stm32f4xx_hal_rcc.o
    0x08000df0   0x00000040   Code   RO          621    i.HAL_RCC_GetClockConfig  stm32f4xx_hal_rcc.o
    0x08000e30   0x00000020   Code   RO          624    i.HAL_RCC_GetPCLK1Freq  stm32f4xx_hal_rcc.o
    0x08000e50   0x00000060   Code   RO          626    i.HAL_RCC_GetSysClockFreq  stm32f4xx_hal_rcc.o
    0x08000eb0   0x0000036c   Code   RO          629    i.HAL_RCC_OscConfig  stm32f4xx_hal_rcc.o
    0x0800121c   0x00000002   Code   RO         2472    i.HAL_TIMEx_BreakCallback  stm32f4xx_hal_tim_ex.o
    0x0800121e   0x00000002   Code   RO         2473    i.HAL_TIMEx_CommutCallback  stm32f4xx_hal_tim_ex.o
    0x08001220   0x0000005a   Code   RO         1768    i.HAL_TIM_Base_Init  stm32f4xx_hal_tim.o
    0x0800127a   0x00000002   Code   RO         1770    i.HAL_TIM_Base_MspInit  stm32f4xx_hal_tim.o
    0x0800127c   0x00000080   Code   RO         1773    i.HAL_TIM_Base_Start_IT  stm32f4xx_hal_tim.o
    0x080012fc   0x00000002   Code   RO         1802    i.HAL_TIM_IC_CaptureCallback  stm32f4xx_hal_tim.o
    0x080012fe   0x00000130   Code   RO         1816    i.HAL_TIM_IRQHandler  stm32f4xx_hal_tim.o
    0x0800142e   0x00000002   Code   RO         1819    i.HAL_TIM_OC_DelayElapsedCallback  stm32f4xx_hal_tim.o
    0x08001430   0x00000002   Code   RO         1846    i.HAL_TIM_PWM_PulseFinishedCallback  stm32f4xx_hal_tim.o
    0x08001432   0x00000002   PAD
    0x08001434   0x00000014   Code   RO          175    i.HAL_TIM_PeriodElapsedCallback  main.o
    0x08001448   0x00000002   Code   RO         1859    i.HAL_TIM_TriggerCallback  stm32f4xx_hal_tim.o
    0x0800144a   0x00000002   Code   RO          491    i.HardFault_Handler  stm32f4xx_it.o
    0x0800144c   0x0000000e   Code   RO         5205    i.I2C_delay         ssd1306_i2c.o
    0x0800145a   0x00000002   PAD
    0x0800145c   0x00000088   Code   RO         4626    i.LCD_DrawBitmap1BPP  guislim.o
    0x080014e4   0x00000034   Code   RO         4633    i.LCD_L0_DrawBitmap1BPP  guislim.o
    0x08001518   0x0000001c   Code   RO         5307    i.MX_FATFS_Init     fatfs.o
    0x08001534   0x00000044   Code   RO          405    i.MX_FREERTOS_Init  freertos.o
    0x08001578   0x000000c8   Code   RO          369    i.MX_GPIO_Init      gpio.o
    0x08001640   0x00000002   Code   RO          492    i.MemManage_Handler  stm32f4xx_it.o
    0x08001642   0x00000002   Code   RO          493    i.NMI_Handler       stm32f4xx_it.o
    0x08001644   0x00000034   Code   RO         5206    i.OLED_IIC_Ack      ssd1306_i2c.o
    0x08001678   0x00000058   Code   RO         5207    i.OLED_IIC_SendByte  ssd1306_i2c.o
    0x080016d0   0x0000003c   Code   RO         5208    i.OLED_IIC_Start    ssd1306_i2c.o
    0x0800170c   0x0000003c   Code   RO         5209    i.OLED_IIC_Stop     ssd1306_i2c.o
    0x08001748   0x00000056   Code   RO         5084    i.SSD1306_DrawFilledRectangle  ssd1306.o
    0x0800179e   0x0000010a   Code   RO         5086    i.SSD1306_DrawLine  ssd1306.o
    0x080018a8   0x00000040   Code   RO         5087    i.SSD1306_DrawPixel  ssd1306.o
    0x080018e8   0x00000018   Code   RO         5090    i.SSD1306_Fill      ssd1306.o
    0x08001900   0x00000040   Code   RO         5095    i.SSD1306_UpdateScreen  ssd1306.o
    0x08001940   0x00000030   Code   RO         5096    i.SSD1306_WriteByte  ssd1306.o
    0x08001970   0x0000003e   Code   RO         5097    i.SSD1306_WriteMuliByte  ssd1306.o
    0x080019ae   0x00000002   PAD
    0x080019b0   0x0000010c   Code   RO         5098    i.SSD1306_init      ssd1306.o
    0x08001abc   0x000000d0   Code   RO          370    i.ScanKey           gpio.o
    0x08001b8c   0x000000b0   Code   RO          371    i.SetLeds           gpio.o
    0x08001c3c   0x00000008   Code   RO          406    i.StartDefaultTask  freertos.o
    0x08001c44   0x0000003c   Code   RO          407    i.StartGUITask      freertos.o
    0x08001c80   0x00000028   Code   RO          408    i.StartKeyTask      freertos.o
    0x08001ca8   0x0000001a   Code   RO         3887    i.SysTick_Handler   cmsis_os2.o
    0x08001cc2   0x00000002   PAD
    0x08001cc4   0x00000094   Code   RO          176    i.SystemClock_Config  main.o
    0x08001d58   0x00000010   Code   RO         2740    i.SystemInit        system_stm32f4xx.o
    0x08001d68   0x0000000c   Code   RO          494    i.TIM7_IRQHandler   stm32f4xx_it.o
    0x08001d74   0x000000d0   Code   RO         1861    i.TIM_Base_SetConfig  stm32f4xx_hal_tim.o
    0x08001e44   0x00000084   Code   RO          409    i.UIInfo            freertos.o
    0x08001ec8   0x00000020   Code   RO          410    i.UIMain            freertos.o
    0x08001ee8   0x00000044   Code   RO          412    i.UITitle           freertos.o
    0x08001f2c   0x00000010   Code   RO         5252    i.USER_initialize   user_diskio.o
    0x08001f3c   0x00000004   Code   RO         5253    i.USER_ioctl        user_diskio.o
    0x08001f40   0x00000004   Code   RO         5254    i.USER_read         user_diskio.o
    0x08001f44   0x00000010   Code   RO         5255    i.USER_status       user_diskio.o
    0x08001f54   0x00000004   Code   RO         5256    i.USER_write        user_diskio.o
    0x08001f58   0x00000002   Code   RO          495    i.UsageFault_Handler  stm32f4xx_it.o
    0x08001f5a   0x00000002   PAD
    0x08001f5c   0x0000000c   Code   RO         4635    i._GotoX            guislim.o
    0x08001f68   0x0000000c   Code   RO         4636    i._GotoY            guislim.o
    0x08001f74   0x00000020   Code   RO         1376    i.__NVIC_SetPriority  stm32f4xx_hal_cortex.o
    0x08001f94   0x0000000e   Code   RO         5872    i.__scatterload_copy  mc_w.l(handlers.o)
    0x08001fa2   0x00000002   Code   RO         5873    i.__scatterload_null  mc_w.l(handlers.o)
    0x08001fa4   0x0000000e   Code   RO         5874    i.__scatterload_zeroinit  mc_w.l(handlers.o)
    0x08001fb2   0x00000024   Code   RO          177    i.main              main.o
    0x08001fd6   0x0000001a   Code   RO         3889    i.osDelay           cmsis_os2.o
    0x08001ff0   0x0000000e   Code   RO         3901    i.osKernelGetTickCount  cmsis_os2.o
    0x08001ffe   0x00000002   PAD
    0x08002000   0x00000024   Code   RO         3903    i.osKernelInitialize  cmsis_os2.o
    0x08002024   0x00000038   Code   RO         3906    i.osKernelStart     cmsis_os2.o
    0x0800205c   0x00000074   Code   RO         3940    i.osThreadFlagsSet  cmsis_os2.o
    0x080020d0   0x00000088   Code   RO         3948    i.osThreadNew       cmsis_os2.o
    0x08002158   0x0000005c   Code   RO         3348    i.prvAddCurrentTaskToDelayedList  tasks.o
    0x080021b4   0x000000d0   Code   RO         3349    i.prvAddNewTaskToReadyList  tasks.o
    0x08002284   0x00000058   Code   RO         3713    i.prvCheckForValidListAndQueue  timers.o
    0x080022dc   0x00000026   Code   RO         2945    i.prvCopyDataFromQueue  queue.o
    0x08002302   0x0000006c   Code   RO         2946    i.prvCopyDataToQueue  queue.o
    0x0800236e   0x00000034   Code   RO         3350    i.prvDeleteTCB      tasks.o
    0x080023a2   0x00000002   PAD
    0x080023a4   0x0000004c   Code   RO         4400    i.prvHeapInit       heap_4.o
    0x080023f0   0x00000060   Code   RO         3351    i.prvIdleTask       tasks.o
    0x08002450   0x00000022   Code   RO         2948    i.prvInitialiseNewQueue  queue.o
    0x08002472   0x00000002   PAD
    0x08002474   0x000000b0   Code   RO         3352    i.prvInitialiseNewTask  tasks.o
    0x08002524   0x0000004c   Code   RO         4401    i.prvInsertBlockIntoFreeList  heap_4.o
    0x08002570   0x00000038   Code   RO         3715    i.prvInsertTimerInActiveList  timers.o
    0x080025a8   0x0000001c   Code   RO         2949    i.prvIsQueueEmpty   queue.o
    0x080025c4   0x000000fc   Code   RO         3716    i.prvProcessReceivedCommands  timers.o
    0x080026c0   0x000000c0   Code   RO         3717    i.prvProcessTimerOrBlockTask  timers.o
    0x08002780   0x00000020   Code   RO         3354    i.prvResetNextTaskUnblockTime  tasks.o
    0x080027a0   0x00000028   Code   RO         3718    i.prvSampleTimeNow  timers.o
    0x080027c8   0x0000006c   Code   RO         3719    i.prvSwitchTimerLists  timers.o
    0x08002834   0x00000028   Code   RO         4456    i.prvTaskExitError  port.o
    0x0800285c   0x00000024   Code   RO         3720    i.prvTimerTask      timers.o
    0x08002880   0x0000006a   Code   RO         2950    i.prvUnlockQueue    queue.o
    0x080028ea   0x00000002   PAD
    0x080028ec   0x000000dc   Code   RO         4402    i.pvPortMalloc      heap_4.o
    0x080029c8   0x0000002c   Code   RO         4457    i.pxPortInitialiseStack  port.o
    0x080029f4   0x00000026   Code   RO         2905    i.uxListRemove      list.o
    0x08002a1a   0x00000002   PAD
    0x08002a1c   0x00000014   Code   RO         3960    i.vApplicationGetIdleTaskMemory  cmsis_os2.o
    0x08002a30   0x00000018   Code   RO         3961    i.vApplicationGetTimerTaskMemory  cmsis_os2.o
    0x08002a48   0x00000016   Code   RO         2906    i.vListInitialise   list.o
    0x08002a5e   0x00000006   Code   RO         2907    i.vListInitialiseItem  list.o
    0x08002a64   0x00000030   Code   RO         2908    i.vListInsert       list.o
    0x08002a94   0x00000018   Code   RO         2909    i.vListInsertEnd    list.o
    0x08002aac   0x00000040   Code   RO         4459    i.vPortEnterCritical  port.o
    0x08002aec   0x00000028   Code   RO         4460    i.vPortExitCritical  port.o
    0x08002b14   0x00000064   Code   RO         4403    i.vPortFree         heap_4.o
    0x08002b78   0x00000024   Code   RO         4461    i.vPortSetupTimerInterrupt  port.o
    0x08002b9c   0x00000054   Code   RO         4462    i.vPortValidateInterruptPriority  port.o
    0x08002bf0   0x00000028   Code   RO         2956    i.vQueueAddToRegistry  queue.o
    0x08002c18   0x00000044   Code   RO         2960    i.vQueueWaitForMessageRestricted  queue.o
    0x08002c5c   0x0000004c   Code   RO         3367    i.vTaskDelay        tasks.o
    0x08002ca8   0x00000010   Code   RO         3372    i.vTaskInternalSetTimeOutState  tasks.o
    0x08002cb8   0x0000000c   Code   RO         3373    i.vTaskMissedYield  tasks.o
    0x08002cc4   0x00000030   Code   RO         3375    i.vTaskPlaceOnEventList  tasks.o
    0x08002cf4   0x00000038   Code   RO         3376    i.vTaskPlaceOnEventListRestricted  tasks.o
    0x08002d2c   0x00000088   Code   RO         3384    i.vTaskStartScheduler  tasks.o
    0x08002db4   0x00000010   Code   RO         3386    i.vTaskSuspendAll   tasks.o
    0x08002dc4   0x00000064   Code   RO         3387    i.vTaskSwitchContext  tasks.o
    0x08002e28   0x000000f4   Code   RO         4463    i.xPortStartScheduler  port.o
    0x08002f1c   0x0000002c   Code   RO         4464    i.xPortSysTickHandler  port.o
    0x08002f48   0x00000066   Code   RO         2966    i.xQueueGenericCreateStatic  queue.o
    0x08002fae   0x00000002   PAD
    0x08002fb0   0x00000088   Code   RO         2967    i.xQueueGenericReset  queue.o
    0x08003038   0x00000160   Code   RO         2968    i.xQueueGenericSend  queue.o
    0x08003198   0x000000be   Code   RO         2969    i.xQueueGenericSendFromISR  queue.o
    0x08003256   0x00000002   PAD
    0x08003258   0x00000138   Code   RO         2978    i.xQueueReceive     queue.o
    0x08003390   0x00000074   Code   RO         3389    i.xTaskCheckForTimeOut  tasks.o
    0x08003404   0x0000005a   Code   RO         3390    i.xTaskCreate       tasks.o
    0x0800345e   0x00000056   Code   RO         3391    i.xTaskCreateStatic  tasks.o
    0x080034b4   0x000000e0   Code   RO         3392    i.xTaskGenericNotify  tasks.o
    0x08003594   0x00000104   Code   RO         3393    i.xTaskGenericNotifyFromISR  tasks.o
    0x08003698   0x0000001c   Code   RO         3395    i.xTaskGetSchedulerState  tasks.o
    0x080036b4   0x0000000c   Code   RO         3396    i.xTaskGetTickCount  tasks.o
    0x080036c0   0x00000010   Code   RO         3397    i.xTaskGetTickCountFromISR  tasks.o
    0x080036d0   0x000000c8   Code   RO         3398    i.xTaskIncrementTick  tasks.o
    0x08003798   0x00000080   Code   RO         3401    i.xTaskPriorityDisinherit  tasks.o
    0x08003818   0x00000070   Code   RO         3403    i.xTaskRemoveFromEventList  tasks.o
    0x08003888   0x000000c4   Code   RO         3404    i.xTaskResumeAll    tasks.o
    0x0800394c   0x00000060   Code   RO         3729    i.xTimerCreateTimerTask  timers.o
    0x080039ac   0x00000068   Code   RO         3730    i.xTimerGenericCommand  timers.o
    0x08003a14   0x00000010   Data   RO           10    .constdata          simsun_16.o
    0x08003a24   0x00000010   Data   RO           11    .constdata          simsun_16.o
    0x08003a34   0x00000010   Data   RO           12    .constdata          simsun_16.o
    0x08003a44   0x00000010   Data   RO           13    .constdata          simsun_16.o
    0x08003a54   0x00000010   Data   RO           14    .constdata          simsun_16.o
    0x08003a64   0x00000010   Data   RO           15    .constdata          simsun_16.o
    0x08003a74   0x00000010   Data   RO           16    .constdata          simsun_16.o
    0x08003a84   0x00000010   Data   RO           17    .constdata          simsun_16.o
    0x08003a94   0x00000010   Data   RO           18    .constdata          simsun_16.o
    0x08003aa4   0x00000010   Data   RO           19    .constdata          simsun_16.o
    0x08003ab4   0x00000010   Data   RO           20    .constdata          simsun_16.o
    0x08003ac4   0x00000010   Data   RO           21    .constdata          simsun_16.o
    0x08003ad4   0x00000010   Data   RO           22    .constdata          simsun_16.o
    0x08003ae4   0x00000010   Data   RO           23    .constdata          simsun_16.o
    0x08003af4   0x00000010   Data   RO           24    .constdata          simsun_16.o
    0x08003b04   0x00000010   Data   RO           25    .constdata          simsun_16.o
    0x08003b14   0x00000010   Data   RO           26    .constdata          simsun_16.o
    0x08003b24   0x00000010   Data   RO           27    .constdata          simsun_16.o
    0x08003b34   0x00000010   Data   RO           28    .constdata          simsun_16.o
    0x08003b44   0x00000010   Data   RO           29    .constdata          simsun_16.o
    0x08003b54   0x00000010   Data   RO           30    .constdata          simsun_16.o
    0x08003b64   0x00000010   Data   RO           31    .constdata          simsun_16.o
    0x08003b74   0x00000010   Data   RO           32    .constdata          simsun_16.o
    0x08003b84   0x00000010   Data   RO           33    .constdata          simsun_16.o
    0x08003b94   0x00000010   Data   RO           34    .constdata          simsun_16.o
    0x08003ba4   0x00000010   Data   RO           35    .constdata          simsun_16.o
    0x08003bb4   0x00000010   Data   RO           36    .constdata          simsun_16.o
    0x08003bc4   0x00000010   Data   RO           37    .constdata          simsun_16.o
    0x08003bd4   0x00000010   Data   RO           38    .constdata          simsun_16.o
    0x08003be4   0x00000010   Data   RO           39    .constdata          simsun_16.o
    0x08003bf4   0x00000010   Data   RO           40    .constdata          simsun_16.o
    0x08003c04   0x00000010   Data   RO           41    .constdata          simsun_16.o
    0x08003c14   0x00000010   Data   RO           42    .constdata          simsun_16.o
    0x08003c24   0x00000010   Data   RO           43    .constdata          simsun_16.o
    0x08003c34   0x00000010   Data   RO           44    .constdata          simsun_16.o
    0x08003c44   0x00000010   Data   RO           45    .constdata          simsun_16.o
    0x08003c54   0x00000010   Data   RO           46    .constdata          simsun_16.o
    0x08003c64   0x00000010   Data   RO           47    .constdata          simsun_16.o
    0x08003c74   0x00000010   Data   RO           48    .constdata          simsun_16.o
    0x08003c84   0x00000010   Data   RO           49    .constdata          simsun_16.o
    0x08003c94   0x00000010   Data   RO           50    .constdata          simsun_16.o
    0x08003ca4   0x00000010   Data   RO           51    .constdata          simsun_16.o
    0x08003cb4   0x00000010   Data   RO           52    .constdata          simsun_16.o
    0x08003cc4   0x00000010   Data   RO           53    .constdata          simsun_16.o
    0x08003cd4   0x00000010   Data   RO           54    .constdata          simsun_16.o
    0x08003ce4   0x00000010   Data   RO           55    .constdata          simsun_16.o
    0x08003cf4   0x00000010   Data   RO           56    .constdata          simsun_16.o
    0x08003d04   0x00000010   Data   RO           57    .constdata          simsun_16.o
    0x08003d14   0x00000010   Data   RO           58    .constdata          simsun_16.o
    0x08003d24   0x00000010   Data   RO           59    .constdata          simsun_16.o
    0x08003d34   0x00000010   Data   RO           60    .constdata          simsun_16.o
    0x08003d44   0x00000010   Data   RO           61    .constdata          simsun_16.o
    0x08003d54   0x00000010   Data   RO           62    .constdata          simsun_16.o
    0x08003d64   0x00000010   Data   RO           63    .constdata          simsun_16.o
    0x08003d74   0x00000010   Data   RO           64    .constdata          simsun_16.o
    0x08003d84   0x00000010   Data   RO           65    .constdata          simsun_16.o
    0x08003d94   0x00000010   Data   RO           66    .constdata          simsun_16.o
    0x08003da4   0x00000010   Data   RO           67    .constdata          simsun_16.o
    0x08003db4   0x00000010   Data   RO           68    .constdata          simsun_16.o
    0x08003dc4   0x00000010   Data   RO           69    .constdata          simsun_16.o
    0x08003dd4   0x00000010   Data   RO           70    .constdata          simsun_16.o
    0x08003de4   0x00000010   Data   RO           71    .constdata          simsun_16.o
    0x08003df4   0x00000010   Data   RO           72    .constdata          simsun_16.o
    0x08003e04   0x00000010   Data   RO           73    .constdata          simsun_16.o
    0x08003e14   0x00000010   Data   RO           74    .constdata          simsun_16.o
    0x08003e24   0x00000010   Data   RO           75    .constdata          simsun_16.o
    0x08003e34   0x00000010   Data   RO           76    .constdata          simsun_16.o
    0x08003e44   0x00000010   Data   RO           77    .constdata          simsun_16.o
    0x08003e54   0x00000010   Data   RO           78    .constdata          simsun_16.o
    0x08003e64   0x00000010   Data   RO           79    .constdata          simsun_16.o
    0x08003e74   0x00000010   Data   RO           80    .constdata          simsun_16.o
    0x08003e84   0x00000010   Data   RO           81    .constdata          simsun_16.o
    0x08003e94   0x00000010   Data   RO           82    .constdata          simsun_16.o
    0x08003ea4   0x00000010   Data   RO           83    .constdata          simsun_16.o
    0x08003eb4   0x00000010   Data   RO           84    .constdata          simsun_16.o
    0x08003ec4   0x00000010   Data   RO           85    .constdata          simsun_16.o
    0x08003ed4   0x00000010   Data   RO           86    .constdata          simsun_16.o
    0x08003ee4   0x00000010   Data   RO           87    .constdata          simsun_16.o
    0x08003ef4   0x00000010   Data   RO           88    .constdata          simsun_16.o
    0x08003f04   0x00000010   Data   RO           89    .constdata          simsun_16.o
    0x08003f14   0x00000010   Data   RO           90    .constdata          simsun_16.o
    0x08003f24   0x00000010   Data   RO           91    .constdata          simsun_16.o
    0x08003f34   0x00000010   Data   RO           92    .constdata          simsun_16.o
    0x08003f44   0x00000010   Data   RO           93    .constdata          simsun_16.o
    0x08003f54   0x00000010   Data   RO           94    .constdata          simsun_16.o
    0x08003f64   0x00000010   Data   RO           95    .constdata          simsun_16.o
    0x08003f74   0x00000010   Data   RO           96    .constdata          simsun_16.o
    0x08003f84   0x00000010   Data   RO           97    .constdata          simsun_16.o
    0x08003f94   0x00000010   Data   RO           98    .constdata          simsun_16.o
    0x08003fa4   0x00000010   Data   RO           99    .constdata          simsun_16.o
    0x08003fb4   0x00000010   Data   RO          100    .constdata          simsun_16.o
    0x08003fc4   0x00000010   Data   RO          101    .constdata          simsun_16.o
    0x08003fd4   0x00000010   Data   RO          102    .constdata          simsun_16.o
    0x08003fe4   0x00000010   Data   RO          103    .constdata          simsun_16.o
    0x08003ff4   0x00000010   Data   RO          104    .constdata          simsun_16.o
    0x08004004   0x00000010   Data   RO          105    .constdata          simsun_16.o
    0x08004014   0x00000020   Data   RO          106    .constdata          simsun_16.o
    0x08004034   0x00000020   Data   RO          107    .constdata          simsun_16.o
    0x08004054   0x00000020   Data   RO          108    .constdata          simsun_16.o
    0x08004074   0x00000020   Data   RO          109    .constdata          simsun_16.o
    0x08004094   0x00000020   Data   RO          110    .constdata          simsun_16.o
    0x080040b4   0x00000020   Data   RO          111    .constdata          simsun_16.o
    0x080040d4   0x00000020   Data   RO          112    .constdata          simsun_16.o
    0x080040f4   0x00000020   Data   RO          113    .constdata          simsun_16.o
    0x08004114   0x00000020   Data   RO          114    .constdata          simsun_16.o
    0x08004134   0x00000020   Data   RO          115    .constdata          simsun_16.o
    0x08004154   0x00000020   Data   RO          116    .constdata          simsun_16.o
    0x08004174   0x00000020   Data   RO          117    .constdata          simsun_16.o
    0x08004194   0x00000020   Data   RO          118    .constdata          simsun_16.o
    0x080041b4   0x00000020   Data   RO          119    .constdata          simsun_16.o
    0x080041d4   0x00000020   Data   RO          120    .constdata          simsun_16.o
    0x080041f4   0x00000020   Data   RO          121    .constdata          simsun_16.o
    0x08004214   0x00000020   Data   RO          122    .constdata          simsun_16.o
    0x08004234   0x00000020   Data   RO          123    .constdata          simsun_16.o
    0x08004254   0x00000020   Data   RO          124    .constdata          simsun_16.o
    0x08004274   0x00000020   Data   RO          125    .constdata          simsun_16.o
    0x08004294   0x00000020   Data   RO          126    .constdata          simsun_16.o
    0x080042b4   0x00000020   Data   RO          127    .constdata          simsun_16.o
    0x080042d4   0x00000020   Data   RO          128    .constdata          simsun_16.o
    0x080042f4   0x00000020   Data   RO          129    .constdata          simsun_16.o
    0x08004314   0x00000020   Data   RO          130    .constdata          simsun_16.o
    0x08004334   0x000003c8   Data   RO          131    .constdata          simsun_16.o
    0x080046fc   0x0000000c   Data   RO          132    .constdata          simsun_16.o
    0x08004708   0x0000000c   Data   RO          133    .constdata          simsun_16.o
    0x08004714   0x0000000c   Data   RO          134    .constdata          simsun_16.o
    0x08004720   0x0000000c   Data   RO          135    .constdata          simsun_16.o
    0x0800472c   0x0000000c   Data   RO          136    .constdata          simsun_16.o
    0x08004738   0x0000000c   Data   RO          137    .constdata          simsun_16.o
    0x08004744   0x0000000c   Data   RO          138    .constdata          simsun_16.o
    0x08004750   0x0000000c   Data   RO          139    .constdata          simsun_16.o
    0x0800475c   0x0000000c   Data   RO          140    .constdata          simsun_16.o
    0x08004768   0x0000000c   Data   RO          141    .constdata          simsun_16.o
    0x08004774   0x0000000c   Data   RO          142    .constdata          simsun_16.o
    0x08004780   0x0000000c   Data   RO          143    .constdata          simsun_16.o
    0x0800478c   0x0000000c   Data   RO          144    .constdata          simsun_16.o
    0x08004798   0x0000000c   Data   RO          145    .constdata          simsun_16.o
    0x080047a4   0x0000000c   Data   RO          146    .constdata          simsun_16.o
    0x080047b0   0x0000000c   Data   RO          147    .constdata          simsun_16.o
    0x080047bc   0x0000000c   Data   RO          148    .constdata          simsun_16.o
    0x080047c8   0x0000000c   Data   RO          149    .constdata          simsun_16.o
    0x080047d4   0x0000000c   Data   RO          150    .constdata          simsun_16.o
    0x080047e0   0x0000000c   Data   RO          151    .constdata          simsun_16.o
    0x080047ec   0x0000000c   Data   RO          152    .constdata          simsun_16.o
    0x080047f8   0x0000000c   Data   RO          153    .constdata          simsun_16.o
    0x08004804   0x0000000c   Data   RO          154    .constdata          simsun_16.o
    0x08004810   0x0000000c   Data   RO          155    .constdata          simsun_16.o
    0x0800481c   0x0000000c   Data   RO          156    .constdata          simsun_16.o
    0x08004828   0x00000020   Data   RO          157    .constdata          simsun_16.o
    0x08004848   0x0000006c   Data   RO          413    .constdata          freertos.o
    0x080048b4   0x00000010   Data   RO         2741    .constdata          system_stm32f4xx.o
    0x080048c4   0x00000008   Data   RO         2742    .constdata          system_stm32f4xx.o
    0x080048cc   0x000002f8   Data   RO         4532    .constdata          f08_ascii.o
    0x08004bc4   0x000002f8   Data   RO         4533    .constdata          f08_ascii.o
    0x08004ebc   0x0000000c   Data   RO         4534    .constdata          f08_ascii.o
    0x08004ec8   0x00000020   Data   RO         4535    .constdata          f08_ascii.o
    0x08004ee8   0x0000001c   Data   RO          414    .conststring        freertos.o
    0x08004f04   0x00000020   Data   RO         5870    Region$$Table       anon$$obj.o


    Execution Region RW_IRAM1 (Base: 0x20000000, Size: 0x00005218, Max: 0x0001c000, ABSOLUTE)

    Base Addr    Size         Type   Attr      Idx    E Section Name        Object

    0x20000000   0x00000018   Data   RW          415    .data               freertos.o
    0x20000018   0x0000000c   Data   RW         1535    .data               stm32f4xx_hal.o
    0x20000024   0x00000004   Data   RW         2743    .data               system_stm32f4xx.o
    0x20000028   0x0000003c   Data   RW         3407    .data               tasks.o
    0x20000064   0x00000014   Data   RW         3738    .data               timers.o
    0x20000078   0x00000004   Data   RW         3963    .data               cmsis_os2.o
    0x2000007c   0x00000020   Data   RW         4409    .data               heap_4.o
    0x2000009c   0x0000000c   Data   RW         4465    .data               port.o
    0x200000a8   0x00000001   Data   RW         4638    .data               guislim.o
    0x200000a9   0x00000001   PAD
    0x200000aa   0x00000006   Data   RW         5100    .data               ssd1306.o
    0x200000b0   0x00000001   Data   RW         5257    .data               user_diskio.o
    0x200000b1   0x00000003   PAD
    0x200000b4   0x00000014   Data   RW         5258    .data               user_diskio.o
    0x200000c8   0x00000005   Data   RW         5311    .data               fatfs.o
    0x200000cd   0x00000003   PAD
    0x200000d0   0x00000048   Zero   RW          580    .bss                stm32f4xx_hal_timebase_tim.o
    0x20000118   0x00000040   Zero   RW         2982    .bss                queue.o
    0x20000158   0x000004c4   Zero   RW         3406    .bss                tasks.o
    0x2000061c   0x00000118   Zero   RW         3737    .bss                timers.o
    0x20000734   0x000006b8   Zero   RW         3962    .bss                cmsis_os2.o
    0x20000dec   0x00003c00   Zero   RW         4408    .bss                heap_4.o
    0x200049ec   0x00000020   Zero   RW         4637    .bss                guislim.o
    0x20004a0c   0x00000400   Zero   RW         5099    .bss                ssd1306.o
    0x20004e0c   0x0000000c   Zero   RW         5746    .bss                ff_gen_drv.o
    0x20004e18   0x00000400   Zero   RW            1    STACK               startup_stm32f407xx.o


    Execution Region RW_IRAM2 (Base: 0x2001c000, Size: 0x00000000, Max: 0x00004000, ABSOLUTE)

    **** No section assigned to this execution region ****


==============================================================================

Image component sizes


      Code (inc. data)   RO Data    RW Data    ZI Data      Debug   Object Name

       454         28          0          4       1720      66601   cmsis_os2.o
         0          0          0          0          0      19416   event_groups.o
         0          0       1564          0          0       8674   f08_ascii.o
        28         10          0          5          0       1042   fatfs.o
        70          6          0          0         12       1607   ff_gen_drv.o
       408        102        136         24          0       4694   freertos.o
       584         26          0          0          0       2495   gpio.o
      1518        102          0          1         32      29466   guislim.o
       472         24          0         32      15360       4819   heap_4.o
       138          0          0          0          0       3502   list.o
       204         16          0          0          0     697436   main.o
       786         82          0         12          0      11413   port.o
      1514         20          0          0         64      17288   queue.o
         0          0       3636          0          0      20638   simsun_16.o
       882         26          0          6       1024       6322   ssd1306.o
       274         20          0          0          0       3352   ssd1306_i2c.o
        36          8        392          0       1024        828   startup_stm32f407xx.o
       116         18          0         12          0       8662   stm32f4xx_hal.o
       158         14          0          0          0      32998   stm32f4xx_hal_cortex.o
       516         46          0          0          0       2819   stm32f4xx_hal_gpio.o
        56          4          0          0          0        850   stm32f4xx_hal_msp.o
      1376         70          0          0          0       5278   stm32f4xx_hal_rcc.o
       740         72          0          0          0       7416   stm32f4xx_hal_tim.o
         4          0          0          0          0       1605   stm32f4xx_hal_tim_ex.o
       152         20          0          0         72       1455   stm32f4xx_hal_timebase_tim.o
        24          6          0          0          0       3195   stm32f4xx_it.o
         0          0          0          0          0        392   stream_buffer.o
        16          4         24          4          0       1103   system_stm32f4xx.o
      2584        212          0         60       1220      30352   tasks.o
       972         80          0         20        280      31987   timers.o
        44         12          0         21          0       3204   user_diskio.o

    ----------------------------------------------------------------------
     14158       1028       5784        208      20808    1030909   Object Totals
         0          0         32          0          0          0   (incl. Generated)
        32          0          0          7          0          0   (incl. Padding)

    ----------------------------------------------------------------------

      Code (inc. data)   RO Data    RW Data    ZI Data      Debug   Library Member Name

         0          0          0          0          0          0   entry.o
         0          0          0          0          0          0   entry10a.o
         0          0          0          0          0          0   entry11a.o
         8          4          0          0          0          0   entry2.o
         4          0          0          0          0          0   entry5.o
         0          0          0          0          0          0   entry7b.o
         0          0          0          0          0          0   entry8b.o
         8          4          0          0          0          0   entry9a.o
        30          0          0          0          0          0   handlers.o
        36          8          0          0          0         68   init.o
        30          0          0          0          0         68   llshl.o
        32          0          0          0          0         68   llushr.o
        36          0          0          0          0         68   memcpya.o
        36          0          0          0          0        108   memseta.o
        98          0          0          0          0         92   uldiv.o

    ----------------------------------------------------------------------
       318         16          0          0          0        472   Library Totals
         0          0          0          0          0          0   (incl. Padding)

    ----------------------------------------------------------------------

      Code (inc. data)   RO Data    RW Data    ZI Data      Debug   Library Name

       318         16          0          0          0        472   mc_w.l

    ----------------------------------------------------------------------
       318         16          0          0          0        472   Library Totals

    ----------------------------------------------------------------------

==============================================================================


      Code (inc. data)   RO Data    RW Data    ZI Data      Debug   

     14476       1044       5784        208      20808    1014829   Grand Totals
     14476       1044       5784        208      20808    1014829   ELF Image Totals
     14476       1044       5784        208          0          0   ROM Totals

==============================================================================

    Total RO  Size (Code + RO Data)                20260 (  19.79kB)
    Total RW  Size (RW Data + ZI Data)             21016 (  20.52kB)
    Total ROM Size (Code + RO Data + RW Data)      20468 (  19.99kB)

==============================================================================

