Component: ARM Compiler 5.06 update 1 (build 61) Tool: armlink [4d35a8]

==============================================================================

Section Cross References

    startup_stm32f407xx.o(RESET) refers to startup_stm32f407xx.o(STACK) for __initial_sp
    startup_stm32f407xx.o(RESET) refers to startup_stm32f407xx.o(.text) for Reset_Handler
    startup_stm32f407xx.o(RESET) refers to stm32f4xx_it.o(i.NMI_Handler) for NMI_Handler
    startup_stm32f407xx.o(RESET) refers to stm32f4xx_it.o(i.HardFault_Handler) for HardFault_Handler
    startup_stm32f407xx.o(RESET) refers to stm32f4xx_it.o(i.MemManage_Handler) for MemManage_Handler
    startup_stm32f407xx.o(RESET) refers to stm32f4xx_it.o(i.BusFault_Handler) for BusFault_Handler
    startup_stm32f407xx.o(RESET) refers to stm32f4xx_it.o(i.UsageFault_Handler) for UsageFault_Handler
    startup_stm32f407xx.o(RESET) refers to port.o(.emb_text) for SVC_Handler
    startup_stm32f407xx.o(RESET) refers to stm32f4xx_it.o(i.DebugMon_Handler) for DebugMon_Handler
    startup_stm32f407xx.o(RESET) refers to cmsis_os2.o(i.SysTick_Handler) for SysTick_Handler
    startup_stm32f407xx.o(RESET) refers to stm32f4xx_it.o(i.RTC_WKUP_IRQHandler) for RTC_WKUP_IRQHandler
    startup_stm32f407xx.o(RESET) refers to stm32f4xx_it.o(i.USART1_IRQHandler) for USART1_IRQHandler
    startup_stm32f407xx.o(RESET) refers to stm32f4xx_it.o(i.RTC_Alarm_IRQHandler) for RTC_Alarm_IRQHandler
    startup_stm32f407xx.o(RESET) refers to stm32f4xx_it.o(i.TIM7_IRQHandler) for TIM7_IRQHandler
    startup_stm32f407xx.o(RESET) refers to stm32f4xx_it.o(i.DMA2_Stream1_IRQHandler) for DMA2_Stream1_IRQHandler
    startup_stm32f407xx.o(RESET) refers to stm32f4xx_it.o(i.DMA2_Stream6_IRQHandler) for DMA2_Stream6_IRQHandler
    startup_stm32f407xx.o(RESET) refers to stm32f4xx_it.o(i.USART6_IRQHandler) for USART6_IRQHandler
    startup_stm32f407xx.o(.text) refers to system_stm32f4xx.o(i.SystemInit) for SystemInit
    startup_stm32f407xx.o(.text) refers to entry.o(.ARM.Collect$$$$00000000) for __main
    simsun_16.o(.constdata) refers to simsun_16.o(.constdata) for acFontHZSimSun_16_0020
    simsun_16.o(.constdata) refers to simsun_16.o(.constdata) for acFontHZSimSun_16_0021
    simsun_16.o(.constdata) refers to simsun_16.o(.constdata) for acFontHZSimSun_16_0022
    simsun_16.o(.constdata) refers to simsun_16.o(.constdata) for acFontHZSimSun_16_0023
    simsun_16.o(.constdata) refers to simsun_16.o(.constdata) for acFontHZSimSun_16_0024
    simsun_16.o(.constdata) refers to simsun_16.o(.constdata) for acFontHZSimSun_16_0025
    simsun_16.o(.constdata) refers to simsun_16.o(.constdata) for acFontHZSimSun_16_0026
    simsun_16.o(.constdata) refers to simsun_16.o(.constdata) for acFontHZSimSun_16_0027
    simsun_16.o(.constdata) refers to simsun_16.o(.constdata) for acFontHZSimSun_16_0028
    simsun_16.o(.constdata) refers to simsun_16.o(.constdata) for acFontHZSimSun_16_0029
    simsun_16.o(.constdata) refers to simsun_16.o(.constdata) for acFontHZSimSun_16_002a
    simsun_16.o(.constdata) refers to simsun_16.o(.constdata) for acFontHZSimSun_16_002b
    simsun_16.o(.constdata) refers to simsun_16.o(.constdata) for acFontHZSimSun_16_002c
    simsun_16.o(.constdata) refers to simsun_16.o(.constdata) for acFontHZSimSun_16_002d
    simsun_16.o(.constdata) refers to simsun_16.o(.constdata) for acFontHZSimSun_16_002e
    simsun_16.o(.constdata) refers to simsun_16.o(.constdata) for acFontHZSimSun_16_002f
    simsun_16.o(.constdata) refers to simsun_16.o(.constdata) for acFontHZSimSun_16_0030
    simsun_16.o(.constdata) refers to simsun_16.o(.constdata) for acFontHZSimSun_16_0031
    simsun_16.o(.constdata) refers to simsun_16.o(.constdata) for acFontHZSimSun_16_0032
    simsun_16.o(.constdata) refers to simsun_16.o(.constdata) for acFontHZSimSun_16_0033
    simsun_16.o(.constdata) refers to simsun_16.o(.constdata) for acFontHZSimSun_16_0034
    simsun_16.o(.constdata) refers to simsun_16.o(.constdata) for acFontHZSimSun_16_0035
    simsun_16.o(.constdata) refers to simsun_16.o(.constdata) for acFontHZSimSun_16_0036
    simsun_16.o(.constdata) refers to simsun_16.o(.constdata) for acFontHZSimSun_16_0037
    simsun_16.o(.constdata) refers to simsun_16.o(.constdata) for acFontHZSimSun_16_0038
    simsun_16.o(.constdata) refers to simsun_16.o(.constdata) for acFontHZSimSun_16_0039
    simsun_16.o(.constdata) refers to simsun_16.o(.constdata) for acFontHZSimSun_16_003a
    simsun_16.o(.constdata) refers to simsun_16.o(.constdata) for acFontHZSimSun_16_003b
    simsun_16.o(.constdata) refers to simsun_16.o(.constdata) for acFontHZSimSun_16_003c
    simsun_16.o(.constdata) refers to simsun_16.o(.constdata) for acFontHZSimSun_16_003d
    simsun_16.o(.constdata) refers to simsun_16.o(.constdata) for acFontHZSimSun_16_003e
    simsun_16.o(.constdata) refers to simsun_16.o(.constdata) for acFontHZSimSun_16_003f
    simsun_16.o(.constdata) refers to simsun_16.o(.constdata) for acFontHZSimSun_16_0040
[...]
    HAL_NVIC_EnableIRQ                       0x080015a5   Thumb Code    26  stm32f4xx_hal_cortex.o(i.HAL_NVIC_EnableIRQ)
    HAL_NVIC_SetPriority                     0x080015c1   Thumb Code    60  stm32f4xx_hal_cortex.o(i.HAL_NVIC_SetPriority)
    HAL_NVIC_SetPriorityGrouping             0x08001601   Thumb Code    26  stm32f4xx_hal_cortex.o(i.HAL_NVIC_SetPriorityGrouping)
    HAL_RCCEx_PeriphCLKConfig                0x08001625   Thumb Code   296  stm32f4xx_hal_rcc_ex.o(i.HAL_RCCEx_PeriphCLKConfig)
    HAL_RCC_ClockConfig                      0x08001761   Thumb Code   288  stm32f4xx_hal_rcc.o(i.HAL_RCC_ClockConfig)
    HAL_RCC_GetClockConfig                   0x08001895   Thumb Code    54  stm32f4xx_hal_rcc.o(i.HAL_RCC_GetClockConfig)
    HAL_RCC_GetPCLK1Freq                     0x080018d5   Thumb Code    20  stm32f4xx_hal_rcc.o(i.HAL_RCC_GetPCLK1Freq)
    HAL_RCC_GetPCLK2Freq                     0x080018f5   Thumb Code    20  stm32f4xx_hal_rcc.o(i.HAL_RCC_GetPCLK2Freq)
    HAL_RCC_GetSysClockFreq                  0x08001915   Thumb Code    88  stm32f4xx_hal_rcc.o(i.HAL_RCC_GetSysClockFreq)
    HAL_RCC_OscConfig                        0x08001975   Thumb Code   856  stm32f4xx_hal_rcc.o(i.HAL_RCC_OscConfig)
    HAL_RTCEx_AlarmBEventCallback            0x08001ce1   Thumb Code     2  stm32f4xx_hal_rtc_ex.o(i.HAL_RTCEx_AlarmBEventCallback)
    HAL_RTCEx_SetWakeUpTimer_IT              0x08001ce5   Thumb Code   250  stm32f4xx_hal_rtc_ex.o(i.HAL_RTCEx_SetWakeUpTimer_IT)
    HAL_RTCEx_WakeUpTimerEventCallback       0x08001de9   Thumb Code     2  stm32f4xx_hal_rtc_ex.o(i.HAL_RTCEx_WakeUpTimerEventCallback)
    HAL_RTCEx_WakeUpTimerIRQHandler          0x08001ded   Thumb Code    44  stm32f4xx_hal_rtc_ex.o(i.HAL_RTCEx_WakeUpTimerIRQHandler)
    HAL_RTC_AlarmAEventCallback              0x08001e1d   Thumb Code     2  stm32f4xx_hal_rtc.o(i.HAL_RTC_AlarmAEventCallback)
    HAL_RTC_AlarmIRQHandler                  0x08001e21   Thumb Code    82  stm32f4xx_hal_rtc.o(i.HAL_RTC_AlarmIRQHandler)
    HAL_RTC_Init                             0x08001e79   Thumb Code   150  stm32f4xx_hal_rtc.o(i.HAL_RTC_Init)
    HAL_RTC_MspInit                          0x08001f15   Thumb Code    80  rtc.o(i.HAL_RTC_MspInit)
    HAL_RTC_SetAlarm_IT                      0x08001f6d   Thumb Code   406  stm32f4xx_hal_rtc.o(i.HAL_RTC_SetAlarm_IT)
    HAL_RTC_SetDate                          0x0800210d   Thumb Code   146  stm32f4xx_hal_rtc.o(i.HAL_RTC_SetDate)
    HAL_RTC_SetTime                          0x080021a5   Thumb Code   186  stm32f4xx_hal_rtc.o(i.HAL_RTC_SetTime)
    HAL_RTC_WaitForSynchro                   0x08002265   Thumb Code    50  stm32f4xx_hal_rtc.o(i.HAL_RTC_WaitForSynchro)
    HAL_TIMEx_BreakCallback                  0x0800229d   Thumb Code     2  stm32f4xx_hal_tim_ex.o(i.HAL_TIMEx_BreakCallback)
    HAL_TIMEx_CommutCallback                 0x0800229f   Thumb Code     2  stm32f4xx_hal_tim_ex.o(i.HAL_TIMEx_CommutCallback)
    HAL_TIM_Base_Init                        0x080022a1   Thumb Code    90  stm32f4xx_hal_tim.o(i.HAL_TIM_Base_Init)
    HAL_TIM_Base_MspInit                     0x080022fb   Thumb Code     2  stm32f4xx_hal_tim.o(i.HAL_TIM_Base_MspInit)
    HAL_TIM_Base_Start_IT                    0x080022fd   Thumb Code   100  stm32f4xx_hal_tim.o(i.HAL_TIM_Base_Start_IT)
    HAL_TIM_IC_CaptureCallback               0x0800237d   Thumb Code     2  stm32f4xx_hal_tim.o(i.HAL_TIM_IC_CaptureCallback)
    HAL_TIM_IRQHandler                       0x0800237f   Thumb Code   304  stm32f4xx_hal_tim.o(i.HAL_TIM_IRQHandler)
    HAL_TIM_OC_DelayElapsedCallback          0x080024af   Thumb Code     2  stm32f4xx_hal_tim.o(i.HAL_TIM_OC_DelayElapsedCallback)
    HAL_TIM_PWM_PulseFinishedCallback        0x080024b1   Thumb Code     2  stm32f4xx_hal_tim.o(i.HAL_TIM_PWM_PulseFinishedCallback)
    HAL_TIM_PeriodElapsedCallback            0x080024b5   Thumb Code    14  main.o(i.HAL_TIM_PeriodElapsedCallback)
    HAL_TIM_TriggerCallback                  0x080024c9   Thumb Code     2  stm32f4xx_hal_tim.o(i.HAL_TIM_TriggerCallback)
    HAL_UARTEx_ReceiveToIdle_IT              0x080024cb   Thumb Code    78  stm32f4xx_hal_uart.o(i.HAL_UARTEx_ReceiveToIdle_IT)
    HAL_UARTEx_RxEventCallback               0x08002519   Thumb Code    96  freertos.o(i.HAL_UARTEx_RxEventCallback)
    HAL_UART_ErrorCallback                   0x0800258d   Thumb Code     2  stm32f4xx_hal_uart.o(i.HAL_UART_ErrorCallback)
    HAL_UART_IRQHandler                      0x08002591   Thumb Code   618  stm32f4xx_hal_uart.o(i.HAL_UART_IRQHandler)
    HAL_UART_Init                            0x08002801   Thumb Code   100  stm32f4xx_hal_uart.o(i.HAL_UART_Init)
    HAL_UART_MspInit                         0x08002865   Thumb Code   276  usart.o(i.HAL_UART_MspInit)
    HAL_UART_RxCpltCallback                  0x08002995   Thumb Code     2  stm32f4xx_hal_uart.o(i.HAL_UART_RxCpltCallback)
    HAL_UART_Transmit                        0x08002997   Thumb Code   160  stm32f4xx_hal_uart.o(i.HAL_UART_Transmit)
    HAL_UART_TxCpltCallback                  0x08002a37   Thumb Code     2  stm32f4xx_hal_uart.o(i.HAL_UART_TxCpltCallback)
    HardFault_Handler                        0x08002a39   Thumb Code     2  stm32f4xx_it.o(i.HardFault_Handler)
    LCD_DrawBitmap1BPP                       0x08002a49   Thumb Code   132  guislim.o(i.LCD_DrawBitmap1BPP)
    LCD_L0_DrawBitmap1BPP                    0x08002ad1   Thumb Code    52  guislim.o(i.LCD_L0_DrawBitmap1BPP)
    MX_DMA_Init                              0x08002b05   Thumb Code    56  dma.o(i.MX_DMA_Init)
    MX_FATFS_Init                            0x08002b41   Thumb Code    18  fatfs.o(i.MX_FATFS_Init)
    MX_FREERTOS_Init                         0x08002b5d   Thumb Code   132  freertos.o(i.MX_FREERTOS_Init)
    MX_GPIO_Init                             0x08002c05   Thumb Code   202  gpio.o(i.MX_GPIO_Init)
    MX_RTC_Init                              0x08002cdd   Thumb Code   194  rtc.o(i.MX_RTC_Init)
    MX_USART1_UART_Init                      0x08002da9   Thumb Code    48  usart.o(i.MX_USART1_UART_Init)
    MX_USART6_UART_Init                      0x08002de1   Thumb Code    48  usart.o(i.MX_USART6_UART_Init)
    MemManage_Handler                        0x08002e19   Thumb Code     2  stm32f4xx_it.o(i.MemManage_Handler)
    NMI_Handler                              0x08002e1b   Thumb Code     2  stm32f4xx_it.o(i.NMI_Handler)
    OLED_IIC_Ack                             0x08002e1d   Thumb Code    46  ssd1306_i2c.o(i.OLED_IIC_Ack)
    OLED_IIC_SendByte                        0x08002e51   Thumb Code    82  ssd1306_i2c.o(i.OLED_IIC_SendByte)
    OLED_IIC_Start                           0x08002ea9   Thumb Code    56  ssd1306_i2c.o(i.OLED_IIC_Start)
    OLED_IIC_Stop                            0x08002ee5   Thumb Code    56  ssd1306_i2c.o(i.OLED_IIC_Stop)
    RTC_Alarm_IRQHandler                     0x08002f21   Thumb Code     6  stm32f4xx_it.o(i.RTC_Alarm_IRQHandler)
    RTC_ByteToBcd2                           0x08002f2d   Thumb Code    22  stm32f4xx_hal_rtc.o(i.RTC_ByteToBcd2)
    RTC_EnterInitMode                        0x08002f45   Thumb Code    72  stm32f4xx_hal_rtc.o(i.RTC_EnterInitMode)
    RTC_ExitInitMode                         0x08002f8d   Thumb Code    42  stm32f4xx_hal_rtc.o(i.RTC_ExitInitMode)
    RTC_WKUP_IRQHandler                      0x08002fb9   Thumb Code     6  stm32f4xx_it.o(i.RTC_WKUP_IRQHandler)
    SSD1306_DrawFilledRectangle              0x08002fc5   Thumb Code    86  ssd1306.o(i.SSD1306_DrawFilledRectangle)
    SSD1306_DrawLine                         0x0800301b   Thumb Code   266  ssd1306.o(i.SSD1306_DrawLine)
    SSD1306_DrawPixel                        0x08003125   Thumb Code    54  ssd1306.o(i.SSD1306_DrawPixel)
    SSD1306_Fill                             0x08003165   Thumb Code    18  ssd1306.o(i.SSD1306_Fill)
    SSD1306_UpdateScreen                     0x0800317d   Thumb Code    58  ssd1306.o(i.SSD1306_UpdateScreen)
    SSD1306_WriteByte                        0x080031bd   Thumb Code    48  ssd1306.o(i.SSD1306_WriteByte)
    SSD1306_WriteMuliByte                    0x080031ed   Thumb Code    62  ssd1306.o(i.SSD1306_WriteMuliByte)
    SSD1306_init                             0x0800322d   Thumb Code   264  ssd1306.o(i.SSD1306_init)
    ScanKey                                  0x08003339   Thumb Code   202  gpio.o(i.ScanKey)
    SetLeds                                  0x08003409   Thumb Code   170  gpio.o(i.SetLeds)
    StartDefaultTask                         0x080034b9   Thumb Code     8  freertos.o(i.StartDefaultTask)
    StartESPTask                             0x080034c1   Thumb Code     8  freertos.o(i.StartESPTask)
    StartGUITask                             0x080034c9   Thumb Code    72  freertos.o(i.StartGUITask)
    StartKeyTask                             0x08003519   Thumb Code   128  freertos.o(i.StartKeyTask)
    StartTempTask                            0x0800359d   Thumb Code    44  freertos.o(i.StartTempTask)
    StartUsartTask                           0x080035cd   Thumb Code   186  freertos.o(i.StartUsartTask)
    StartledTask                             0x080036d1   Thumb Code     8  freertos.o(i.StartledTask)
    SysTick_Handler                          0x080036d9   Thumb Code    26  cmsis_os2.o(i.SysTick_Handler)
    SystemClock_Config                       0x080036f5   Thumb Code   144  main.o(i.SystemClock_Config)
    SystemInit                               0x0800378d   Thumb Code    12  system_stm32f4xx.o(i.SystemInit)
    TIM7_IRQHandler                          0x0800379d   Thumb Code     6  stm32f4xx_it.o(i.TIM7_IRQHandler)
    TIM_Base_SetConfig                       0x080037a9   Thumb Code   170  stm32f4xx_hal_tim.o(i.TIM_Base_SetConfig)
    UART_Start_Receive_IT                    0x08003aad   Thumb Code    54  stm32f4xx_hal_uart.o(i.UART_Start_Receive_IT)
    UIInfo                                   0x08003b55   Thumb Code    86  freertos.o(i.UIInfo)
    UIMain                                   0x08003bd1   Thumb Code    24  freertos.o(i.UIMain)
    UIParaSet                                0x08003bf1   Thumb Code    24  freertos.o(i.UIParaSet)
    UIRecorder                               0x08003c11   Thumb Code    24  freertos.o(i.UIRecorder)
    UITimeSet                                0x08003c35   Thumb Code    24  freertos.o(i.UITimeSet)
    UITitle                                  0x08003c55   Thumb Code    56  freertos.o(i.UITitle)
    USART1_IRQHandler                        0x08003c95   Thumb Code     6  stm32f4xx_it.o(i.USART1_IRQHandler)
    USART6_IRQHandler                        0x08003ca1   Thumb Code     6  stm32f4xx_it.o(i.USART6_IRQHandler)
    USER_initialize                          0x08003cad   Thumb Code    10  user_diskio.o(i.USER_initialize)
    USER_ioctl                               0x08003cbd   Thumb Code     4  user_diskio.o(i.USER_ioctl)
    USER_read                                0x08003cc1   Thumb Code     4  user_diskio.o(i.USER_read)
    USER_status                              0x08003cc5   Thumb Code    10  user_diskio.o(i.USER_status)
    USER_write                               0x08003cd5   Thumb Code     4  user_diskio.o(i.USER_write)
    UsageFault_Handler                       0x08003cd9   Thumb Code     2  stm32f4xx_it.o(i.UsageFault_Handler)
    __0printf$2                              0x08003cf5   Thumb Code    22  printf2.o(i.__0printf$2)
    __1printf$2                              0x08003cf5   Thumb Code     0  printf2.o(i.__0printf$2)
    __2printf                                0x08003cf5   Thumb Code     0  printf2.o(i.__0printf$2)
    __aeabi_errno_addr                       0x08003d35   Thumb Code     4  errno.o(i.__aeabi_errno_addr)
    __rt_errno_addr                          0x08003d35   Thumb Code     0  errno.o(i.__aeabi_errno_addr)
    __scatterload_copy                       0x08003d3d   Thumb Code    14  handlers.o(i.__scatterload_copy)
    __scatterload_null                       0x08003d4b   Thumb Code     2  handlers.o(i.__scatterload_null)
    __scatterload_zeroinit                   0x08003d4d   Thumb Code    14  handlers.o(i.__scatterload_zeroinit)
    delay_us                                 0x08003e31   Thumb Code    36  ds_18b20.o(i.delay_us)
    ds18b20_init                             0x08003e61   Thumb Code    82  ds_18b20.o(i.ds18b20_init)
    ds18b20_read                             0x08003ebd   Thumb Code   100  ds_18b20.o(i.ds18b20_read)
    fputc                                    0x08003f29   Thumb Code    20  usart.o(i.fputc)
    main                                     0x08003f41   Thumb Code    52  main.o(i.main)
    osDelay                                  0x08003f75   Thumb Code    26  cmsis_os2.o(i.osDelay)
    osKernelGetTickCount                     0x08003f8f   Thumb Code    14  cmsis_os2.o(i.osKernelGetTickCount)
    osKernelInitialize                       0x08003f9d   Thumb Code    32  cmsis_os2.o(i.osKernelInitialize)
    osKernelStart                            0x08003fc1   Thumb Code    48  cmsis_os2.o(i.osKernelStart)
    osMessageQueueGet                        0x08003ff9   Thumb Code    96  cmsis_os2.o(i.osMessageQueueGet)
    osMessageQueueNew                        0x0800405d   Thumb Code    88  cmsis_os2.o(i.osMessageQueueNew)
    osMessageQueuePut                        0x080040b5   Thumb Code   100  cmsis_os2.o(i.osMessageQueuePut)
    osThreadFlagsSet                         0x0800411d   Thumb Code   110  cmsis_os2.o(i.osThreadFlagsSet)
    osThreadNew                              0x08004191   Thumb Code   136  cmsis_os2.o(i.osThreadNew)
    pvPortMalloc                             0x080049ad   Thumb Code   216  heap_4.o(i.pvPortMalloc)
    pxPortInitialiseStack                    0x08004a89   Thumb Code    40  port.o(i.pxPortInitialiseStack)
    uxListRemove                             0x08004ab5   Thumb Code    38  list.o(i.uxListRemove)
    vApplicationGetIdleTaskMemory            0x08004add   Thumb Code    16  cmsis_os2.o(i.vApplicationGetIdleTaskMemory)
    vApplicationGetTimerTaskMemory           0x08004af1   Thumb Code    18  cmsis_os2.o(i.vApplicationGetTimerTaskMemory)
    vListInitialise                          0x08004b09   Thumb Code    22  list.o(i.vListInitialise)
    vListInitialiseItem                      0x08004b1f   Thumb Code     6  list.o(i.vListInitialiseItem)
    vListInsert                              0x08004b25   Thumb Code    48  list.o(i.vListInsert)
    vListInsertEnd                           0x08004b55   Thumb Code    24  list.o(i.vListInsertEnd)
    vPortEnterCritical                       0x08004b6d   Thumb Code    54  port.o(i.vPortEnterCritical)
    vPortExitCritical                        0x08004bad   Thumb Code    34  port.o(i.vPortExitCritical)
    vPortFree                                0x08004bd5   Thumb Code    94  heap_4.o(i.vPortFree)
    vPortSetupTimerInterrupt                 0x08004c39   Thumb Code    32  port.o(i.vPortSetupTimerInterrupt)
    vPortValidateInterruptPriority           0x08004c5d   Thumb Code    74  port.o(i.vPortValidateInterruptPriority)
    vQueueAddToRegistry                      0x08004cb1   Thumb Code    34  queue.o(i.vQueueAddToRegistry)
    vQueueWaitForMessageRestricted           0x08004cd9   Thumb Code    68  queue.o(i.vQueueWaitForMessageRestricted)
    vTaskDelay                               0x08004d1d   Thumb Code    66  tasks.o(i.vTaskDelay)
    vTaskInternalSetTimeOutState             0x08004d69   Thumb Code    12  tasks.o(i.vTaskInternalSetTimeOutState)
    vTaskMissedYield                         0x08004d79   Thumb Code     8  tasks.o(i.vTaskMissedYield)
    vTaskPlaceOnEventList                    0x08004d85   Thumb Code    44  tasks.o(i.vTaskPlaceOnEventList)
    vTaskPlaceOnEventListRestricted          0x08004db5   Thumb Code    52  tasks.o(i.vTaskPlaceOnEventListRestricted)
    vTaskStartScheduler                      0x08004ded   Thumb Code   118  tasks.o(i.vTaskStartScheduler)
    vTaskSuspendAll                          0x08004e75   Thumb Code    10  tasks.o(i.vTaskSuspendAll)
    vTaskSwitchContext                       0x08004e85   Thumb Code    90  tasks.o(i.vTaskSwitchContext)
    xPortStartScheduler                      0x08004ee9   Thumb Code   222  port.o(i.xPortStartScheduler)
    xPortSysTickHandler                      0x08004fdd   Thumb Code    38  port.o(i.xPortSysTickHandler)
    xQueueGenericCreate                      0x08005009   Thumb Code    66  queue.o(i.xQueueGenericCreate)
    xQueueGenericCreateStatic                0x0800504b   Thumb Code   102  queue.o(i.xQueueGenericCreateStatic)
    xQueueGenericReset                       0x080050b1   Thumb Code   132  queue.o(i.xQueueGenericReset)
    xQueueGenericSend                        0x08005139   Thumb Code   346  queue.o(i.xQueueGenericSend)
    xQueueGenericSendFromISR                 0x08005299   Thumb Code   190  queue.o(i.xQueueGenericSendFromISR)
    xQueueReceive                            0x08005359   Thumb Code   308  queue.o(i.xQueueReceive)
    xQueueReceiveFromISR                     0x08005491   Thumb Code   154  queue.o(i.xQueueReceiveFromISR)
    xTaskCheckForTimeOut                     0x0800552d   Thumb Code   112  tasks.o(i.xTaskCheckForTimeOut)
    xTaskCreate                              0x080055a1   Thumb Code    90  tasks.o(i.xTaskCreate)
    xTaskCreateStatic                        0x080055fb   Thumb Code    86  tasks.o(i.xTaskCreateStatic)
    xTaskGenericNotify                       0x08005651   Thumb Code   210  tasks.o(i.xTaskGenericNotify)
    xTaskGenericNotifyFromISR                0x08005731   Thumb Code   246  tasks.o(i.xTaskGenericNotifyFromISR)
    xTaskGetSchedulerState                   0x08005835   Thumb Code    22  tasks.o(i.xTaskGetSchedulerState)
    xTaskGetTickCount                        0x08005851   Thumb Code     6  tasks.o(i.xTaskGetTickCount)
    xTaskGetTickCountFromISR                 0x0800585d   Thumb Code    12  tasks.o(i.xTaskGetTickCountFromISR)
    xTaskIncrementTick                       0x0800586d   Thumb Code   192  tasks.o(i.xTaskIncrementTick)
    xTaskPriorityDisinherit                  0x08005935   Thumb Code   118  tasks.o(i.xTaskPriorityDisinherit)
    xTaskRemoveFromEventList                 0x080059b5   Thumb Code    98  tasks.o(i.xTaskRemoveFromEventList)
    xTaskResumeAll                           0x08005a25   Thumb Code   182  tasks.o(i.xTaskResumeAll)
    xTimerCreateTimerTask                    0x08005ae9   Thumb Code    78  timers.o(i.xTimerCreateTimerTask)
    xTimerGenericCommand                     0x08005b49   Thumb Code    98  timers.o(i.xTimerGenericCommand)
    acFontHZSimSun_16_0020                   0x08005bb0   Data          16  simsun_16.o(.constdata)
    acFontHZSimSun_16_0021                   0x08005bc0   Data          16  simsun_16.o(.constdata)
    acFontHZSimSun_16_0022                   0x08005bd0   Data          16  simsun_16.o(.constdata)
    acFontHZSimSun_16_0023                   0x08005be0   Data          16  simsun_16.o(.constdata)
    acFontHZSimSun_16_0024                   0x08005bf0   Data          16  simsun_16.o(.constdata)
    acFontHZSimSun_16_0025                   0x08005c00   Data          16  simsun_16.o(.constdata)
    acFontHZSimSun_16_0026                   0x08005c10   Data          16  simsun_16.o(.constdata)
    acFontHZSimSun_16_0027                   0x08005c20   Data          16  simsun_16.o(.constdata)
    acFontHZSimSun_16_0028                   0x08005c30   Data          16  simsun_16.o(.constdata)
    acFontHZSimSun_16_0029                   0x08005c40   Data          16  simsun_16.o(.constdata)
    acFontHZSimSun_16_002a                   0x08005c50   Data          16  simsun_16.o(.constdata)
    acFontHZSimSun_16_002b                   0x08005c60   Data          16  simsun_16.o(.constdata)
    acFontHZSimSun_16_002c                   0x08005c70   Data          16  simsun_16.o(.constdata)
    acFontHZSimSun_16_002d                   0x08005c80   Data          16  simsun_16.o(.constdata)
    acFontHZSimSun_16_002e                   0x08005c90   Data          16  simsun_16.o(.constdata)
    acFontHZSimSun_16_002f                   0x08005ca0   Data          16  simsun_16.o(.constdata)
    acFontHZSimSun_16_0030                   0x08005cb0   Data          16  simsun_16.o(.constdata)
    acFontHZSimSun_16_0031                   0x08005cc0   Data          16  simsun_16.o(.constdata)
    acFontHZSimSun_16_0032                   0x08005cd0   Data          16  simsun_16.o(.constdata)
    acFontHZSimSun_16_0033                   0x08005ce0   Data          16  simsun_16.o(.constdata)
    acFontHZSimSun_16_0034                   0x08005cf0   Data          16  simsun_16.o(.constdata)
    acFontHZSimSun_16_0035                   0x08005d00   Data          16  simsun_16.o(.constdata)
    acFontHZSimSun_16_0036                   0x08005d10   Data          16  simsun_16.o(.constdata)
    acFontHZSimSun_16_0037                   0x08005d20   Data          16  simsun_16.o(.constdata)
    acFontHZSimSun_16_0038                   0x08005d30   Data          16  simsun_16.o(.constdata)
    acFontHZSimSun_16_0039                   0x08005d40   Data          16  simsun_16.o(.constdata)
    acFontHZSimSun_16_003a                   0x08005d50   Data          16  simsun_16.o(.constdata)
    acFontHZSimSun_16_003b                   0x08005d60   Data          16  simsun_16.o(.constdata)
    acFontHZSimSun_16_003c                   0x08005d70   Data          16  simsun_16.o(.constdata)
    acFontHZSimSun_16_003d                   0x08005d80   Data          16  simsun_16.o(.constdata)
    acFontHZSimSun_16_003e                   0x08005d90   Data          16  simsun_16.o(.constdata)
    acFontHZSimSun_16_003f                   0x08005da0   Data          16  simsun_16.o(.constdata)
    acFontHZSimSun_16_0040                   0x08005db0   Data          16  simsun_16.o(.constdata)
    acFontHZSimSun_16_0041                   0x08005dc0   Data          16  simsun_16.o(.constdata)
    acFontHZSimSun_16_0042                   0x08005dd0   Data          16  simsun_16.o(.constdata)
    acFontHZSimSun_16_0043                   0x08005de0   Data          16  simsun_16.o(.constdata)
    acFontHZSimSun_16_0044                   0x08005df0   Data          16  simsun_16.o(.constdata)
    acFontHZSimSun_16_0045                   0x08005e00   Data          16  simsun_16.o(.constdata)
    acFontHZSimSun_16_0046                   0x08005e10   Data          16  simsun_16.o(.constdata)
    acFontHZSimSun_16_0047                   0x08005e20   Data          16  simsun_16.o(.constdata)
    acFontHZSimSun_16_0048                   0x08005e30   Data          16  simsun_16.o(.constdata)
    acFontHZSimSun_16_0049                   0x08005e40   Data          16  simsun_16.o(.constdata)
    acFontHZSimSun_16_004a                   0x08005e50   Data          16  simsun_16.o(.constdata)
    acFontHZSimSun_16_004b                   0x08005e60   Data          16  simsun_16.o(.constdata)
    acFontHZSimSun_16_004c                   0x08005e70   Data          16  simsun_16.o(.constdata)
    acFontHZSimSun_16_004d                   0x08005e80   Data          16  simsun_16.o(.constdata)
    acFontHZSimSun_16_004e                   0x08005e90   Data          16  simsun_16.o(.constdata)
    acFontHZSimSun_16_004f                   0x08005ea0   Data          16  simsun_16.o(.constdata)
    acFontHZSimSun_16_0050                   0x08005eb0   Data          16  simsun_16.o(.constdata)
    acFontHZSimSun_16_0051                   0x08005ec0   Data          16  simsun_16.o(.constdata)
    acFontHZSimSun_16_0052                   0x08005ed0   Data          16  simsun_16.o(.constdata)
    acFontHZSimSun_16_0053                   0x08005ee0   Data          16  simsun_16.o(.constdata)
    acFontHZSimSun_16_0054                   0x08005ef0   Data          16  simsun_16.o(.constdata)
    acFontHZSimSun_16_0055                   0x08005f00   Data          16  simsun_16.o(.constdata)
    acFontHZSimSun_16_0056                   0x08005f10   Data          16  simsun_16.o(.constdata)
    acFontHZSimSun_16_0057                   0x08005f20   Data          16  simsun_16.o(.constdata)
    acFontHZSimSun_16_0058                   0x08005f30   Data          16  simsun_16.o(.constdata)
    acFontHZSimSun_16_0059                   0x08005f40   Data          16  simsun_16.o(.constdata)
    acFontHZSimSun_16_005a                   0x08005f50   Data          16  simsun_16.o(.constdata)
    acFontHZSimSun_16_005b                   0x08005f60   Data          16  simsun_16.o(.constdata)
    acFontHZSimSun_16_005c                   0x08005f70   Data          16  simsun_16.o(.constdata)
    acFontHZSimSun_16_005d                   0x08005f80   Data          16  simsun_16.o(.constdata)
    acFontHZSimSun_16_005e                   0x08005f90   Data          16  simsun_16.o(.constdata)
    acFontHZSimSun_16_005f                   0x08005fa0   Data          16  simsun_16.o(.constdata)
    acFontHZSimSun_16_0060                   0x08005fb0   Data          16  simsun_16.o(.constdata)
    acFontHZSimSun_16_0061                   0x08005fc0   Data          16  simsun_16.o(.constdata)
    acFontHZSimSun_16_0062                   0x08005fd0   Data          16  simsun_16.o(.constdata)
    acFontHZSimSun_16_0063                   0x08005fe0   Data          16  simsun_16.o(.constdata)
    acFontHZSimSun_16_0064                   0x08005ff0   Data          16  simsun_16.o(.constdata)
    acFontHZSimSun_16_0065                   0x08006000   Data          16  simsun_16.o(.constdata)
    acFontHZSimSun_16_0066                   0x08006010   Data          16  simsun_16.o(.constdata)
    acFontHZSimSun_16_0067                   0x08006020   Data          16  simsun_16.o(.constdata)
    acFontHZSimSun_16_0068                   0x08006030   Data          16  simsun_16.o(.constdata)
    acFontHZSimSun_16_0069                   0x08006040   Data          16  simsun_16.o(.constdata)
    acFontHZSimSun_16_006a                   0x08006050   Data          16  simsun_16.o(.constdata)
    acFontHZSimSun_16_006b                   0x08006060   Data          16  simsun_16.o(.constdata)
    acFontHZSimSun_16_006c                   0x08006070   Data          16  simsun_16.o(.constdata)
    acFontHZSimSun_16_006d                   0x08006080   Data          16  simsun_16.o(.constdata)
    acFontHZSimSun_16_006e                   0x08006090   Data          16  simsun_16.o(.constdata)
    acFontHZSimSun_16_006f                   0x080060a0   Data          16  simsun_16.o(.constdata)
    acFontHZSimSun_16_0070                   0x080060b0   Data          16  simsun_16.o(.constdata)
    acFontHZSimSun_16_0071                   0x080060c0   Data          16  simsun_16.o(.constdata)
    acFontHZSimSun_16_0072                   0x080060d0   Data          16  simsun_16.o(.constdata)
    acFontHZSimSun_16_0073                   0x080060e0   Data          16  simsun_16.o(.constdata)
    acFontHZSimSun_16_0074                   0x080060f0   Data          16  simsun_16.o(.constdata)
    acFontHZSimSun_16_0075                   0x08006100   Data          16  simsun_16.o(.constdata)
    acFontHZSimSun_16_0076                   0x08006110   Data          16  simsun_16.o(.constdata)
    acFontHZSimSun_16_0077                   0x08006120   Data          16  simsun_16.o(.constdata)
    acFontHZSimSun_16_0078                   0x08006130   Data          16  simsun_16.o(.constdata)
    acFontHZSimSun_16_0079                   0x08006140   Data          16  simsun_16.o(.constdata)
    acFontHZSimSun_16_007a                   0x08006150   Data          16  simsun_16.o(.constdata)
    acFontHZSimSun_16_007b                   0x08006160   Data          16  simsun_16.o(.constdata)
    acFontHZSimSun_16_007c                   0x08006170   Data          16  simsun_16.o(.constdata)
    acFontHZSimSun_16_007d                   0x08006180   Data          16  simsun_16.o(.constdata)
    acFontHZSimSun_16_007e                   0x08006190   Data          16  simsun_16.o(.constdata)
    acFontHZSimSun_16_007f                   0x080061a0   Data          16  simsun_16.o(.constdata)
    acFontHZSimSun_16_b2cb                   0x080061b0   Data          32  simsun_16.o(.constdata)
    acFontHZSimSun_16_b2ce                   0x080061d0   Data          32  simsun_16.o(.constdata)
    acFontHZSimSun_16_b4f3                   0x080061f0   Data          32  simsun_16.o(.constdata)
    acFontHZSimSun_16_b5a5                   0x08006210   Data          32  simsun_16.o(.constdata)
    acFontHZSimSun_16_b5e7                   0x08006230   Data          32  simsun_16.o(.constdata)
    acFontHZSimSun_16_b6e0                   0x08006250   Data          32  simsun_16.o(.constdata)
    acFontHZSimSun_16_b9a6                   0x08006270   Data          32  simsun_16.o(.constdata)
    acFontHZSimSun_16_babc                   0x08006290   Data          32  simsun_16.o(.constdata)
    acFontHZSimSun_16_bbfa                   0x080062b0   Data          32  simsun_16.o(.constdata)
    acFontHZSimSun_16_bcbc                   0x080062d0   Data          32  simsun_16.o(.constdata)
    acFontHZSimSun_16_bce4                   0x080062f0   Data          32  simsun_16.o(.constdata)
    acFontHZSimSun_16_bcf2                   0x08006310   Data          32  simsun_16.o(.constdata)
    acFontHZSimSun_16_bde7                   0x08006330   Data          32  simsun_16.o(.constdata)
    acFontHZSimSun_16_bfc6                   0x08006350   Data          32  simsun_16.o(.constdata)
    acFontHZSimSun_16_c2bc                   0x08006370   Data          32  simsun_16.o(.constdata)
    acFontHZSimSun_16_c3e6                   0x08006390   Data          32  simsun_16.o(.constdata)
    acFontHZSimSun_16_c4dc                   0x080063b0   Data          32  simsun_16.o(.constdata)
    acFontHZSimSun_16_c4ea                   0x080063d0   Data          32  simsun_16.o(.constdata)
    acFontHZSimSun_16_c8d5                   0x080063f0   Data          32  simsun_16.o(.constdata)
    acFontHZSimSun_16_caa9                   0x08006410   Data          32  simsun_16.o(.constdata)
    acFontHZSimSun_16_cab1                   0x08006430   Data          32  simsun_16.o(.constdata)
    acFontHZSimSun_16_cafd                   0x08006450   Data          32  simsun_16.o(.constdata)
    acFontHZSimSun_16_cdf5                   0x08006470   Data          32  simsun_16.o(.constdata)
    acFontHZSimSun_16_d0c0                   0x08006490   Data          32  simsun_16.o(.constdata)
    acFontHZSimSun_16_d1a7                   0x080064b0   Data          32  simsun_16.o(.constdata)
    acFontHZSimSun_16_d2d7                   0x080064d0   Data          32  simsun_16.o(.constdata)
    acFontHZSimSun_16_d2f4                   0x080064f0   Data          32  simsun_16.o(.constdata)
    acFontHZSimSun_16_d4c2                   0x08006510   Data          32  simsun_16.o(.constdata)
    acFontHZSimSun_16_d4cf                   0x08006530   Data          32  simsun_16.o(.constdata)
    acFontHZSimSun_16_d4f8                   0x08006550   Data          32  simsun_16.o(.constdata)
    acFontHZSimSun_16_d6a5                   0x08006570   Data          32  simsun_16.o(.constdata)
    acFontHZSimSun_16_d6dd                   0x08006590   Data          32  simsun_16.o(.constdata)
    acFontHZSimSun_16_d6f7                   0x080065b0   Data          32  simsun_16.o(.constdata)
    acFontHZSimSun_16_d7d3                   0x080065d0   Data          32  simsun_16.o(.constdata)
    acFontHZSimSun_16_d8b9                   0x080065f0   Data          32  simsun_16.o(.constdata)
    acFontHZSimSun_16_e2f9                   0x08006610   Data          32  simsun_16.o(.constdata)
    GUI_FontHZSimSun_16_CharInfo             0x08006630   Data        1056  simsun_16.o(.constdata)
    GUI_FontHZSimSun_16_Prope2f9             0x08006a50   Data          12  simsun_16.o(.constdata)
    GUI_FontHZSimSun_16_Propd8b9             0x08006a5c   Data          12  simsun_16.o(.constdata)
    GUI_FontHZSimSun_16_Propd7d3             0x08006a68   Data          12  simsun_16.o(.constdata)
    GUI_FontHZSimSun_16_Propd6f7             0x08006a74   Data          12  simsun_16.o(.constdata)
    GUI_FontHZSimSun_16_Propd6dd             0x08006a80   Data          12  simsun_16.o(.constdata)
    GUI_FontHZSimSun_16_Propd6a5             0x08006a8c   Data          12  simsun_16.o(.constdata)
    GUI_FontHZSimSun_16_Propd4f8             0x08006a98   Data          12  simsun_16.o(.constdata)
    GUI_FontHZSimSun_16_Propd4cf             0x08006aa4   Data          12  simsun_16.o(.constdata)
    GUI_FontHZSimSun_16_Propd4c2             0x08006ab0   Data          12  simsun_16.o(.constdata)
    GUI_FontHZSimSun_16_Propd2f4             0x08006abc   Data          12  simsun_16.o(.constdata)
    GUI_FontHZSimSun_16_Propd2d7             0x08006ac8   Data          12  simsun_16.o(.constdata)
    GUI_FontHZSimSun_16_Propd1a7             0x08006ad4   Data          12  simsun_16.o(.constdata)
    GUI_FontHZSimSun_16_Propd0c0             0x08006ae0   Data          12  simsun_16.o(.constdata)
    GUI_FontHZSimSun_16_Propcdf5             0x08006aec   Data          12  simsun_16.o(.constdata)
    GUI_FontHZSimSun_16_Propcafd             0x08006af8   Data          12  simsun_16.o(.constdata)
    GUI_FontHZSimSun_16_Propcab1             0x08006b04   Data          12  simsun_16.o(.constdata)
    GUI_FontHZSimSun_16_Propcaa9             0x08006b10   Data          12  simsun_16.o(.constdata)
    GUI_FontHZSimSun_16_Propc8d5             0x08006b1c   Data          12  simsun_16.o(.constdata)
    GUI_FontHZSimSun_16_Propc4ea             0x08006b28   Data          12  simsun_16.o(.constdata)
    GUI_FontHZSimSun_16_Propc4dc             0x08006b34   Data          12  simsun_16.o(.constdata)
    GUI_FontHZSimSun_16_Propc3e6             0x08006b40   Data          12  simsun_16.o(.constdata)
    GUI_FontHZSimSun_16_Propc2bc             0x08006b4c   Data          12  simsun_16.o(.constdata)
    GUI_FontHZSimSun_16_Propbfc6             0x08006b58   Data          12  simsun_16.o(.constdata)
    GUI_FontHZSimSun_16_Propbde7             0x08006b64   Data          12  simsun_16.o(.constdata)
    GUI_FontHZSimSun_16_Propbcf2             0x08006b70   Data          12  simsun_16.o(.constdata)
    GUI_FontHZSimSun_16_Propbce4             0x08006b7c   Data          12  simsun_16.o(.constdata)
    GUI_FontHZSimSun_16_Propbcbc             0x08006b88   Data          12  simsun_16.o(.constdata)
    GUI_FontHZSimSun_16_Propbbfa             0x08006b94   Data          12  simsun_16.o(.constdata)
    GUI_FontHZSimSun_16_Propbabc             0x08006ba0   Data          12  simsun_16.o(.constdata)
    GUI_FontHZSimSun_16_Propb9a6             0x08006bac   Data          12  simsun_16.o(.constdata)
    GUI_FontHZSimSun_16_Propb6e0             0x08006bb8   Data          12  simsun_16.o(.constdata)
    GUI_FontHZSimSun_16_Propb5e7             0x08006bc4   Data          12  simsun_16.o(.constdata)
    GUI_FontHZSimSun_16_Propb5a5             0x08006bd0   Data          12  simsun_16.o(.constdata)
    GUI_FontHZSimSun_16_Propb4f3             0x08006bdc   Data          12  simsun_16.o(.constdata)
    GUI_FontHZSimSun_16_Propb2ce             0x08006be8   Data          12  simsun_16.o(.constdata)
    GUI_FontHZSimSun_16_Propb2cb             0x08006bf4   Data          12  simsun_16.o(.constdata)
    GUI_FontHZSimSun_16_Prop0020             0x08006c00   Data          12  simsun_16.o(.constdata)
    GUI_FontHZ_SimSun_16                     0x08006c0c   Data          32  simsun_16.o(.constdata)
    defaultTask_attributes                   0x08006c2c   Data          36  freertos.o(.constdata)
    guiTask_attributes                       0x08006c50   Data          36  freertos.o(.constdata)
    keyTask_attributes                       0x08006c74   Data          36  freertos.o(.constdata)
    usartTask_attributes                     0x08006c98   Data          36  freertos.o(.constdata)
    ledTask_attributes                       0x08006cbc   Data          36  freertos.o(.constdata)
    espTask_attributes                       0x08006ce0   Data          36  freertos.o(.constdata)
    tempTask_attributes                      0x08006d04   Data          36  freertos.o(.constdata)
    QueueUsart1_attributes                   0x08006d28   Data          24  freertos.o(.constdata)
    QueueUsart6_attributes                   0x08006d40   Data          24  freertos.o(.constdata)
    AHBPrescTable                            0x08006d60   Data          16  system_stm32f4xx.o(.constdata)
    APBPrescTable                            0x08006d70   Data           8  system_stm32f4xx.o(.constdata)
    acFont8ASCII                             0x08006d78   Data         760  f08_ascii.o(.constdata)
    GUI_Font8_ASCII_CharInfo                 0x08007070   Data         760  f08_ascii.o(.constdata)
    GUI_Font8ASCII_Prop                      0x08007368   Data          12  f08_ascii.o(.constdata)
    GUI_Font8_ASCII                          0x08007374   Data          32  f08_ascii.o(.constdata)
    __ctype_table                            0x08007394   Data         129  ctype_o.o(.constdata)
    Region$$Table$$Base                      0x08007478   Number         0  anon$$obj.o(Region$$Table)
    Region$$Table$$Limit                     0x08007498   Number         0  anon$$obj.o(Region$$Table)
    GUI_Sta_Cur                              0x20000000   Data           1  freertos.o(.data)
    Press_Flag                               0x20000001   Data           1  freertos.o(.data)
    cid                                      0x20000004   Data           4  freertos.o(.data)
    Temp                                     0x20000014   Data           4  freertos.o(.data)
    defaultTaskHandle                        0x20000018   Data           4  freertos.o(.data)
    guiTaskHandle                            0x2000001c   Data           4  freertos.o(.data)
    keyTaskHandle                            0x20000020   Data           4  freertos.o(.data)
    usartTaskHandle                          0x20000024   Data           4  freertos.o(.data)
    ledTaskHandle                            0x20000028   Data           4  freertos.o(.data)
    espTaskHandle                            0x2000002c   Data           4  freertos.o(.data)
    tempTaskHandle                           0x20000030   Data           4  freertos.o(.data)
    QueueUsart1Handle                        0x20000034   Data           4  freertos.o(.data)
    QueueUsart6Handle                        0x20000038   Data           4  freertos.o(.data)
    __stdout                                 0x2000003c   Data           4  usart.o(.data)
    uwTickFreq                               0x20000040   Data           1  stm32f4xx_hal.o(.data)
    uwTickPrio                               0x20000044   Data           4  stm32f4xx_hal.o(.data)
    uwTick                                   0x20000048   Data           4  stm32f4xx_hal.o(.data)
    SystemCoreClock                          0x2000004c   Data           4  system_stm32f4xx.o(.data)
    pxCurrentTCB                             0x20000050   Data           4  tasks.o(.data)
    GUI_DecChar                              0x200000d0   Data           1  guislim.o(.data)
    USER_Driver                              0x200000dc   Data          20  user_diskio.o(.data)
    retUSER                                  0x200000f0   Data           1  fatfs.o(.data)
    USERPath                                 0x200000f1   Data           4  fatfs.o(.data)
    rx1_buf                                  0x200000fc   Data         512  freertos.o(.bss)
    rx6_buf                                  0x200002fc   Data         512  freertos.o(.bss)
    hrtc                                     0x200004fc   Data          32  rtc.o(.bss)
    huart1                                   0x2000051c   Data          72  usart.o(.bss)
    huart6                                   0x20000564   Data          72  usart.o(.bss)
    hdma_usart6_rx                           0x200005ac   Data          96  usart.o(.bss)
    hdma_usart6_tx                           0x2000060c   Data          96  usart.o(.bss)
    htim7                                    0x2000066c   Data          72  stm32f4xx_hal_timebase_tim.o(.bss)
    xQueueRegistry                           0x200006b4   Data          64  queue.o(.bss)
    GUI_Context                              0x20004f88   Data          32  guislim.o(.bss)
    disk                                     0x200053a8   Data          12  ff_gen_drv.o(.bss)
    __initial_sp                             0x200057b8   Data           0  startup_stm32f407xx.o(STACK)



==============================================================================

Memory Map of the image

  Image Entry point : 0x08000189

  Load Region LR_IROM1 (Base: 0x08000000, Size: 0x00007594, Max: 0x00080000, ABSOLUTE)

    Execution Region ER_IROM1 (Base: 0x08000000, Size: 0x00007498, Max: 0x00080000, ABSOLUTE)

    Base Addr    Size         Type   Attr      Idx    E Section Name        Object

    0x08000000   0x00000188   Data   RO            3    RESET               startup_stm32f407xx.o
    0x08000188   0x00000000   Code   RO         7004  * .ARM.Collect$$$$00000000  mc_w.l(entry.o)
    0x08000188   0x00000004   Code   RO         7290    .ARM.Collect$$$$00000001  mc_w.l(entry2.o)
    0x0800018c   0x00000004   Code   RO         7293    .ARM.Collect$$$$00000004  mc_w.l(entry5.o)
    0x08000190   0x00000000   Code   RO         7295    .ARM.Collect$$$$00000008  mc_w.l(entry7b.o)
    0x08000190   0x00000000   Code   RO         7297    .ARM.Collect$$$$0000000A  mc_w.l(entry8b.o)
    0x08000190   0x00000008   Code   RO         7298    .ARM.Collect$$$$0000000B  mc_w.l(entry9a.o)
    0x08000198   0x00000000   Code   RO         7300    .ARM.Collect$$$$0000000D  mc_w.l(entry10a.o)
    0x08000198   0x00000000   Code   RO         7302    .ARM.Collect$$$$0000000F  mc_w.l(entry11a.o)
    0x08000198   0x00000004   Code   RO         7291    .ARM.Collect$$$$00002712  mc_w.l(entry2.o)
    0x0800019c   0x000000be   Code   RO         5480    .emb_text           port.o
    0x0800025a   0x00000002   PAD
    0x0800025c   0x00000024   Code   RO            4    .text               startup_stm32f407xx.o
    0x08000280   0x00000062   Code   RO         7007    .text               mc_w.l(uldiv.o)
    0x080002e2   0x00000024   Code   RO         7009    .text               mc_w.l(memcpya.o)
    0x08000306   0x00000024   Code   RO         7013    .text               mc_w.l(memseta.o)
    0x0800032a   0x00000024   Code   RO         7015    .text               mc_w.l(strstr.o)
    0x0800034e   0x0000000e   Code   RO         7017    .text               mc_w.l(strlen.o)
    0x0800035c   0x0000001a   Code   RO         7282    .text               mc_w.l(atoi.o)
    0x08000376   0x000000e4   Code   RO         7284    .text               mf_w.l(dmul.o)
    0x0800045a   0x00000022   Code   RO         7286    .text               mf_w.l(dflti.o)
    0x0800047c   0x00000038   Code   RO         7288    .text               mf_w.l(d2f.o)
    0x080004b4   0x0000001e   Code   RO         7306    .text               mc_w.l(llshl.o)
    0x080004d2   0x00000020   Code   RO         7308    .text               mc_w.l(llushr.o)
    0x080004f2   0x00000070   Code   RO         7317    .text               mc_w.l(strtol.o)
    0x08000562   0x00000000   Code   RO         7319    .text               mc_w.l(iusefp.o)
    0x08000562   0x0000006e   Code   RO         7320    .text               mf_w.l(fepilogue.o)
    0x080005d0   0x000000ba   Code   RO         7322    .text               mf_w.l(depilogue.o)
    0x0800068a   0x00000002   PAD
    0x0800068c   0x00000024   Code   RO         7332    .text               mc_w.l(init.o)
    0x080006b0   0x00000008   Code   RO         7336    .text               mc_w.l(ctype_o.o)
    0x080006b8   0x0000009e   Code   RO         7364    .text               mc_w.l(_strtoul.o)
    0x08000756   0x0000001c   Code   RO         7366    .text               mc_w.l(_chval.o)
    0x08000772   0x00000002   Code   RO          715    i.BusFault_Handler  stm32f4xx_it.o
    0x08000774   0x0000000c   Code   RO          716    i.DMA2_Stream1_IRQHandler  stm32f4xx_it.o
    0x08000780   0x0000000c   Code   RO          717    i.DMA2_Stream6_IRQHandler  stm32f4xx_it.o
    0x0800078c   0x00000028   Code   RO         2310    i.DMA_CalcBaseAndBitshift  stm32f4xx_hal_dma.o
    0x080007b4   0x00000054   Code   RO         2311    i.DMA_CheckFifoParam  stm32f4xx_hal_dma.o
    0x08000808   0x0000002c   Code   RO         6921    i.DS18B20_Mode_IPU  ds_18b20.o
    0x08000834   0x0000002c   Code   RO         6922    i.DS18B20_Mode_Out_PP  ds_18b20.o
    0x08000860   0x00000058   Code   RO         6923    i.DS18B20_Presence  ds_18b20.o
    0x080008b8   0x00000054   Code   RO         6924    i.DS18B20_Read_Byte  ds_18b20.o
    0x0800090c   0x00000034   Code   RO         6925    i.DS18B20_Rst       ds_18b20.o
    0x08000940   0x00000060   Code   RO         6927    i.DS18B20_Write_Byte  ds_18b20.o
    0x080009a0   0x00000024   Code   RO         6928    i.DWT_Init          ds_18b20.o
    0x080009c4   0x00000002   Code   RO          718    i.DebugMon_Handler  stm32f4xx_it.o
    0x080009c6   0x00000002   PAD
    0x080009c8   0x00000168   Code   RO         5577    i.DrawBitLine1BPP   guislim.o
    0x08000b30   0x00000004   Code   RO          197    i.Error_Handler     main.o
    0x08000b34   0x00000006   Code   RO         6787    i.FATFS_LinkDriver  ff_gen_drv.o
    0x08000b3a   0x00000002   PAD
    0x08000b3c   0x00000040   Code   RO         6788    i.FATFS_LinkDriverEx  ff_gen_drv.o
    0x08000b7c   0x0000001c   Code   RO         5578    i.GL_DispChar       guislim.o
    0x08000b98   0x00000080   Code   RO         5584    i.GUIPROP_DispChar  guislim.o
    0x08000c18   0x00000016   Code   RO         5585    i.GUIPROP_FindChar  guislim.o
    0x08000c2e   0x00000002   PAD
    0x08000c30   0x0000002c   Code   RO         5586    i.GUIPROP_GetCharDistX  guislim.o
    0x08000c5c   0x00000006   Code   RO         5587    i.GUIPROP_GetFontInfo  guislim.o
    0x08000c62   0x00000010   Code   RO         5588    i.GUIPROP_IsInFont  guislim.o
    0x08000c72   0x0000001a   Code   RO         5589    i.GUI_Clear         guislim.o
    0x08000c8c   0x00000014   Code   RO         5590    i.GUI_ClearRect     guislim.o
    0x08000ca0   0x00000014   Code   RO         5594    i.GUI_DispNextLine  guislim.o
    0x08000cb4   0x000000f0   Code   RO         5595    i.GUI_DispString    guislim.o
    0x08000da4   0x00000010   Code   RO         5596    i.GUI_DispStringAt  guislim.o
    0x08000db4   0x00000030   Code   RO         5597    i.GUI_DispStringHCenterAt  guislim.o
    0x08000de4   0x0000000c   Code   RO         5613    i.GUI_GetCharDistX  guislim.o
    0x08000df0   0x0000000c   Code   RO         5619    i.GUI_GetFontDistY  guislim.o
    0x08000dfc   0x0000002c   Code   RO         5626    i.GUI_GetYAdjust    guislim.o
    0x08000e28   0x00000014   Code   RO         5631    i.GUI_GotoXY        guislim.o
    0x08000e3c   0x0000003c   Code   RO         5633    i.GUI_Init          guislim.o
    0x08000e78   0x00000010   Code   RO         5636    i.GUI_SetFont       guislim.o
    0x08000e88   0x00000010   Code   RO         5637    i.GUI_SetTextAlign  guislim.o
    0x08000e98   0x0000000c   Code   RO         5642    i.GUI_UC__NumChars2NumBytes  guislim.o
    0x08000ea4   0x00000004   Code   RO         5643    i.GUI_Update        guislim.o
    0x08000ea8   0x00000034   Code   RO         5644    i.GUI__DispLine     guislim.o
    0x08000edc   0x00000032   Code   RO         5646    i.GUI__GetLineDistX  guislim.o
    0x08000f0e   0x00000022   Code   RO         5647    i.GUI__GetLineNumChars  guislim.o
    0x08000f30   0x00000092   Code   RO         2313    i.HAL_DMA_Abort     stm32f4xx_hal_dma.o
    0x08000fc2   0x00000024   Code   RO         2314    i.HAL_DMA_Abort_IT  stm32f4xx_hal_dma.o
    0x08000fe6   0x00000002   PAD
    0x08000fe8   0x000001a0   Code   RO         2318    i.HAL_DMA_IRQHandler  stm32f4xx_hal_dma.o
    0x08001188   0x000000d4   Code   RO         2319    i.HAL_DMA_Init      stm32f4xx_hal_dma.o
    0x0800125c   0x00000024   Code   RO         2750    i.HAL_Delay         stm32f4xx_hal.o
    0x08001280   0x000001f0   Code   RO         2206    i.HAL_GPIO_Init     stm32f4xx_hal_gpio.o
    0x08001470   0x0000000a   Code   RO         2208    i.HAL_GPIO_ReadPin  stm32f4xx_hal_gpio.o
    0x0800147a   0x0000000a   Code   RO         2210    i.HAL_GPIO_WritePin  stm32f4xx_hal_gpio.o
    0x08001484   0x0000000c   Code   RO         2756    i.HAL_GetTick       stm32f4xx_hal.o
    0x08001490   0x00000010   Code   RO         2762    i.HAL_IncTick       stm32f4xx_hal.o
    0x080014a0   0x00000034   Code   RO         2763    i.HAL_Init          stm32f4xx_hal.o
    0x080014d4   0x00000098   Code   RO          839    i.HAL_InitTick      stm32f4xx_hal_timebase_tim.o
    0x0800156c   0x00000038   Code   RO          815    i.HAL_MspInit       stm32f4xx_hal_msp.o
    0x080015a4   0x0000001a   Code   RO         2598    i.HAL_NVIC_EnableIRQ  stm32f4xx_hal_cortex.o
    0x080015be   0x00000002   PAD
    0x080015c0   0x00000040   Code   RO         2604    i.HAL_NVIC_SetPriority  stm32f4xx_hal_cortex.o
    0x08001600   0x00000024   Code   RO         2605    i.HAL_NVIC_SetPriorityGrouping  stm32f4xx_hal_cortex.o
    0x08001624   0x0000013c   Code   RO         1957    i.HAL_RCCEx_PeriphCLKConfig  stm32f4xx_hal_rcc_ex.o
    0x08001760   0x00000134   Code   RO         1852    i.HAL_RCC_ClockConfig  stm32f4xx_hal_rcc.o
    0x08001894   0x00000040   Code   RO         1856    i.HAL_RCC_GetClockConfig  stm32f4xx_hal_rcc.o
    0x080018d4   0x00000020   Code   RO         1859    i.HAL_RCC_GetPCLK1Freq  stm32f4xx_hal_rcc.o
    0x080018f4   0x00000020   Code   RO         1860    i.HAL_RCC_GetPCLK2Freq  stm32f4xx_hal_rcc.o
    0x08001914   0x00000060   Code   RO         1861    i.HAL_RCC_GetSysClockFreq  stm32f4xx_hal_rcc.o
    0x08001974   0x0000036c   Code   RO         1864    i.HAL_RCC_OscConfig  stm32f4xx_hal_rcc.o
    0x08001ce0   0x00000002   Code   RO         3173    i.HAL_RTCEx_AlarmBEventCallback  stm32f4xx_hal_rtc_ex.o
    0x08001ce2   0x00000002   PAD
    0x08001ce4   0x00000104   Code   RO         3201    i.HAL_RTCEx_SetWakeUpTimer_IT  stm32f4xx_hal_rtc_ex.o
    0x08001de8   0x00000002   Code   RO         3206    i.HAL_RTCEx_WakeUpTimerEventCallback  stm32f4xx_hal_rtc_ex.o
    0x08001dea   0x00000002   PAD
    0x08001dec   0x00000030   Code   RO         3207    i.HAL_RTCEx_WakeUpTimerIRQHandler  stm32f4xx_hal_rtc_ex.o
    0x08001e1c   0x00000002   Code   RO         3001    i.HAL_RTC_AlarmAEventCallback  stm32f4xx_hal_rtc.o
    0x08001e1e   0x00000002   PAD
    0x08001e20   0x00000058   Code   RO         3002    i.HAL_RTC_AlarmIRQHandler  stm32f4xx_hal_rtc.o
    0x08001e78   0x0000009c   Code   RO         3014    i.HAL_RTC_Init      stm32f4xx_hal_rtc.o
    0x08001f14   0x00000058   Code   RO          609    i.HAL_RTC_MspInit   rtc.o
    0x08001f6c   0x000001a0   Code   RO         3019    i.HAL_RTC_SetAlarm_IT  stm32f4xx_hal_rtc.o
    0x0800210c   0x00000098   Code   RO         3020    i.HAL_RTC_SetDate   stm32f4xx_hal_rtc.o
    0x080021a4   0x000000c0   Code   RO         3021    i.HAL_RTC_SetTime   stm32f4xx_hal_rtc.o
    0x08002264   0x00000038   Code   RO         3022    i.HAL_RTC_WaitForSynchro  stm32f4xx_hal_rtc.o
    0x0800229c   0x00000002   Code   RO         1584    i.HAL_TIMEx_BreakCallback  stm32f4xx_hal_tim_ex.o
    0x0800229e   0x00000002   Code   RO         1585    i.HAL_TIMEx_CommutCallback  stm32f4xx_hal_tim_ex.o
    0x080022a0   0x0000005a   Code   RO          880    i.HAL_TIM_Base_Init  stm32f4xx_hal_tim.o
    0x080022fa   0x00000002   Code   RO          882    i.HAL_TIM_Base_MspInit  stm32f4xx_hal_tim.o
    0x080022fc   0x00000080   Code   RO          885    i.HAL_TIM_Base_Start_IT  stm32f4xx_hal_tim.o
    0x0800237c   0x00000002   Code   RO          914    i.HAL_TIM_IC_CaptureCallback  stm32f4xx_hal_tim.o
    0x0800237e   0x00000130   Code   RO          928    i.HAL_TIM_IRQHandler  stm32f4xx_hal_tim.o
    0x080024ae   0x00000002   Code   RO          931    i.HAL_TIM_OC_DelayElapsedCallback  stm32f4xx_hal_tim.o
    0x080024b0   0x00000002   Code   RO          958    i.HAL_TIM_PWM_PulseFinishedCallback  stm32f4xx_hal_tim.o
    0x080024b2   0x00000002   PAD
    0x080024b4   0x00000014   Code   RO          198    i.HAL_TIM_PeriodElapsedCallback  main.o
    0x080024c8   0x00000002   Code   RO          971    i.HAL_TIM_TriggerCallback  stm32f4xx_hal_tim.o
    0x080024ca   0x0000004e   Code   RO         3412    i.HAL_UARTEx_ReceiveToIdle_IT  stm32f4xx_hal_uart.o
    0x08002518   0x00000074   Code   RO          448    i.HAL_UARTEx_RxEventCallback  freertos.o
    0x0800258c   0x00000002   Code   RO         3427    i.HAL_UART_ErrorCallback  stm32f4xx_hal_uart.o
    0x0800258e   0x00000002   PAD
    0x08002590   0x00000270   Code   RO         3430    i.HAL_UART_IRQHandler  stm32f4xx_hal_uart.o
    0x08002800   0x00000064   Code   RO         3431    i.HAL_UART_Init     stm32f4xx_hal_uart.o
    0x08002864   0x00000130   Code   RO          651    i.HAL_UART_MspInit  usart.o
    0x08002994   0x00000002   Code   RO         3437    i.HAL_UART_RxCpltCallback  stm32f4xx_hal_uart.o
    0x08002996   0x000000a0   Code   RO         3439    i.HAL_UART_Transmit  stm32f4xx_hal_uart.o
    0x08002a36   0x00000002   Code   RO         3442    i.HAL_UART_TxCpltCallback  stm32f4xx_hal_uart.o
    0x08002a38   0x00000002   Code   RO          719    i.HardFault_Handler  stm32f4xx_it.o
    0x08002a3a   0x0000000e   Code   RO         6224    i.I2C_delay         ssd1306_i2c.o
    0x08002a48   0x00000088   Code   RO         5651    i.LCD_DrawBitmap1BPP  guislim.o
    0x08002ad0   0x00000034   Code   RO         5658    i.LCD_L0_DrawBitmap1BPP  guislim.o
    0x08002b04   0x0000003c   Code   RO          584    i.MX_DMA_Init       dma.o
    0x08002b40   0x0000001c   Code   RO         6352    i.MX_FATFS_Init     fatfs.o
    0x08002b5c   0x000000a8   Code   RO          449    i.MX_FREERTOS_Init  freertos.o
    0x08002c04   0x000000d8   Code   RO          412    i.MX_GPIO_Init      gpio.o
    0x08002cdc   0x000000cc   Code   RO          610    i.MX_RTC_Init       rtc.o
    0x08002da8   0x00000038   Code   RO          652    i.MX_USART1_UART_Init  usart.o
    0x08002de0   0x00000038   Code   RO          653    i.MX_USART6_UART_Init  usart.o
    0x08002e18   0x00000002   Code   RO          720    i.MemManage_Handler  stm32f4xx_it.o
    0x08002e1a   0x00000002   Code   RO          721    i.NMI_Handler       stm32f4xx_it.o
    0x08002e1c   0x00000034   Code   RO         6225    i.OLED_IIC_Ack      ssd1306_i2c.o
    0x08002e50   0x00000058   Code   RO         6226    i.OLED_IIC_SendByte  ssd1306_i2c.o
    0x08002ea8   0x0000003c   Code   RO         6227    i.OLED_IIC_Start    ssd1306_i2c.o
    0x08002ee4   0x0000003c   Code   RO         6228    i.OLED_IIC_Stop     ssd1306_i2c.o
    0x08002f20   0x0000000c   Code   RO          722    i.RTC_Alarm_IRQHandler  stm32f4xx_it.o
    0x08002f2c   0x00000016   Code   RO         3024    i.RTC_ByteToBcd2    stm32f4xx_hal_rtc.o
    0x08002f42   0x00000002   PAD
    0x08002f44   0x00000048   Code   RO         3025    i.RTC_EnterInitMode  stm32f4xx_hal_rtc.o
    0x08002f8c   0x0000002a   Code   RO         3026    i.RTC_ExitInitMode  stm32f4xx_hal_rtc.o
    0x08002fb6   0x00000002   PAD
    0x08002fb8   0x0000000c   Code   RO          723    i.RTC_WKUP_IRQHandler  stm32f4xx_it.o
    0x08002fc4   0x00000056   Code   RO         6103    i.SSD1306_DrawFilledRectangle  ssd1306.o
    0x0800301a   0x0000010a   Code   RO         6105    i.SSD1306_DrawLine  ssd1306.o
    0x08003124   0x00000040   Code   RO         6106    i.SSD1306_DrawPixel  ssd1306.o
    0x08003164   0x00000018   Code   RO         6109    i.SSD1306_Fill      ssd1306.o
    0x0800317c   0x00000040   Code   RO         6114    i.SSD1306_UpdateScreen  ssd1306.o
    0x080031bc   0x00000030   Code   RO         6115    i.SSD1306_WriteByte  ssd1306.o
    0x080031ec   0x0000003e   Code   RO         6116    i.SSD1306_WriteMuliByte  ssd1306.o
    0x0800322a   0x00000002   PAD
    0x0800322c   0x0000010c   Code   RO         6117    i.SSD1306_init      ssd1306.o
    0x08003338   0x000000d0   Code   RO          413    i.ScanKey           gpio.o
    0x08003408   0x000000b0   Code   RO          414    i.SetLeds           gpio.o
    0x080034b8   0x00000008   Code   RO          450    i.StartDefaultTask  freertos.o
    0x080034c0   0x00000008   Code   RO          451    i.StartESPTask      freertos.o
    0x080034c8   0x00000050   Code   RO          452    i.StartGUITask      freertos.o
    0x08003518   0x00000084   Code   RO          453    i.StartKeyTask      freertos.o
    0x0800359c   0x00000030   Code   RO          454    i.StartTempTask     freertos.o
    0x080035cc   0x00000104   Code   RO          455    i.StartUsartTask    freertos.o
    0x080036d0   0x00000008   Code   RO          456    i.StartledTask      freertos.o
    0x080036d8   0x0000001a   Code   RO         4912    i.SysTick_Handler   cmsis_os2.o
    0x080036f2   0x00000002   PAD
    0x080036f4   0x00000098   Code   RO          199    i.SystemClock_Config  main.o
    0x0800378c   0x00000010   Code   RO         3765    i.SystemInit        system_stm32f4xx.o
    0x0800379c   0x0000000c   Code   RO          724    i.TIM7_IRQHandler   stm32f4xx_it.o
    0x080037a8   0x000000d8   Code   RO          973    i.TIM_Base_SetConfig  stm32f4xx_hal_tim.o
    0x08003880   0x00000010   Code   RO         3444    i.UART_DMAAbortOnError  stm32f4xx_hal_uart.o
    0x08003890   0x0000004e   Code   RO         3454    i.UART_EndRxTransfer  stm32f4xx_hal_uart.o
    0x080038de   0x000000c2   Code   RO         3456    i.UART_Receive_IT   stm32f4xx_hal_uart.o
    0x080039a0   0x0000010c   Code   RO         3457    i.UART_SetConfig    stm32f4xx_hal_uart.o
    0x08003aac   0x00000036   Code   RO         3459    i.UART_Start_Receive_IT  stm32f4xx_hal_uart.o
    0x08003ae2   0x00000072   Code   RO         3460    i.UART_WaitOnFlagUntilTimeout  stm32f4xx_hal_uart.o
    0x08003b54   0x0000007c   Code   RO          457    i.UIInfo            freertos.o
    0x08003bd0   0x00000020   Code   RO          458    i.UIMain            freertos.o
    0x08003bf0   0x00000020   Code   RO          459    i.UIParaSet         freertos.o
    0x08003c10   0x00000024   Code   RO          461    i.UIRecorder        freertos.o
    0x08003c34   0x00000020   Code   RO          462    i.UITimeSet         freertos.o
    0x08003c54   0x00000040   Code   RO          463    i.UITitle           freertos.o
    0x08003c94   0x0000000c   Code   RO          725    i.USART1_IRQHandler  stm32f4xx_it.o
    0x08003ca0   0x0000000c   Code   RO          726    i.USART6_IRQHandler  stm32f4xx_it.o
    0x08003cac   0x00000010   Code   RO         6297    i.USER_initialize   user_diskio.o
    0x08003cbc   0x00000004   Code   RO         6298    i.USER_ioctl        user_diskio.o
    0x08003cc0   0x00000004   Code   RO         6299    i.USER_read         user_diskio.o
    0x08003cc4   0x00000010   Code   RO         6300    i.USER_status       user_diskio.o
    0x08003cd4   0x00000004   Code   RO         6301    i.USER_write        user_diskio.o
    0x08003cd8   0x00000002   Code   RO          727    i.UsageFault_Handler  stm32f4xx_it.o
    0x08003cda   0x00000002   PAD
    0x08003cdc   0x0000000c   Code   RO         5660    i._GotoX            guislim.o
    0x08003ce8   0x0000000c   Code   RO         5661    i._GotoY            guislim.o
    0x08003cf4   0x00000020   Code   RO         7088    i.__0printf$2       mc_w.l(printf2.o)
    0x08003d14   0x00000020   Code   RO         2611    i.__NVIC_SetPriority  stm32f4xx_hal_cortex.o
    0x08003d34   0x00000008   Code   RO         7310    i.__aeabi_errno_addr  mc_w.l(errno.o)
    0x08003d3c   0x0000000e   Code   RO         7370    i.__scatterload_copy  mc_w.l(handlers.o)
    0x08003d4a   0x00000002   Code   RO         7371    i.__scatterload_null  mc_w.l(handlers.o)
    0x08003d4c   0x0000000e   Code   RO         7372    i.__scatterload_zeroinit  mc_w.l(handlers.o)
    0x08003d5a   0x000000d6   Code   RO         7095    i._printf_core      mc_w.l(printf2.o)
    0x08003e30   0x00000030   Code   RO         6929    i.delay_us          ds_18b20.o
    0x08003e60   0x0000005c   Code   RO         6930    i.ds18b20_init      ds_18b20.o
    0x08003ebc   0x0000006c   Code   RO         6931    i.ds18b20_read      ds_18b20.o
    0x08003f28   0x00000018   Code   RO          655    i.fputc             usart.o
    0x08003f40   0x00000034   Code   RO          200    i.main              main.o
    0x08003f74   0x0000001a   Code   RO         4914    i.osDelay           cmsis_os2.o
    0x08003f8e   0x0000000e   Code   RO         4926    i.osKernelGetTickCount  cmsis_os2.o
    0x08003f9c   0x00000024   Code   RO         4928    i.osKernelInitialize  cmsis_os2.o
    0x08003fc0   0x00000038   Code   RO         4931    i.osKernelStart     cmsis_os2.o
    0x08003ff8   0x00000064   Code   RO         4943    i.osMessageQueueGet  cmsis_os2.o
    0x0800405c   0x00000058   Code   RO         4948    i.osMessageQueueNew  cmsis_os2.o
    0x080040b4   0x00000068   Code   RO         4949    i.osMessageQueuePut  cmsis_os2.o
    0x0800411c   0x00000074   Code   RO         4965    i.osThreadFlagsSet  cmsis_os2.o
    0x08004190   0x00000088   Code   RO         4973    i.osThreadNew       cmsis_os2.o
    0x08004218   0x0000005c   Code   RO         4373    i.prvAddCurrentTaskToDelayedList  tasks.o
    0x08004274   0x000000d0   Code   RO         4374    i.prvAddNewTaskToReadyList  tasks.o
    0x08004344   0x00000058   Code   RO         4738    i.prvCheckForValidListAndQueue  timers.o
    0x0800439c   0x00000026   Code   RO         3970    i.prvCopyDataFromQueue  queue.o
    0x080043c2   0x0000006c   Code   RO         3971    i.prvCopyDataToQueue  queue.o
    0x0800442e   0x00000034   Code   RO         4375    i.prvDeleteTCB      tasks.o
    0x08004462   0x00000002   PAD
    0x08004464   0x0000004c   Code   RO         5425    i.prvHeapInit       heap_4.o
    0x080044b0   0x00000060   Code   RO         4376    i.prvIdleTask       tasks.o
    0x08004510   0x00000022   Code   RO         3973    i.prvInitialiseNewQueue  queue.o
    0x08004532   0x00000002   PAD
    0x08004534   0x000000b0   Code   RO         4377    i.prvInitialiseNewTask  tasks.o
    0x080045e4   0x0000004c   Code   RO         5426    i.prvInsertBlockIntoFreeList  heap_4.o
    0x08004630   0x00000038   Code   RO         4740    i.prvInsertTimerInActiveList  timers.o
    0x08004668   0x0000001c   Code   RO         3974    i.prvIsQueueEmpty   queue.o
    0x08004684   0x000000fc   Code   RO         4741    i.prvProcessReceivedCommands  timers.o
    0x08004780   0x000000c0   Code   RO         4742    i.prvProcessTimerOrBlockTask  timers.o
    0x08004840   0x00000020   Code   RO         4379    i.prvResetNextTaskUnblockTime  tasks.o
    0x08004860   0x00000028   Code   RO         4743    i.prvSampleTimeNow  timers.o
    0x08004888   0x0000006c   Code   RO         4744    i.prvSwitchTimerLists  timers.o
    0x080048f4   0x00000028   Code   RO         5481    i.prvTaskExitError  port.o
    0x0800491c   0x00000024   Code   RO         4745    i.prvTimerTask      timers.o
    0x08004940   0x0000006a   Code   RO         3975    i.prvUnlockQueue    queue.o
    0x080049aa   0x00000002   PAD
    0x080049ac   0x000000dc   Code   RO         5427    i.pvPortMalloc      heap_4.o
    0x08004a88   0x0000002c   Code   RO         5482    i.pxPortInitialiseStack  port.o
    0x08004ab4   0x00000026   Code   RO         3930    i.uxListRemove      list.o
    0x08004ada   0x00000002   PAD
    0x08004adc   0x00000014   Code   RO         4985    i.vApplicationGetIdleTaskMemory  cmsis_os2.o
    0x08004af0   0x00000018   Code   RO         4986    i.vApplicationGetTimerTaskMemory  cmsis_os2.o
    0x08004b08   0x00000016   Code   RO         3931    i.vListInitialise   list.o
    0x08004b1e   0x00000006   Code   RO         3932    i.vListInitialiseItem  list.o
    0x08004b24   0x00000030   Code   RO         3933    i.vListInsert       list.o
    0x08004b54   0x00000018   Code   RO         3934    i.vListInsertEnd    list.o
    0x08004b6c   0x00000040   Code   RO         5484    i.vPortEnterCritical  port.o
    0x08004bac   0x00000028   Code   RO         5485    i.vPortExitCritical  port.o
    0x08004bd4   0x00000064   Code   RO         5428    i.vPortFree         heap_4.o
    0x08004c38   0x00000024   Code   RO         5486    i.vPortSetupTimerInterrupt  port.o
    0x08004c5c   0x00000054   Code   RO         5487    i.vPortValidateInterruptPriority  port.o
    0x08004cb0   0x00000028   Code   RO         3981    i.vQueueAddToRegistry  queue.o
    0x08004cd8   0x00000044   Code   RO         3985    i.vQueueWaitForMessageRestricted  queue.o
    0x08004d1c   0x0000004c   Code   RO         4392    i.vTaskDelay        tasks.o
    0x08004d68   0x00000010   Code   RO         4397    i.vTaskInternalSetTimeOutState  tasks.o
    0x08004d78   0x0000000c   Code   RO         4398    i.vTaskMissedYield  tasks.o
    0x08004d84   0x00000030   Code   RO         4400    i.vTaskPlaceOnEventList  tasks.o
    0x08004db4   0x00000038   Code   RO         4401    i.vTaskPlaceOnEventListRestricted  tasks.o
    0x08004dec   0x00000088   Code   RO         4409    i.vTaskStartScheduler  tasks.o
    0x08004e74   0x00000010   Code   RO         4411    i.vTaskSuspendAll   tasks.o
    0x08004e84   0x00000064   Code   RO         4412    i.vTaskSwitchContext  tasks.o
    0x08004ee8   0x000000f4   Code   RO         5488    i.xPortStartScheduler  port.o
    0x08004fdc   0x0000002c   Code   RO         5489    i.xPortSysTickHandler  port.o
    0x08005008   0x00000042   Code   RO         3990    i.xQueueGenericCreate  queue.o
    0x0800504a   0x00000066   Code   RO         3991    i.xQueueGenericCreateStatic  queue.o
    0x080050b0   0x00000088   Code   RO         3992    i.xQueueGenericReset  queue.o
    0x08005138   0x00000160   Code   RO         3993    i.xQueueGenericSend  queue.o
    0x08005298   0x000000be   Code   RO         3994    i.xQueueGenericSendFromISR  queue.o
    0x08005356   0x00000002   PAD
    0x08005358   0x00000138   Code   RO         4003    i.xQueueReceive     queue.o
    0x08005490   0x0000009a   Code   RO         4004    i.xQueueReceiveFromISR  queue.o
    0x0800552a   0x00000002   PAD
    0x0800552c   0x00000074   Code   RO         4414    i.xTaskCheckForTimeOut  tasks.o
    0x080055a0   0x0000005a   Code   RO         4415    i.xTaskCreate       tasks.o
    0x080055fa   0x00000056   Code   RO         4416    i.xTaskCreateStatic  tasks.o
    0x08005650   0x000000e0   Code   RO         4417    i.xTaskGenericNotify  tasks.o
    0x08005730   0x00000104   Code   RO         4418    i.xTaskGenericNotifyFromISR  tasks.o
    0x08005834   0x0000001c   Code   RO         4420    i.xTaskGetSchedulerState  tasks.o
    0x08005850   0x0000000c   Code   RO         4421    i.xTaskGetTickCount  tasks.o
    0x0800585c   0x00000010   Code   RO         4422    i.xTaskGetTickCountFromISR  tasks.o
    0x0800586c   0x000000c8   Code   RO         4423    i.xTaskIncrementTick  tasks.o
    0x08005934   0x00000080   Code   RO         4426    i.xTaskPriorityDisinherit  tasks.o
    0x080059b4   0x00000070   Code   RO         4428    i.xTaskRemoveFromEventList  tasks.o
    0x08005a24   0x000000c4   Code   RO         4429    i.xTaskResumeAll    tasks.o
    0x08005ae8   0x00000060   Code   RO         4754    i.xTimerCreateTimerTask  timers.o
    0x08005b48   0x00000068   Code   RO         4755    i.xTimerGenericCommand  timers.o
    0x08005bb0   0x00000010   Data   RO           10    .constdata          simsun_16.o
    0x08005bc0   0x00000010   Data   RO           11    .constdata          simsun_16.o
    0x08005bd0   0x00000010   Data   RO           12    .constdata          simsun_16.o
    0x08005be0   0x00000010   Data   RO           13    .constdata          simsun_16.o
    0x08005bf0   0x00000010   Data   RO           14    .constdata          simsun_16.o
    0x08005c00   0x00000010   Data   RO           15    .constdata          simsun_16.o
    0x08005c10   0x00000010   Data   RO           16    .constdata          simsun_16.o
    0x08005c20   0x00000010   Data   RO           17    .constdata          simsun_16.o
    0x08005c30   0x00000010   Data   RO           18    .constdata          simsun_16.o
    0x08005c40   0x00000010   Data   RO           19    .constdata          simsun_16.o
    0x08005c50   0x00000010   Data   RO           20    .constdata          simsun_16.o
    0x08005c60   0x00000010   Data   RO           21    .constdata          simsun_16.o
    0x08005c70   0x00000010   Data   RO           22    .constdata          simsun_16.o
    0x08005c80   0x00000010   Data   RO           23    .constdata          simsun_16.o
    0x08005c90   0x00000010   Data   RO           24    .constdata          simsun_16.o
    0x08005ca0   0x00000010   Data   RO           25    .constdata          simsun_16.o
    0x08005cb0   0x00000010   Data   RO           26    .constdata          simsun_16.o
    0x08005cc0   0x00000010   Data   RO           27    .constdata          simsun_16.o
    0x08005cd0   0x00000010   Data   RO           28    .constdata          simsun_16.o
    0x08005ce0   0x00000010   Data   RO           29    .constdata          simsun_16.o
    0x08005cf0   0x00000010   Data   RO           30    .constdata          simsun_16.o
    0x08005d00   0x00000010   Data   RO           31    .constdata          simsun_16.o
    0x08005d10   0x00000010   Data   RO           32    .constdata          simsun_16.o
    0x08005d20   0x00000010   Data   RO           33    .constdata          simsun_16.o
    0x08005d30   0x00000010   Data   RO           34    .constdata          simsun_16.o
    0x08005d40   0x00000010   Data   RO           35    .constdata          simsun_16.o
    0x08005d50   0x00000010   Data   RO           36    .constdata          simsun_16.o
    0x08005d60   0x00000010   Data   RO           37    .constdata          simsun_16.o
    0x08005d70   0x00000010   Data   RO           38    .constdata          simsun_16.o
    0x08005d80   0x00000010   Data   RO           39    .constdata          simsun_16.o
    0x08005d90   0x00000010   Data   RO           40    .constdata          simsun_16.o
    0x08005da0   0x00000010   Data   RO           41    .constdata          simsun_16.o
    0x08005db0   0x00000010   Data   RO           42    .constdata          simsun_16.o
    0x08005dc0   0x00000010   Data   RO           43    .constdata          simsun_16.o
    0x08005dd0   0x00000010   Data   RO           44    .constdata          simsun_16.o
    0x08005de0   0x00000010   Data   RO           45    .constdata          simsun_16.o
    0x08005df0   0x00000010   Data   RO           46    .constdata          simsun_16.o
    0x08005e00   0x00000010   Data   RO           47    .constdata          simsun_16.o
    0x08005e10   0x00000010   Data   RO           48    .constdata          simsun_16.o
    0x08005e20   0x00000010   Data   RO           49    .constdata          simsun_16.o
    0x08005e30   0x00000010   Data   RO           50    .constdata          simsun_16.o
    0x08005e40   0x00000010   Data   RO           51    .constdata          simsun_16.o
    0x08005e50   0x00000010   Data   RO           52    .constdata          simsun_16.o
    0x08005e60   0x00000010   Data   RO           53    .constdata          simsun_16.o
    0x08005e70   0x00000010   Data   RO           54    .constdata          simsun_16.o
    0x08005e80   0x00000010   Data   RO           55    .constdata          simsun_16.o
    0x08005e90   0x00000010   Data   RO           56    .constdata          simsun_16.o
    0x08005ea0   0x00000010   Data   RO           57    .constdata          simsun_16.o
    0x08005eb0   0x00000010   Data   RO           58    .constdata          simsun_16.o
    0x08005ec0   0x00000010   Data   RO           59    .constdata          simsun_16.o
    0x08005ed0   0x00000010   Data   RO           60    .constdata          simsun_16.o
    0x08005ee0   0x00000010   Data   RO           61    .constdata          simsun_16.o
    0x08005ef0   0x00000010   Data   RO           62    .constdata          simsun_16.o
    0x08005f00   0x00000010   Data   RO           63    .constdata          simsun_16.o
    0x08005f10   0x00000010   Data   RO           64    .constdata          simsun_16.o
    0x08005f20   0x00000010   Data   RO           65    .constdata          simsun_16.o
    0x08005f30   0x00000010   Data   RO           66    .constdata          simsun_16.o
    0x08005f40   0x00000010   Data   RO           67    .constdata          simsun_16.o
    0x08005f50   0x00000010   Data   RO           68    .constdata          simsun_16.o
    0x08005f60   0x00000010   Data   RO           69    .constdata          simsun_16.o
    0x08005f70   0x00000010   Data   RO           70    .constdata          simsun_16.o
    0x08005f80   0x00000010   Data   RO           71    .constdata          simsun_16.o
    0x08005f90   0x00000010   Data   RO           72    .constdata          simsun_16.o
    0x08005fa0   0x00000010   Data   RO           73    .constdata          simsun_16.o
    0x08005fb0   0x00000010   Data   RO           74    .constdata          simsun_16.o
    0x08005fc0   0x00000010   Data   RO           75    .constdata          simsun_16.o
    0x08005fd0   0x00000010   Data   RO           76    .constdata          simsun_16.o
    0x08005fe0   0x00000010   Data   RO           77    .constdata          simsun_16.o
    0x08005ff0   0x00000010   Data   RO           78    .constdata          simsun_16.o
    0x08006000   0x00000010   Data   RO           79    .constdata          simsun_16.o
    0x08006010   0x00000010   Data   RO           80    .constdata          simsun_16.o
    0x08006020   0x00000010   Data   RO           81    .constdata          simsun_16.o
    0x08006030   0x00000010   Data   RO           82    .constdata          simsun_16.o
    0x08006040   0x00000010   Data   RO           83    .constdata          simsun_16.o
    0x08006050   0x00000010   Data   RO           84    .constdata          simsun_16.o
    0x08006060   0x00000010   Data   RO           85    .constdata          simsun_16.o
    0x08006070   0x00000010   Data   RO           86    .constdata          simsun_16.o
    0x08006080   0x00000010   Data   RO           87    .constdata          simsun_16.o
    0x08006090   0x00000010   Data   RO           88    .constdata          simsun_16.o
    0x080060a0   0x00000010   Data   RO           89    .constdata          simsun_16.o
    0x080060b0   0x00000010   Data   RO           90    .constdata          simsun_16.o
    0x080060c0   0x00000010   Data   RO           91    .constdata          simsun_16.o
    0x080060d0   0x00000010   Data   RO           92    .constdata          simsun_16.o
    0x080060e0   0x00000010   Data   RO           93    .constdata          simsun_16.o
    0x080060f0   0x00000010   Data   RO           94    .constdata          simsun_16.o
    0x08006100   0x00000010   Data   RO           95    .constdata          simsun_16.o
    0x08006110   0x00000010   Data   RO           96    .constdata          simsun_16.o
    0x08006120   0x00000010   Data   RO           97    .constdata          simsun_16.o
    0x08006130   0x00000010   Data   RO           98    .constdata          simsun_16.o
    0x08006140   0x00000010   Data   RO           99    .constdata          simsun_16.o
    0x08006150   0x00000010   Data   RO          100    .constdata          simsun_16.o
    0x08006160   0x00000010   Data   RO          101    .constdata          simsun_16.o
    0x08006170   0x00000010   Data   RO          102    .constdata          simsun_16.o
    0x08006180   0x00000010   Data   RO          103    .constdata          simsun_16.o
    0x08006190   0x00000010   Data   RO          104    .constdata          simsun_16.o
    0x080061a0   0x00000010   Data   RO          105    .constdata          simsun_16.o
    0x080061b0   0x00000020   Data   RO          106    .constdata          simsun_16.o
    0x080061d0   0x00000020   Data   RO          107    .constdata          simsun_16.o
    0x080061f0   0x00000020   Data   RO          108    .constdata          simsun_16.o
    0x08006210   0x00000020   Data   RO          109    .constdata          simsun_16.o
    0x08006230   0x00000020   Data   RO          110    .constdata          simsun_16.o
    0x08006250   0x00000020   Data   RO          111    .constdata          simsun_16.o
    0x08006270   0x00000020   Data   RO          112    .constdata          simsun_16.o
    0x08006290   0x00000020   Data   RO          113    .constdata          simsun_16.o
    0x080062b0   0x00000020   Data   RO          114    .constdata          simsun_16.o
    0x080062d0   0x00000020   Data   RO          115    .constdata          simsun_16.o
    0x080062f0   0x00000020   Data   RO          116    .constdata          simsun_16.o
    0x08006310   0x00000020   Data   RO          117    .constdata          simsun_16.o
    0x08006330   0x00000020   Data   RO          118    .constdata          simsun_16.o
    0x08006350   0x00000020   Data   RO          119    .constdata          simsun_16.o
    0x08006370   0x00000020   Data   RO          120    .constdata          simsun_16.o
    0x08006390   0x00000020   Data   RO          121    .constdata          simsun_16.o
    0x080063b0   0x00000020   Data   RO          122    .constdata          simsun_16.o
    0x080063d0   0x00000020   Data   RO          123    .constdata          simsun_16.o
    0x080063f0   0x00000020   Data   RO          124    .constdata          simsun_16.o
    0x08006410   0x00000020   Data   RO          125    .constdata          simsun_16.o
    0x08006430   0x00000020   Data   RO          126    .constdata          simsun_16.o
    0x08006450   0x00000020   Data   RO          127    .constdata          simsun_16.o
    0x08006470   0x00000020   Data   RO          128    .constdata          simsun_16.o
    0x08006490   0x00000020   Data   RO          129    .constdata          simsun_16.o
    0x080064b0   0x00000020   Data   RO          130    .constdata          simsun_16.o
    0x080064d0   0x00000020   Data   RO          131    .constdata          simsun_16.o
    0x080064f0   0x00000020   Data   RO          132    .constdata          simsun_16.o
    0x08006510   0x00000020   Data   RO          133    .constdata          simsun_16.o
    0x08006530   0x00000020   Data   RO          134    .constdata          simsun_16.o
    0x08006550   0x00000020   Data   RO          135    .constdata          simsun_16.o
    0x08006570   0x00000020   Data   RO          136    .constdata          simsun_16.o
    0x08006590   0x00000020   Data   RO          137    .constdata          simsun_16.o
    0x080065b0   0x00000020   Data   RO          138    .constdata          simsun_16.o
    0x080065d0   0x00000020   Data   RO          139    .constdata          simsun_16.o
    0x080065f0   0x00000020   Data   RO          140    .constdata          simsun_16.o
    0x08006610   0x00000020   Data   RO          141    .constdata          simsun_16.o
    0x08006630   0x00000420   Data   RO          142    .constdata          simsun_16.o
    0x08006a50   0x0000000c   Data   RO          143    .constdata          simsun_16.o
    0x08006a5c   0x0000000c   Data   RO          144    .constdata          simsun_16.o
    0x08006a68   0x0000000c   Data   RO          145    .constdata          simsun_16.o
    0x08006a74   0x0000000c   Data   RO          146    .constdata          simsun_16.o
    0x08006a80   0x0000000c   Data   RO          147    .constdata          simsun_16.o
    0x08006a8c   0x0000000c   Data   RO          148    .constdata          simsun_16.o
    0x08006a98   0x0000000c   Data   RO          149    .constdata          simsun_16.o
    0x08006aa4   0x0000000c   Data   RO          150    .constdata          simsun_16.o
    0x08006ab0   0x0000000c   Data   RO          151    .constdata          simsun_16.o
    0x08006abc   0x0000000c   Data   RO          152    .constdata          simsun_16.o
    0x08006ac8   0x0000000c   Data   RO          153    .constdata          simsun_16.o
    0x08006ad4   0x0000000c   Data   RO          154    .constdata          simsun_16.o
    0x08006ae0   0x0000000c   Data   RO          155    .constdata          simsun_16.o
    0x08006aec   0x0000000c   Data   RO          156    .constdata          simsun_16.o
    0x08006af8   0x0000000c   Data   RO          157    .constdata          simsun_16.o
    0x08006b04   0x0000000c   Data   RO          158    .constdata          simsun_16.o
    0x08006b10   0x0000000c   Data   RO          159    .constdata          simsun_16.o
    0x08006b1c   0x0000000c   Data   RO          160    .constdata          simsun_16.o
    0x08006b28   0x0000000c   Data   RO          161    .constdata          simsun_16.o
    0x08006b34   0x0000000c   Data   RO          162    .constdata          simsun_16.o
    0x08006b40   0x0000000c   Data   RO          163    .constdata          simsun_16.o
    0x08006b4c   0x0000000c   Data   RO          164    .constdata          simsun_16.o
    0x08006b58   0x0000000c   Data   RO          165    .constdata          simsun_16.o
    0x08006b64   0x0000000c   Data   RO          166    .constdata          simsun_16.o
    0x08006b70   0x0000000c   Data   RO          167    .constdata          simsun_16.o
    0x08006b7c   0x0000000c   Data   RO          168    .constdata          simsun_16.o
    0x08006b88   0x0000000c   Data   RO          169    .constdata          simsun_16.o
    0x08006b94   0x0000000c   Data   RO          170    .constdata          simsun_16.o
    0x08006ba0   0x0000000c   Data   RO          171    .constdata          simsun_16.o
    0x08006bac   0x0000000c   Data   RO          172    .constdata          simsun_16.o
    0x08006bb8   0x0000000c   Data   RO          173    .constdata          simsun_16.o
    0x08006bc4   0x0000000c   Data   RO          174    .constdata          simsun_16.o
    0x08006bd0   0x0000000c   Data   RO          175    .constdata          simsun_16.o
    0x08006bdc   0x0000000c   Data   RO          176    .constdata          simsun_16.o
    0x08006be8   0x0000000c   Data   RO          177    .constdata          simsun_16.o
    0x08006bf4   0x0000000c   Data   RO          178    .constdata          simsun_16.o
    0x08006c00   0x0000000c   Data   RO          179    .constdata          simsun_16.o
    0x08006c0c   0x00000020   Data   RO          180    .constdata          simsun_16.o
    0x08006c2c   0x0000012c   Data   RO          465    .constdata          freertos.o
    0x08006d58   0x00000008   Data   RO         2325    .constdata          stm32f4xx_hal_dma.o
    0x08006d60   0x00000010   Data   RO         3766    .constdata          system_stm32f4xx.o
    0x08006d70   0x00000008   Data   RO         3767    .constdata          system_stm32f4xx.o
    0x08006d78   0x000002f8   Data   RO         5557    .constdata          f08_ascii.o
    0x08007070   0x000002f8   Data   RO         5558    .constdata          f08_ascii.o
    0x08007368   0x0000000c   Data   RO         5559    .constdata          f08_ascii.o
    0x08007374   0x00000020   Data   RO         5560    .constdata          f08_ascii.o
    0x08007394   0x00000081   Data   RO         7337    .constdata          mc_w.l(ctype_o.o)
    0x08007415   0x00000003   PAD
    0x08007418   0x00000004   Data   RO         7338    .constdata          mc_w.l(ctype_o.o)
    0x0800741c   0x0000005c   Data   RO          466    .conststring        freertos.o
    0x08007478   0x00000020   Data   RO         7368    Region$$Table       anon$$obj.o


    Execution Region RW_IRAM1 (Base: 0x20000000, Size: 0x000057b8, Max: 0x0001c000, ABSOLUTE)

    Base Addr    Size         Type   Attr      Idx    E Section Name        Object

    0x20000000   0x0000003c   Data   RW          467    .data               freertos.o
    0x2000003c   0x00000004   Data   RW          657    .data               usart.o
    0x20000040   0x0000000c   Data   RW         2770    .data               stm32f4xx_hal.o
    0x2000004c   0x00000004   Data   RW         3768    .data               system_stm32f4xx.o
    0x20000050   0x0000003c   Data   RW         4432    .data               tasks.o
    0x2000008c   0x00000014   Data   RW         4763    .data               timers.o
    0x200000a0   0x00000004   Data   RW         4988    .data               cmsis_os2.o
    0x200000a4   0x00000020   Data   RW         5434    .data               heap_4.o
    0x200000c4   0x0000000c   Data   RW         5490    .data               port.o
    0x200000d0   0x00000001   Data   RW         5663    .data               guislim.o
    0x200000d1   0x00000001   PAD
    0x200000d2   0x00000006   Data   RW         6119    .data               ssd1306.o
    0x200000d8   0x00000001   Data   RW         6302    .data               user_diskio.o
    0x200000d9   0x00000003   PAD
    0x200000dc   0x00000014   Data   RW         6303    .data               user_diskio.o
    0x200000f0   0x00000005   Data   RW         6356    .data               fatfs.o
    0x200000f5   0x00000003   PAD
    0x200000f8   0x00000004   Data   RW         7313    .data               mc_w.l(errno.o)
    0x200000fc   0x00000400   Zero   RW          464    .bss                freertos.o
    0x200004fc   0x00000020   Zero   RW          611    .bss                rtc.o
    0x2000051c   0x00000150   Zero   RW          656    .bss                usart.o
    0x2000066c   0x00000048   Zero   RW          842    .bss                stm32f4xx_hal_timebase_tim.o
    0x200006b4   0x00000040   Zero   RW         4007    .bss                queue.o
    0x200006f4   0x000004c4   Zero   RW         4431    .bss                tasks.o
    0x20000bb8   0x00000118   Zero   RW         4762    .bss                timers.o
    0x20000cd0   0x000006b8   Zero   RW         4987    .bss                cmsis_os2.o
    0x20001388   0x00003c00   Zero   RW         5433    .bss                heap_4.o
    0x20004f88   0x00000020   Zero   RW         5662    .bss                guislim.o
    0x20004fa8   0x00000400   Zero   RW         6118    .bss                ssd1306.o
    0x200053a8   0x0000000c   Zero   RW         6791    .bss                ff_gen_drv.o
    0x200053b4   0x00000004   PAD
    0x200053b8   0x00000400   Zero   RW            1    STACK               startup_stm32f407xx.o


    Execution Region RW_IRAM2 (Base: 0x2001c000, Size: 0x00000000, Max: 0x00004000, ABSOLUTE)

    **** No section assigned to this execution region ****


==============================================================================

Image component sizes


      Code (inc. data)   RO Data    RW Data    ZI Data      Debug   Object Name

       746         36          0          4       1720      69945   cmsis_os2.o
        60          4          0          0          0        786   dma.o
       692         70          0          0          0       6559   ds_18b20.o
         0          0          0          0          0      19468   event_groups.o
         0          0       1564          0          0       8702   f08_ascii.o
        28         10          0          5          0       1070   fatfs.o
        70          6          0          0         12       1639   ff_gen_drv.o
      1148        236        392         60       1024      10981   freertos.o
       600         26          0          0          0       2567   gpio.o
      1518        102          0          1         32      29786   guislim.o
       472         24          0         32      15360       4875   heap_4.o
       138          0          0          0          0       3562   list.o
       228         14          0          0          0     732644   main.o
       786         82          0         12          0      11529   port.o
      1734         20          0          0         64      19941   queue.o
       292         18          0          0         32       1755   rtc.o
         0          0       4220          0          0      22355   simsun_16.o
       882         26          0          6       1024       6430   ssd1306.o
       274         20          0          0          0       3412   ssd1306_i2c.o
        36          8        392          0       1024        836   startup_stm32f407xx.o
       116         18          0         12          0       8730   stm32f4xx_hal.o
       158         14          0          0          0      33042   stm32f4xx_hal_cortex.o
       934         16          8          0          0       5631   stm32f4xx_hal_dma.o
       516         46          0          0          0       2863   stm32f4xx_hal_gpio.o
        56          4          0          0          0        870   stm32f4xx_hal_msp.o
      1408         82          0          0          0       5917   stm32f4xx_hal_rcc.o
       316         20          0          0          0       1392   stm32f4xx_hal_rcc_ex.o
      1198         40          0          0          0       8707   stm32f4xx_hal_rtc.o
       312         14          0          0          0       3269   stm32f4xx_hal_rtc_ex.o
       748         74          0          0          0       7532   stm32f4xx_hal_tim.o
         4          0          0          0          0       1641   stm32f4xx_hal_tim_ex.o
       152         20          0          0         72       1487   stm32f4xx_hal_timebase_tim.o
      1692         16          0          0          0      11617   stm32f4xx_hal_uart.o
        96         42          0          0          0       6116   stm32f4xx_it.o
         0          0          0          0          0        392   stream_buffer.o
        16          4         24          4          0       1135   system_stm32f4xx.o
      2584        212          0         60       1220      30648   tasks.o
       972         80          0         20        280      32171   timers.o
       440         48          0          4        336       4457   usart.o
        44         12          0         21          0       3268   user_diskio.o

    ----------------------------------------------------------------------
     21510       1464       6632        248      22204    1129727   Object Totals
         0          0         32          0          0          0   (incl. Generated)
        44          0          0          7          4          0   (incl. Padding)

    ----------------------------------------------------------------------

      Code (inc. data)   RO Data    RW Data    ZI Data      Debug   Library Member Name

        28          0          0          0          0         68   _chval.o
       158          0          0          0          0         92   _strtoul.o
        26          0          0          0          0         80   atoi.o
         8          4        133          0          0         68   ctype_o.o
         0          0          0          0          0          0   entry.o
         0          0          0          0          0          0   entry10a.o
         0          0          0          0          0          0   entry11a.o
         8          4          0          0          0          0   entry2.o
         4          0          0          0          0          0   entry5.o
         0          0          0          0          0          0   entry7b.o
         0          0          0          0          0          0   entry8b.o
         8          4          0          0          0          0   entry9a.o
         8          4          0          4          0         68   errno.o
        30          0          0          0          0          0   handlers.o
        36          8          0          0          0         68   init.o
         0          0          0          0          0          0   iusefp.o
        30          0          0          0          0         68   llshl.o
        32          0          0          0          0         68   llushr.o
        36          0          0          0          0         68   memcpya.o
        36          0          0          0          0        108   memseta.o
       246         10          0          0          0        176   printf2.o
        14          0          0          0          0         68   strlen.o
        36          0          0          0          0         80   strstr.o
       112          0          0          0          0         88   strtol.o
        98          0          0          0          0         92   uldiv.o
        56          0          0          0          0         88   d2f.o
       186          0          0          0          0        176   depilogue.o
        34          0          0          0          0         76   dflti.o
       228          0          0          0          0         96   dmul.o
       110          0          0          0          0        168   fepilogue.o

    ----------------------------------------------------------------------
      1570         34        136          4          0       1864   Library Totals
         2          0          3          0          0          0   (incl. Padding)

    ----------------------------------------------------------------------

      Code (inc. data)   RO Data    RW Data    ZI Data      Debug   Library Name

       954         34        133          4          0       1260   mc_w.l
       614          0          0          0          0        604   mf_w.l

    ----------------------------------------------------------------------
      1570         34        136          4          0       1864   Library Totals

    ----------------------------------------------------------------------

==============================================================================


      Code (inc. data)   RO Data    RW Data    ZI Data      Debug   

     23080       1498       6768        252      22204    1107111   Grand Totals
     23080       1498       6768        252      22204    1107111   ELF Image Totals
     23080       1498       6768        252          0          0   ROM Totals

==============================================================================

    Total RO  Size (Code + RO Data)                29848 (  29.15kB)
    Total RW  Size (RW Data + ZI Data)             22456 (  21.93kB)
    Total ROM Size (Code + RO Data + RW Data)      30100 (  29.39kB)

==============================================================================

