<html>
<body>
<pre>
<h1>礦ision Build Log</h1>
<h2>Tool Versions:</h2>
IDE-Version: μVision V5.38.0.0
Copyright (C) 2022 ARM Ltd and ARM Germany GmbH. All rights reserved.
License Information: Yunzhi Shi, HDU, LIC=ESNY3-UW2WW-KG37N-BNYP3-8KHDN-E6BA1
 
Tool Versions:
Toolchain:       MDK-ARM Community  Version: 5.38.0.0
Toolchain Path:  C:\Keil_v5\ARM\ARMCLANG\Bin
C Compiler:      ArmClang.exe V6.19
Assembler:       Armasm.exe V6.19
Linker/Locator:  ArmLink.exe V6.19
Library Manager: ArmAr.exe V6.19
Hex Converter:   FromElf.exe V6.19
CPU DLL:         SARMCM3.DLL V5.38.0.0
Dialog DLL:      DCM.DLL V1.17.5.0
Target DLL:      STLink\ST-LINKIII-KEIL_SWO.dll V3.1.0.0
Dialog DLL:      TCM.DLL V1.56.4.0
 
<h2>Project:</h2>
C:\Users\86139\Desktop\2025ShortTerm2\MultiFunctionRecorder\MDK-ARM\MultiFunctionRecorder.uvprojx
Project File Date:  06/29/2025

<h2>Output:</h2>
*** Using Compiler 'V6.19', folder: 'C:\Keil_v5\ARM\ARMCLANG\Bin'
Build target 'MultiFunctionRecorder'
../Core/Src/freertos.c(265): warning: illegal character encoding in string literal [-Winvalid-source-encoding]
        GUI_DispStringHCenterAt("选<CC><E2><C3><FB><B3><C6>", 64, 0);     // <C6><C1>幕<D5><FD><C9>戏<BD><BE><D3><D6><D0><CF><D4>示<B1><EA><CC><E2>
                                  ^~~~~~~~~~~~~~~~~~~~~~~~
../Core/Src/freertos.c(282): warning: illegal character encoding in string literal [-Winvalid-source-encoding]
        GUI_DispStringHCenterAt("施<D4><CF>芝", 64, 0);       // <C6><C1>幕<BE><D3><D6><D0><CF><D4>示<D0><D5><C3><FB>
                                  ^~~~~~~~
../Core/Src/freertos.c(284): warning: illegal character encoding in string literal [-Winvalid-source-encoding]
        GUI_DispStringHCenterAt("<CD><F5><D0><C0><E2><F9>", 64, 32);      
                                 ^~~~~~~~~~~~~~~~~~~~~~~~
3 warnings generated.
compiling freertos.c...
compiling stm32f4xx_hal_msp.c...
compiling stm32f4xx_it.c...
compiling ssd1306_i2c.c...
compiling main.c...
../Core/Src/gpio.c(121): warning: non-void function does not return a value in all control paths [-Wreturn-type]
}
^
1 warning generated.
compiling gpio.c...
compiling ssd1306.c...
compiling fatfs.c...
compiling diskio.c...
compiling user_diskio.c...
compiling GUISlim.c...
compiling syscall.c...
compiling ff_gen_drv.c...
compiling ff.c...
linking...
Program Size: Code=18278 RO-data=5838 RW-data=40 ZI-data=20984  
FromELF: creating hex file...
"MultiFunctionRecorder\MultiFunctionRecorder.axf" - 0 Error(s), 4 Warning(s).

<h2>Software Packages used:</h2>

Package Vendor: ARM
                http://www.keil.com/pack/ARM.CMSIS.5.9.0.pack
                ARM.CMSIS.5.9.0
                CMSIS (Common Microcontroller Software Interface Standard)
   * Component: CORE Version: 5.6.0

Package Vendor: Keil
                https://www.keil.com/pack/Keil.STM32F4xx_DFP.2.17.1.pack
                Keil.STM32F4xx_DFP.2.17.1
                STMicroelectronics STM32F4 Series Device Support, Drivers and Examples

<h2>Collection of Component include folders:</h2>
  ./RTE/_MultiFunctionRecorder
  C:/Users/86139/AppData/Local/Arm/Packs/ARM/CMSIS/5.9.0/CMSIS/Core/Include
  C:/Users/86139/AppData/Local/Arm/Packs/Keil/STM32F4xx_DFP/2.17.1/Drivers/CMSIS/Device/ST/STM32F4xx/Include

<h2>Collection of Component Files used:</h2>

   * Component: ARM::CMSIS:CORE:5.6.0
      Include file:  CMSIS/Core/Include/tz_context.h
Build Time Elapsed:  00:00:09
</pre>
</body>
</html>
